Running Test Case: 4

[TEST 4] Rate Monotonic
[ 0 ] PTL_MGR released TaskA 
[ 0 ] PTL_MGR released TaskB 
[TRACE] 0:TaskA:START
[TRACE] 2:TaskA:END
[TRACE] 2:TaskB:START
[TRACE] 4:TaskB:END
[ 10 ] PTL_MGR released TaskA 
[TRACE] 10:TaskA:START
[TRACE] 12:TaskA:END
[ 15 ] PTL_MGR released TaskB 
[TRACE] 15:TaskB:START
[TRACE] 17:TaskB:END
[ 20 ] PTL_MGR released TaskA 
[TRACE] 20:TaskA:START
[TRACE] 22:TaskA:END
[ 30 ] PTL_MGR released TaskA 
[ 30 ] PTL_MGR released TaskB 
[TRACE] 30:TaskA:START
[TRACE] 32:TaskA:END
[TRACE] 32:TaskB:START
[TRACE] 34:TaskB:END
[ 40 ] PTL_MGR released TaskA 
[TRACE] 40:TaskA:START
[TRACE] 42:TaskA:END
[ 45 ] PTL_MGR released TaskB 
[TRACE] 45:TaskB:START
[TRACE] 47:TaskB:END
[ 50 ] PTL_MGR released TaskA 
[TRACE] 50:TaskA:START
[TRACE] 52:TaskA:END
[ 60 ] PTL_MGR released TaskA 
[ 60 ] PTL_MGR released TaskB 
[TRACE] 60:TaskA:START
[TRACE] 62:TaskA:END
[TRACE] 62:TaskB:START
[TRACE] 64:TaskB:END
[ 70 ] PTL_MGR released TaskA 
[TRACE] 70:TaskA:START
[TRACE] 72:TaskA:END
[ 75 ] PTL_MGR released TaskB 
[TRACE] 75:TaskB:START
[TRACE] 77:TaskB:END
[ 80 ] PTL_MGR released TaskA 
[TRACE] 80:TaskA:START
[TRACE] 82:TaskA:END
[ 90 ] PTL_MGR released TaskA 
[ 90 ] PTL_MGR released TaskB 
[TRACE] 90:TaskA:START
[TRACE] 92:TaskA:END
[TRACE] 92:TaskB:START
[TRACE] 94:TaskB:END
[ 100 ] PTL_MGR released TaskA 
[TRACE] 100:TaskA:START
[TRACE] 102:TaskA:END
[ 105 ] PTL_MGR released TaskB 
[TRACE] 105:TaskB:START
[TRACE] 107:TaskB:END
[ 110 ] PTL_MGR released TaskA 
[TRACE] 110:TaskA:START
[TRACE] 112:TaskA:END
[ 120 ] PTL_MGR released TaskA 
[ 120 ] PTL_MGR released TaskB 
[TRACE] 120:TaskA:START
[TRACE] 122:TaskA:END
[TRACE] 122:TaskB:START
[TRACE] 124:TaskB:END
[ 130 ] PTL_MGR released TaskA 
[TRACE] 130:TaskA:START
[TRACE] 132:TaskA:END
[ 135 ] PTL_MGR released TaskB 
[TRACE] 135:TaskB:START
[TRACE] 137:TaskB:END
[ 140 ] PTL_MGR released TaskA 
[TRACE] 140:TaskA:START
[TRACE] 142:TaskA:END
[ 150 ] PTL_MGR released TaskA 
[ 150 ] PTL_MGR released TaskB 
[TRACE] 150:TaskA:START
[TRACE] 152:TaskA:END
[TRACE] 152:TaskB:START
[TRACE] 154:TaskB:END
[ 160 ] PTL_MGR released TaskA 
[TRACE] 160:TaskA:START
[TRACE] 162:TaskA:END
[ 165 ] PTL_MGR released TaskB 
[TRACE] 165:TaskB:START
[TRACE] 167:TaskB:END
[ 170 ] PTL_MGR released TaskA 
[TRACE] 170:TaskA:START
[TRACE] 172:TaskA:END
[ 180 ] PTL_MGR released TaskA 
[ 180 ] PTL_MGR released TaskB 
[TRACE] 180:TaskA:START
[TRACE] 182:TaskA:END
[TRACE] 182:TaskB:START
[TRACE] 184:TaskB:END
[ 190 ] PTL_MGR released TaskA 
[TRACE] 190:TaskA:START
[TRACE] 192:TaskA:END
[ 195 ] PTL_MGR released TaskB 
[TRACE] 195:TaskB:START
[TRACE] 197:TaskB:END
[ 200 ] PTL_MGR released TaskA 
[TRACE] 200:TaskA:START
[TRACE] 202:TaskA:END
[ 210 ] PTL_MGR released TaskA 
[ 210 ] PTL_MGR released TaskB 
[TRACE] 210:TaskA:START
[TRACE] 212:TaskA:END
[TRACE] 212:TaskB:START
[TRACE] 214:TaskB:END
[ 220 ] PTL_MGR released TaskA 
[TRACE] 220:TaskA:START
[TRACE] 222:TaskA:END
[ 225 ] PTL_MGR released TaskB 
[TRACE] 225:TaskB:START
[TRACE] 227:TaskB:END
[ 230 ] PTL_MGR released TaskA 
[TRACE] 230:TaskA:START
[TRACE] 232:TaskA:END
[ 240 ] PTL_MGR released TaskA 
[ 240 ] PTL_MGR released TaskB 
[TRACE] 240:TaskA:START
[TRACE] 242:TaskA:END
[TRACE] 242:TaskB:START
[TRACE] 244:TaskB:END
[ 250 ] PTL_MGR released TaskA 
[TRACE] 250:TaskA:START
[TRACE] 252:TaskA:END
[ 255 ] PTL_MGR released TaskB 
[TRACE] 255:TaskB:START
[TRACE] 257:TaskB:END
[ 260 ] PTL_MGR released TaskA 
[TRACE] 260:TaskA:START
[TRACE] 262:TaskA:END
[ 270 ] PTL_MGR released TaskA 
[ 270 ] PTL_MGR released TaskB 
[TRACE] 270:TaskA:START
[TRACE] 272:TaskA:END
[TRACE] 272:TaskB:START
[TRACE] 274:TaskB:END
[ 280 ] PTL_MGR released TaskA 
[TRACE] 280:TaskA:START
[TRACE] 282:TaskA:END
[ 285 ] PTL_MGR released TaskB 
[TRACE] 285:TaskB:START
[TRACE] 287:TaskB:END
[ 290 ] PTL_MGR released TaskA 
[TRACE] 290:TaskA:START
[TRACE] 292:TaskA:END
[ 300 ] PTL_MGR released TaskA 
[ 300 ] PTL_MGR released TaskB 
[TRACE] 300:TaskA:START
[TRACE] 302:TaskA:END
[TRACE] 302:TaskB:START
[TRACE] 304:TaskB:END
[ 310 ] PTL_MGR released TaskA 
[TRACE] 310:TaskA:START
[TRACE] 312:TaskA:END
[ 315 ] PTL_MGR released TaskB 
[TRACE] 315:TaskB:START
[TRACE] 317:TaskB:END
[ 320 ] PTL_MGR released TaskA 
[TRACE] 320:TaskA:START
[TRACE] 322:TaskA:END
[ 330 ] PTL_MGR released TaskA 
[ 330 ] PTL_MGR released TaskB 
[TRACE] 330:TaskA:START
[TRACE] 332:TaskA:END
[TRACE] 332:TaskB:START
[TRACE] 334:TaskB:END
[ 340 ] PTL_MGR released TaskA 
[TRACE] 340:TaskA:START
[TRACE] 342:TaskA:END
[ 345 ] PTL_MGR released TaskB 
[TRACE] 345:TaskB:START
[TRACE] 347:TaskB:END
[ 350 ] PTL_MGR released TaskA 
[TRACE] 350:TaskA:START
[TRACE] 352:TaskA:END
[ 360 ] PTL_MGR released TaskA 
[ 360 ] PTL_MGR released TaskB 
[TRACE] 360:TaskA:START
[TRACE] 362:TaskA:END
[TRACE] 362:TaskB:START
[TRACE] 364:TaskB:END
[ 370 ] PTL_MGR released TaskA 
[TRACE] 370:TaskA:START
[TRACE] 372:TaskA:END
[ 375 ] PTL_MGR released TaskB 
[TRACE] 375:TaskB:START
[TRACE] 377:TaskB:END
[ 380 ] PTL_MGR released TaskA 
[TRACE] 380:TaskA:START
[TRACE] 382:TaskA:END
[ 390 ] PTL_MGR released TaskA 
[ 390 ] PTL_MGR released TaskB 
[TRACE] 390:TaskA:START
[TRACE] 392:TaskA:END
[TRACE] 392:TaskB:START
[TRACE] 394:TaskB:END
[ 400 ] PTL_MGR released TaskA 
[TRACE] 400:TaskA:START
[TRACE] 402:TaskA:END
[ 405 ] PTL_MGR released TaskB 
[TRACE] 405:TaskB:START
[TRACE] 407:TaskB:END
[ 410 ] PTL_MGR released TaskA 
[TRACE] 410:TaskA:START
[TRACE] 412:TaskA:END
[ 420 ] PTL_MGR released TaskA 
[ 420 ] PTL_MGR released TaskB 
[TRACE] 420:TaskA:START
[TRACE] 422:TaskA:END
[TRACE] 422:TaskB:START
[TRACE] 424:TaskB:END
[ 430 ] PTL_MGR released TaskA 
[TRACE] 430:TaskA:START
[TRACE] 432:TaskA:END
[ 435 ] PTL_MGR released TaskB 
[TRACE] 435:TaskB:START
[TRACE] 437:TaskB:END
[ 440 ] PTL_MGR released TaskA 
[TRACE] 440:TaskA:START
[TRACE] 442:TaskA:END
[ 450 ] PTL_MGR released TaskA 
[ 450 ] PTL_MGR released TaskB 
[TRACE] 450:TaskA:START
[TRACE] 452:TaskA:END
[TRACE] 452:TaskB:START
[TRACE] 454:TaskB:END
[ 460 ] PTL_MGR released TaskA 
[TRACE] 460:TaskA:START
[TRACE] 462:TaskA:END
[ 465 ] PTL_MGR released TaskB 
[TRACE] 465:TaskB:START
[TRACE] 467:TaskB:END
[ 470 ] PTL_MGR released TaskA 
[TRACE] 470:TaskA:START
[TRACE] 472:TaskA:END
[ 480 ] PTL_MGR released TaskA 
[ 480 ] PTL_MGR released TaskB 
[TRACE] 480:TaskA:START
[TRACE] 482:TaskA:END
[TRACE] 482:TaskB:START
[TRACE] 484:TaskB:END
[ 490 ] PTL_MGR released TaskA 
[TRACE] 490:TaskA:START
[TRACE] 492:TaskA:END
[ 495 ] PTL_MGR released TaskB 
[TRACE] 495:TaskB:START
[TRACE] 497:TaskB:END
[ 500 ] PTL_MGR released TaskA 
[TRACE] 500:TaskA:START
[TRACE] 502:TaskA:END
[ 510 ] PTL_MGR released TaskA 
[ 510 ] PTL_MGR released TaskB 
[TRACE] 510:TaskA:START
[TRACE] 512:TaskA:END
[TRACE] 512:TaskB:START
[TRACE] 514:TaskB:END
[ 520 ] PTL_MGR released TaskA 
[TRACE] 520:TaskA:START
[TRACE] 522:TaskA:END
[ 525 ] PTL_MGR released TaskB 
[TRACE] 525:TaskB:START
[TRACE] 527:TaskB:END
[ 530 ] PTL_MGR released TaskA 
[TRACE] 530:TaskA:START
[TRACE] 532:TaskA:END
[ 540 ] PTL_MGR released TaskA 
[ 540 ] PTL_MGR released TaskB 
[TRACE] 540:TaskA:START
[TRACE] 542:TaskA:END
[TRACE] 542:TaskB:START
[TRACE] 544:TaskB:END
[ 550 ] PTL_MGR released TaskA 
[TRACE] 550:TaskA:START
[TRACE] 552:TaskA:END
[ 555 ] PTL_MGR released TaskB 
[TRACE] 555:TaskB:START
[TRACE] 557:TaskB:END
[ 560 ] PTL_MGR released TaskA 
[TRACE] 560:TaskA:START
[TRACE] 562:TaskA:END
[ 570 ] PTL_MGR released TaskA 
[ 570 ] PTL_MGR released TaskB 
[TRACE] 570:TaskA:START
[TRACE] 572:TaskA:END
[TRACE] 572:TaskB:START
[TRACE] 574:TaskB:END
[ 580 ] PTL_MGR released TaskA 
[TRACE] 580:TaskA:START
[TRACE] 582:TaskA:END
[ 585 ] PTL_MGR released TaskB 
[TRACE] 585:TaskB:START
[TRACE] 587:TaskB:END
[ 590 ] PTL_MGR released TaskA 
[TRACE] 590:TaskA:START
[TRACE] 592:TaskA:END
[ 600 ] PTL_MGR released TaskA 
[ 600 ] PTL_MGR released TaskB 
[TRACE] 600:TaskA:START
[TRACE] 602:TaskA:END
[TRACE] 602:TaskB:START
[TRACE] 604:TaskB:END
[ 610 ] PTL_MGR released TaskA 
[TRACE] 610:TaskA:START
[TRACE] 612:TaskA:END
[ 615 ] PTL_MGR released TaskB 
[TRACE] 615:TaskB:START
[TRACE] 617:TaskB:END
[ 620 ] PTL_MGR released TaskA 
[TRACE] 620:TaskA:START
[TRACE] 622:TaskA:END
[ 630 ] PTL_MGR released TaskA 
[ 630 ] PTL_MGR released TaskB 
[TRACE] 630:TaskA:START
[TRACE] 632:TaskA:END
[TRACE] 632:TaskB:START
[TRACE] 634:TaskB:END
[ 640 ] PTL_MGR released TaskA 
[TRACE] 640:TaskA:START
[TRACE] 642:TaskA:END
[ 645 ] PTL_MGR released TaskB 
[TRACE] 645:TaskB:START
[TRACE] 647:TaskB:END
[ 650 ] PTL_MGR released TaskA 
[TRACE] 650:TaskA:START
[TRACE] 652:TaskA:END
[ 660 ] PTL_MGR released TaskA 
[ 660 ] PTL_MGR released TaskB 
[TRACE] 660:TaskA:START
[TRACE] 662:TaskA:END
[TRACE] 662:TaskB:START
[TRACE] 664:TaskB:END
[ 670 ] PTL_MGR released TaskA 
[TRACE] 670:TaskA:START
[TRACE] 672:TaskA:END
[ 675 ] PTL_MGR released TaskB 
[TRACE] 675:TaskB:START
[TRACE] 677:TaskB:END
[ 680 ] PTL_MGR released TaskA 
[TRACE] 680:TaskA:START
[TRACE] 682:TaskA:END
[ 690 ] PTL_MGR released TaskA 
[ 690 ] PTL_MGR released TaskB 
[TRACE] 690:TaskA:START
[TRACE] 692:TaskA:END
[TRACE] 692:TaskB:START
[TRACE] 694:TaskB:END
[ 700 ] PTL_MGR released TaskA 
[TRACE] 700:TaskA:START
[TRACE] 702:TaskA:END
[ 705 ] PTL_MGR released TaskB 
[TRACE] 705:TaskB:START
[TRACE] 707:TaskB:END
[ 710 ] PTL_MGR released TaskA 
[TRACE] 710:TaskA:START
[TRACE] 712:TaskA:END
[ 720 ] PTL_MGR released TaskA 
[ 720 ] PTL_MGR released TaskB 
[TRACE] 720:TaskA:START
[TRACE] 722:TaskA:END
[TRACE] 722:TaskB:START
[TRACE] 724:TaskB:END
[ 730 ] PTL_MGR released TaskA 
[TRACE] 730:TaskA:START
[TRACE] 732:TaskA:END
[ 735 ] PTL_MGR released TaskB 
[TRACE] 735:TaskB:START
[TRACE] 737:TaskB:END
[ 740 ] PTL_MGR released TaskA 
[TRACE] 740:TaskA:START
[TRACE] 742:TaskA:END
[ 750 ] PTL_MGR released TaskA 
[ 750 ] PTL_MGR released TaskB 
[TRACE] 750:TaskA:START
[TRACE] 752:TaskA:END
[TRACE] 752:TaskB:START
[TRACE] 754:TaskB:END
[ 760 ] PTL_MGR released TaskA 
[TRACE] 760:TaskA:START
[TRACE] 762:TaskA:END
[ 765 ] PTL_MGR released TaskB 
[TRACE] 765:TaskB:START
[TRACE] 767:TaskB:END
[ 770 ] PTL_MGR released TaskA 
[TRACE] 770:TaskA:START
[TRACE] 772:TaskA:END
[ 780 ] PTL_MGR released TaskA 
[ 780 ] PTL_MGR released TaskB 
[TRACE] 780:TaskA:START
[TRACE] 782:TaskA:END
[TRACE] 782:TaskB:START
[TRACE] 784:TaskB:END
[ 790 ] PTL_MGR released TaskA 
[TRACE] 790:TaskA:START
[TRACE] 792:TaskA:END
[ 795 ] PTL_MGR released TaskB 
[TRACE] 795:TaskB:START
[TRACE] 797:TaskB:END
[ 800 ] PTL_MGR released TaskA 
[TRACE] 800:TaskA:START
[TRACE] 802:TaskA:END
[ 810 ] PTL_MGR released TaskA 
[ 810 ] PTL_MGR released TaskB 
[TRACE] 810:TaskA:START
[TRACE] 812:TaskA:END
[TRACE] 812:TaskB:START
[TRACE] 814:TaskB:END
[ 820 ] PTL_MGR released TaskA 
[TRACE] 820:TaskA:START
[TRACE] 822:TaskA:END
[ 825 ] PTL_MGR released TaskB 
[TRACE] 825:TaskB:START
[TRACE] 827:TaskB:END
[ 830 ] PTL_MGR released TaskA 
[TRACE] 830:TaskA:START
[TRACE] 832:TaskA:END
[ 840 ] PTL_MGR released TaskA 
[ 840 ] PTL_MGR released TaskB 
[TRACE] 840:TaskA:START
[TRACE] 842:TaskA:END
[TRACE] 842:TaskB:START
[TRACE] 844:TaskB:END
[ 850 ] PTL_MGR released TaskA 
[TRACE] 850:TaskA:START
[TRACE] 852:TaskA:END
[ 855 ] PTL_MGR released TaskB 
[TRACE] 855:TaskB:START
[TRACE] 857:TaskB:END
[ 860 ] PTL_MGR released TaskA 
[TRACE] 860:TaskA:START
[TRACE] 862:TaskA:END
[ 870 ] PTL_MGR released TaskA 
[ 870 ] PTL_MGR released TaskB 
[TRACE] 870:TaskA:START
[TRACE] 872:TaskA:END
[TRACE] 872:TaskB:START
[TRACE] 874:TaskB:END
[ 880 ] PTL_MGR released TaskA 
[TRACE] 880:TaskA:START
[TRACE] 882:TaskA:END
[ 885 ] PTL_MGR released TaskB 
[TRACE] 885:TaskB:START
[TRACE] 887:TaskB:END
[ 890 ] PTL_MGR released TaskA 
[TRACE] 890:TaskA:START
[TRACE] 892:TaskA:END
[ 900 ] PTL_MGR released TaskA 
[ 900 ] PTL_MGR released TaskB 
[TRACE] 900:TaskA:START
[TRACE] 902:TaskA:END
[TRACE] 902:TaskB:START
[TRACE] 904:TaskB:END
[ 910 ] PTL_MGR released TaskA 
[TRACE] 910:TaskA:START
[TRACE] 912:TaskA:END
[ 915 ] PTL_MGR released TaskB 
[TRACE] 915:TaskB:START
[TRACE] 917:TaskB:END
[ 920 ] PTL_MGR released TaskA 
[TRACE] 920:TaskA:START
[TRACE] 922:TaskA:END
[ 930 ] PTL_MGR released TaskA 
[ 930 ] PTL_MGR released TaskB 
[TRACE] 930:TaskA:START
[TRACE] 932:TaskA:END
[TRACE] 932:TaskB:START
[TRACE] 934:TaskB:END
[ 940 ] PTL_MGR released TaskA 
[TRACE] 940:TaskA:START
[TRACE] 942:TaskA:END
[ 945 ] PTL_MGR released TaskB 
[TRACE] 945:TaskB:START
[TRACE] 947:TaskB:END
[ 950 ] PTL_MGR released TaskA 
[TRACE] 950:TaskA:START
[TRACE] 952:TaskA:END
[ 960 ] PTL_MGR released TaskA 
[ 960 ] PTL_MGR released TaskB 
[TRACE] 960:TaskA:START
[TRACE] 962:TaskA:END
[TRACE] 962:TaskB:START
[TRACE] 964:TaskB:END
[ 970 ] PTL_MGR released TaskA 
[TRACE] 970:TaskA:START
[TRACE] 972:TaskA:END
[ 975 ] PTL_MGR released TaskB 
[TRACE] 975:TaskB:START
[TRACE] 977:TaskB:END
[ 980 ] PTL_MGR released TaskA 
[TRACE] 980:TaskA:START
[TRACE] 982:TaskA:END
[ 990 ] PTL_MGR released TaskA 
[ 990 ] PTL_MGR released TaskB 
[TRACE] 990:TaskA:START
[TRACE] 992:TaskA:END
[TRACE] 992:TaskB:START
[TRACE] 994:TaskB:END
[ 1000 ] PTL_MGR released TaskA 
[TRACE] 1000:TaskA:START
[TRACE] 1002:TaskA:END
[ 1005 ] PTL_MGR released TaskB 
[TRACE] 1005:TaskB:START
[TRACE] 1007:TaskB:END
[ 1010 ] PTL_MGR released TaskA 
[TRACE] 1010:TaskA:START
[TRACE] 1012:TaskA:END
[ 1020 ] PTL_MGR released TaskA 
[ 1020 ] PTL_MGR released TaskB 
[TRACE] 1020:TaskA:START
[TRACE] 1022:TaskA:END
[TRACE] 1022:TaskB:START
[TRACE] 1024:TaskB:END
[ 1030 ] PTL_MGR released TaskA 
[TRACE] 1030:TaskA:START
[TRACE] 1032:TaskA:END
[ 1035 ] PTL_MGR released TaskB 
[TRACE] 1035:TaskB:START
[TRACE] 1037:TaskB:END
[ 1040 ] PTL_MGR released TaskA 
[TRACE] 1040:TaskA:START
[TRACE] 1042:TaskA:END
[ 1050 ] PTL_MGR released TaskA 
[ 1050 ] PTL_MGR released TaskB 
[TRACE] 1050:TaskA:START
[TRACE] 1052:TaskA:END
[TRACE] 1052:TaskB:START
[TRACE] 1054:TaskB:END
[ 1060 ] PTL_MGR released TaskA 
[TRACE] 1060:TaskA:START
[TRACE] 1062:TaskA:END
[ 1065 ] PTL_MGR released TaskB 
[TRACE] 1065:TaskB:START
[TRACE] 1067:TaskB:END
[ 1070 ] PTL_MGR released TaskA 
[TRACE] 1070:TaskA:START
[TRACE] 1072:TaskA:END
[ 1080 ] PTL_MGR released TaskA 
[ 1080 ] PTL_MGR released TaskB 
[TRACE] 1080:TaskA:START
[TRACE] 1082:TaskA:END
[TRACE] 1082:TaskB:START
[TRACE] 1084:TaskB:END
[ 1090 ] PTL_MGR released TaskA 
[TRACE] 1090:TaskA:START
[TRACE] 1092:TaskA:END
[ 1095 ] PTL_MGR released TaskB 
[TRACE] 1095:TaskB:START
[TRACE] 1097:TaskB:END
[ 1100 ] PTL_MGR released TaskA 
[TRACE] 1100:TaskA:START
[TRACE] 1102:TaskA:END
[ 1110 ] PTL_MGR released TaskA 
[ 1110 ] PTL_MGR released TaskB 
[TRACE] 1110:TaskA:START
[TRACE] 1112:TaskA:END
[TRACE] 1112:TaskB:START
[TRACE] 1114:TaskB:END
[ 1120 ] PTL_MGR released TaskA 
[TRACE] 1120:TaskA:START
[TRACE] 1122:TaskA:END
[ 1125 ] PTL_MGR released TaskB 
[TRACE] 1125:TaskB:START
[TRACE] 1127:TaskB:END
[ 1130 ] PTL_MGR released TaskA 
[TRACE] 1130:TaskA:START
[TRACE] 1132:TaskA:END
[ 1140 ] PTL_MGR released TaskA 
[ 1140 ] PTL_MGR released TaskB 
[TRACE] 1140:TaskA:START
[TRACE] 1142:TaskA:END
[TRACE] 1142:TaskB:START
[TRACE] 1144:TaskB:END
[ 1150 ] PTL_MGR released TaskA 
[TRACE] 1150:TaskA:START
[TRACE] 1152:TaskA:END
[ 1155 ] PTL_MGR released TaskB 
[TRACE] 1155:TaskB:START
[TRACE] 1157:TaskB:END
[ 1160 ] PTL_MGR released TaskA 
[TRACE] 1160:TaskA:START
[TRACE] 1162:TaskA:END
[ 1170 ] PTL_MGR released TaskA 
[ 1170 ] PTL_MGR released TaskB 
[TRACE] 1170:TaskA:START
[TRACE] 1172:TaskA:END
[TRACE] 1172:TaskB:START
[TRACE] 1174:TaskB:END
[ 1180 ] PTL_MGR released TaskA 
[TRACE] 1180:TaskA:START
[TRACE] 1182:TaskA:END
[ 1185 ] PTL_MGR released TaskB 
[TRACE] 1185:TaskB:START
[TRACE] 1187:TaskB:END
[ 1190 ] PTL_MGR released TaskA 
[TRACE] 1192:TaskA:START
[TRACE] 1194:TaskA:END
[ 1200 ] PTL_MGR released TaskA 
[ 1200 ] PTL_MGR released TaskB 
[TRACE] 1200:TaskA:START
[TRACE] 1202:TaskA:END
[TRACE] 1202:TaskB:START
[TRACE] 1204:TaskB:END
[ 1210 ] PTL_MGR released TaskA 
[TRACE] 1210:TaskA:START
[TRACE] 1212:TaskA:END
[ 1215 ] PTL_MGR released TaskB 
[TRACE] 1215:TaskB:START
[TRACE] 1217:TaskB:END
[ 1220 ] PTL_MGR released TaskA 
[TRACE] 1220:TaskA:START
[TRACE] 1222:TaskA:END
[ 1230 ] PTL_MGR released TaskA 
[ 1230 ] PTL_MGR released TaskB 
[TRACE] 1230:TaskA:START
[TRACE] 1232:TaskA:END
[TRACE] 1232:TaskB:START
[TRACE] 1234:TaskB:END
[ 1240 ] PTL_MGR released TaskA 
[TRACE] 1240:TaskA:START
[TRACE] 1242:TaskA:END
[ 1245 ] PTL_MGR released TaskB 
[TRACE] 1245:TaskB:START
[TRACE] 1247:TaskB:END
[ 1250 ] PTL_MGR released TaskA 
[TRACE] 1250:TaskA:START
[TRACE] 1252:TaskA:END
[ 1260 ] PTL_MGR released TaskA 
[ 1260 ] PTL_MGR released TaskB 
[TRACE] 1260:TaskA:START
[TRACE] 1262:TaskA:END
[TRACE] 1262:TaskB:START
[TRACE] 1264:TaskB:END
[ 1270 ] PTL_MGR released TaskA 
[TRACE] 1270:TaskA:START
[TRACE] 1272:TaskA:END
[ 1275 ] PTL_MGR released TaskB 
[TRACE] 1275:TaskB:START
[TRACE] 1277:TaskB:END
[ 1280 ] PTL_MGR released TaskA 
[TRACE] 1280:TaskA:START
[TRACE] 1282:TaskA:END
[ 1290 ] PTL_MGR released TaskA 
[ 1290 ] PTL_MGR released TaskB 
[TRACE] 1290:TaskA:START
[TRACE] 1292:TaskA:END
[TRACE] 1292:TaskB:START
[TRACE] 1294:TaskB:END
[ 1300 ] PTL_MGR released TaskA 
[TRACE] 1300:TaskA:START
[TRACE] 1302:TaskA:END
[ 1305 ] PTL_MGR released TaskB 
[TRACE] 1305:TaskB:START
[TRACE] 1307:TaskB:END
[ 1310 ] PTL_MGR released TaskA 
[TRACE] 1310:TaskA:START
[TRACE] 1312:TaskA:END
[ 1320 ] PTL_MGR released TaskA 
[ 1320 ] PTL_MGR released TaskB 
[TRACE] 1320:TaskA:START
[TRACE] 1322:TaskA:END
[TRACE] 1322:TaskB:START
[TRACE] 1324:TaskB:END
[ 1330 ] PTL_MGR released TaskA 
[TRACE] 1330:TaskA:START
[TRACE] 1332:TaskA:END
[ 1335 ] PTL_MGR released TaskB 
[TRACE] 1335:TaskB:START
[TRACE] 1337:TaskB:END
[ 1340 ] PTL_MGR released TaskA 
[TRACE] 1340:TaskA:START
[TRACE] 1342:TaskA:END
[ 1350 ] PTL_MGR released TaskA 
[ 1350 ] PTL_MGR released TaskB 
[TRACE] 1350:TaskA:START
[TRACE] 1352:TaskA:END
[TRACE] 1352:TaskB:START
[TRACE] 1354:TaskB:END
[ 1360 ] PTL_MGR released TaskA 
[TRACE] 1360:TaskA:START
[TRACE] 1362:TaskA:END
[ 1365 ] PTL_MGR released TaskB 
[TRACE] 1365:TaskB:START
[TRACE] 1367:TaskB:END
[ 1370 ] PTL_MGR released TaskA 
[TRACE] 1370:TaskA:START
[TRACE] 1372:TaskA:END
[ 1380 ] PTL_MGR released TaskA 
[ 1380 ] PTL_MGR released TaskB 
[TRACE] 1380:TaskA:START
[TRACE] 1382:TaskA:END
[TRACE] 1382:TaskB:START
[TRACE] 1384:TaskB:END
[ 1390 ] PTL_MGR released TaskA 
[TRACE] 1390:TaskA:START
[TRACE] 1392:TaskA:END
[ 1395 ] PTL_MGR released TaskB 
[TRACE] 1395:TaskB:START
[TRACE] 1397:TaskB:END
[ 1400 ] PTL_MGR released TaskA 
[TRACE] 1400:TaskA:START
[TRACE] 1402:TaskA:END
[ 1410 ] PTL_MGR released TaskA 
[ 1410 ] PTL_MGR released TaskB 
[TRACE] 1410:TaskA:START
[TRACE] 1412:TaskA:END
[TRACE] 1412:TaskB:START
[TRACE] 1414:TaskB:END
[ 1420 ] PTL_MGR released TaskA 
[TRACE] 1420:TaskA:START
[TRACE] 1422:TaskA:END
[ 1425 ] PTL_MGR released TaskB 
[TRACE] 1425:TaskB:START
[TRACE] 1427:TaskB:END
[ 1430 ] PTL_MGR released TaskA 
[TRACE] 1430:TaskA:START
[TRACE] 1432:TaskA:END
[ 1440 ] PTL_MGR released TaskA 
[ 1440 ] PTL_MGR released TaskB 
[TRACE] 1440:TaskA:START
[TRACE] 1442:TaskA:END
[TRACE] 1442:TaskB:START
[TRACE] 1444:TaskB:END
[ 1450 ] PTL_MGR released TaskA 
[TRACE] 1450:TaskA:START
[TRACE] 1452:TaskA:END
[ 1455 ] PTL_MGR released TaskB 
[TRACE] 1455:TaskB:START
[TRACE] 1457:TaskB:END
[ 1460 ] PTL_MGR released TaskA 
[TRACE] 1460:TaskA:START
[TRACE] 1462:TaskA:END
[ 1470 ] PTL_MGR released TaskA 
[ 1470 ] PTL_MGR released TaskB 
[TRACE] 1470:TaskA:START
[TRACE] 1472:TaskA:END
[TRACE] 1472:TaskB:START
[TRACE] 1474:TaskB:END
[ 1480 ] PTL_MGR released TaskA 
[TRACE] 1480:TaskA:START
[TRACE] 1482:TaskA:END
[ 1485 ] PTL_MGR released TaskB 
[TRACE] 1485:TaskB:START
[TRACE] 1487:TaskB:END
[ 1490 ] PTL_MGR released TaskA 
[TRACE] 1490:TaskA:START
[TRACE] 1492:TaskA:END
[ 1500 ] PTL_MGR released TaskA 
[ 1500 ] PTL_MGR released TaskB 
[TRACE] 1500:TaskA:START
[TRACE] 1502:TaskA:END
[TRACE] 1502:TaskB:START
[TRACE] 1504:TaskB:END
[ 1510 ] PTL_MGR released TaskA 
[TRACE] 1510:TaskA:START
[TRACE] 1512:TaskA:END
[ 1515 ] PTL_MGR released TaskB 
[TRACE] 1515:TaskB:START
[TRACE] 1517:TaskB:END
[ 1520 ] PTL_MGR released TaskA 
[TRACE] 1520:TaskA:START
[TRACE] 1522:TaskA:END
[ 1530 ] PTL_MGR released TaskA 
[ 1530 ] PTL_MGR released TaskB 
[TRACE] 1530:TaskA:START
[TRACE] 1532:TaskA:END
[TRACE] 1532:TaskB:START
[TRACE] 1534:TaskB:END
[ 1540 ] PTL_MGR released TaskA 
[TRACE] 1540:TaskA:START
[TRACE] 1542:TaskA:END
[ 1545 ] PTL_MGR released TaskB 
[TRACE] 1545:TaskB:START
[TRACE] 1547:TaskB:END
[ 1550 ] PTL_MGR released TaskA 
[TRACE] 1550:TaskA:START
[TRACE] 1552:TaskA:END
[ 1560 ] PTL_MGR released TaskA 
[ 1560 ] PTL_MGR released TaskB 
[TRACE] 1560:TaskA:START
[TRACE] 1562:TaskA:END
[TRACE] 1562:TaskB:START
[TRACE] 1564:TaskB:END
[ 1570 ] PTL_MGR released TaskA 
[TRACE] 1570:TaskA:START
[TRACE] 1572:TaskA:END
[ 1575 ] PTL_MGR released TaskB 
[TRACE] 1575:TaskB:START
[TRACE] 1577:TaskB:END
[ 1580 ] PTL_MGR released TaskA 
[TRACE] 1580:TaskA:START
[TRACE] 1582:TaskA:END
[ 1590 ] PTL_MGR released TaskA 
[ 1590 ] PTL_MGR released TaskB 
[TRACE] 1590:TaskA:START
[TRACE] 1592:TaskA:END
[TRACE] 1592:TaskB:START
[TRACE] 1594:TaskB:END
[ 1600 ] PTL_MGR released TaskA 
[TRACE] 1600:TaskA:START
[TRACE] 1602:TaskA:END
[ 1605 ] PTL_MGR released TaskB 
[TRACE] 1605:TaskB:START
[TRACE] 1607:TaskB:END
[ 1610 ] PTL_MGR released TaskA 
[TRACE] 1610:TaskA:START
[TRACE] 1612:TaskA:END
[ 1620 ] PTL_MGR released TaskA 
[ 1620 ] PTL_MGR released TaskB 
[TRACE] 1620:TaskA:START
[TRACE] 1622:TaskA:END
[TRACE] 1622:TaskB:START
[TRACE] 1624:TaskB:END
[ 1630 ] PTL_MGR released TaskA 
[TRACE] 1630:TaskA:START
[TRACE] 1632:TaskA:END
[ 1635 ] PTL_MGR released TaskB 
[TRACE] 1635:TaskB:START
[TRACE] 1637:TaskB:END
[ 1640 ] PTL_MGR released TaskA 
[TRACE] 1640:TaskA:START
[TRACE] 1642:TaskA:END
[ 1650 ] PTL_MGR released TaskA 
[ 1650 ] PTL_MGR released TaskB 
[TRACE] 1650:TaskA:START
[TRACE] 1652:TaskA:END
[TRACE] 1652:TaskB:START
[TRACE] 1654:TaskB:END
[ 1660 ] PTL_MGR released TaskA 
[TRACE] 1660:TaskA:START
[TRACE] 1662:TaskA:END
[ 1665 ] PTL_MGR released TaskB 
[TRACE] 1665:TaskB:START
[TRACE] 1667:TaskB:END
[ 1670 ] PTL_MGR released TaskA 
[TRACE] 1670:TaskA:START
[TRACE] 1672:TaskA:END
[ 1680 ] PTL_MGR released TaskA 
[ 1680 ] PTL_MGR released TaskB 
[TRACE] 1680:TaskA:START
[TRACE] 1682:TaskA:END
[TRACE] 1682:TaskB:START
[TRACE] 1684:TaskB:END
[ 1690 ] PTL_MGR released TaskA 
[TRACE] 1690:TaskA:START
[TRACE] 1692:TaskA:END
[ 1695 ] PTL_MGR released TaskB 
[TRACE] 1695:TaskB:START
[TRACE] 1697:TaskB:END
[ 1700 ] PTL_MGR released TaskA 
[TRACE] 1700:TaskA:START
[TRACE] 1702:TaskA:END
[ 1710 ] PTL_MGR released TaskA 
[ 1710 ] PTL_MGR released TaskB 
[TRACE] 1710:TaskA:START
[TRACE] 1712:TaskA:END
[TRACE] 1712:TaskB:START
[TRACE] 1714:TaskB:END
[ 1720 ] PTL_MGR released TaskA 
[TRACE] 1720:TaskA:START
[TRACE] 1722:TaskA:END
[ 1725 ] PTL_MGR released TaskB 
[TRACE] 1725:TaskB:START
[TRACE] 1727:TaskB:END
[ 1730 ] PTL_MGR released TaskA 
[TRACE] 1730:TaskA:START
[TRACE] 1732:TaskA:END
[ 1740 ] PTL_MGR released TaskA 
[ 1740 ] PTL_MGR released TaskB 
[TRACE] 1740:TaskA:START
[TRACE] 1742:TaskA:END
[TRACE] 1742:TaskB:START
[TRACE] 1744:TaskB:END
[ 1750 ] PTL_MGR released TaskA 
[TRACE] 1750:TaskA:START
[TRACE] 1752:TaskA:END
[ 1755 ] PTL_MGR released TaskB 
[TRACE] 1755:TaskB:START
[TRACE] 1757:TaskB:END
[ 1760 ] PTL_MGR released TaskA 
[TRACE] 1760:TaskA:START
[TRACE] 1762:TaskA:END
[ 1770 ] PTL_MGR released TaskA 
[ 1770 ] PTL_MGR released TaskB 
[TRACE] 1770:TaskA:START
[TRACE] 1772:TaskA:END
[TRACE] 1772:TaskB:START
[TRACE] 1774:TaskB:END
[ 1780 ] PTL_MGR released TaskA 
[TRACE] 1780:TaskA:START
[TRACE] 1782:TaskA:END
[ 1785 ] PTL_MGR released TaskB 
[TRACE] 1785:TaskB:START
[TRACE] 1787:TaskB:END
[ 1790 ] PTL_MGR released TaskA 
[TRACE] 1790:TaskA:START
[TRACE] 1792:TaskA:END
[ 1800 ] PTL_MGR released TaskA 
[ 1800 ] PTL_MGR released TaskB 
[TRACE] 1800:TaskA:START
[TRACE] 1802:TaskA:END
[TRACE] 1802:TaskB:START
[TRACE] 1804:TaskB:END
[ 1810 ] PTL_MGR released TaskA 
[TRACE] 1810:TaskA:START
[TRACE] 1812:TaskA:END
[ 1815 ] PTL_MGR released TaskB 
[TRACE] 1815:TaskB:START
[TRACE] 1817:TaskB:END
[ 1820 ] PTL_MGR released TaskA 
[TRACE] 1820:TaskA:START
[TRACE] 1822:TaskA:END
[ 1830 ] PTL_MGR released TaskA 
[ 1830 ] PTL_MGR released TaskB 
[TRACE] 1830:TaskA:START
[TRACE] 1832:TaskA:END
[TRACE] 1832:TaskB:START
[TRACE] 1834:TaskB:END
[ 1840 ] PTL_MGR released TaskA 
[TRACE] 1840:TaskA:START
[TRACE] 1842:TaskA:END
[ 1845 ] PTL_MGR released TaskB 
[TRACE] 1845:TaskB:START
[TRACE] 1847:TaskB:END
[ 1850 ] PTL_MGR released TaskA 
[TRACE] 1850:TaskA:START
[TRACE] 1852:TaskA:END
[ 1860 ] PTL_MGR released TaskA 
[ 1860 ] PTL_MGR released TaskB 
[TRACE] 1860:TaskA:START
[TRACE] 1862:TaskA:END
[TRACE] 1862:TaskB:START
[TRACE] 1864:TaskB:END
[ 1870 ] PTL_MGR released TaskA 
[TRACE] 1870:TaskA:START
[TRACE] 1872:TaskA:END
[ 1875 ] PTL_MGR released TaskB 
[TRACE] 1875:TaskB:START
[TRACE] 1877:TaskB:END
[ 1880 ] PTL_MGR released TaskA 
[TRACE] 1880:TaskA:START
[TRACE] 1882:TaskA:END
[ 1890 ] PTL_MGR released TaskA 
[ 1890 ] PTL_MGR released TaskB 
[TRACE] 1890:TaskA:START
[TRACE] 1892:TaskA:END
[TRACE] 1892:TaskB:START
[TRACE] 1894:TaskB:END
[ 1900 ] PTL_MGR released TaskA 
[TRACE] 1900:TaskA:START
[TRACE] 1902:TaskA:END
[ 1905 ] PTL_MGR released TaskB 
[TRACE] 1905:TaskB:START
[TRACE] 1907:TaskB:END
[ 1910 ] PTL_MGR released TaskA 
[TRACE] 1910:TaskA:START
[TRACE] 1912:TaskA:END
[ 1920 ] PTL_MGR released TaskA 
[ 1920 ] PTL_MGR released TaskB 
[TRACE] 1920:TaskA:START
[TRACE] 1922:TaskA:END
[TRACE] 1922:TaskB:START
[TRACE] 1924:TaskB:END
[ 1930 ] PTL_MGR released TaskA 
[TRACE] 1930:TaskA:START
[TRACE] 1932:TaskA:END
[ 1935 ] PTL_MGR released TaskB 
[TRACE] 1935:TaskB:START
[TRACE] 1937:TaskB:END
[ 1940 ] PTL_MGR released TaskA 
[TRACE] 1940:TaskA:START
[TRACE] 1942:TaskA:END
[ 1950 ] PTL_MGR released TaskA 
[ 1950 ] PTL_MGR released TaskB 
[TRACE] 1950:TaskA:START
[TRACE] 1952:TaskA:END
[TRACE] 1952:TaskB:START
[TRACE] 1954:TaskB:END
[ 1960 ] PTL_MGR released TaskA 
[TRACE] 1960:TaskA:START
[TRACE] 1962:TaskA:END
[ 1965 ] PTL_MGR released TaskB 
[TRACE] 1965:TaskB:START
[TRACE] 1967:TaskB:END
[ 1970 ] PTL_MGR released TaskA 
[TRACE] 1970:TaskA:START
[TRACE] 1972:TaskA:END
[ 1980 ] PTL_MGR released TaskA 
[ 1980 ] PTL_MGR released TaskB 
[TRACE] 1980:TaskA:START
[TRACE] 1982:TaskA:END
[TRACE] 1982:TaskB:START
[TRACE] 1984:TaskB:END
[ 1990 ] PTL_MGR released TaskA 
[TRACE] 1990:TaskA:START
[TRACE] 1992:TaskA:END
[ 1995 ] PTL_MGR released TaskB 
[TRACE] 1995:TaskB:START
[TRACE] 1997:TaskB:END
[ 2000 ] PTL_MGR released TaskA 
[TRACE] 2000:TaskA:START
[TRACE] 2002:TaskA:END
[ 2010 ] PTL_MGR released TaskA 
[ 2010 ] PTL_MGR released TaskB 
[TRACE] 2010:TaskA:START
[TRACE] 2012:TaskA:END
[TRACE] 2012:TaskB:START
[TRACE] 2014:TaskB:END
[ 2020 ] PTL_MGR released TaskA 
[TRACE] 2020:TaskA:START
[TRACE] 2022:TaskA:END
[ 2025 ] PTL_MGR released TaskB 
[TRACE] 2025:TaskB:START
[TRACE] 2027:TaskB:END
[ 2030 ] PTL_MGR released TaskA 
[TRACE] 2030:TaskA:START
[TRACE] 2032:TaskA:END
[ 2040 ] PTL_MGR released TaskA 
[ 2040 ] PTL_MGR released TaskB 
[TRACE] 2040:TaskA:START
[TRACE] 2042:TaskA:END
[TRACE] 2042:TaskB:START
[TRACE] 2044:TaskB:END
[ 2050 ] PTL_MGR released TaskA 
[TRACE] 2050:TaskA:START
[TRACE] 2052:TaskA:END
[ 2055 ] PTL_MGR released TaskB 
[TRACE] 2055:TaskB:START
[TRACE] 2057:TaskB:END
[ 2060 ] PTL_MGR released TaskA 
[TRACE] 2060:TaskA:START
[TRACE] 2062:TaskA:END
[ 2070 ] PTL_MGR released TaskA 
[ 2070 ] PTL_MGR released TaskB 
[TRACE] 2070:TaskA:START
[TRACE] 2072:TaskA:END
[TRACE] 2072:TaskB:START
[TRACE] 2074:TaskB:END
[ 2080 ] PTL_MGR released TaskA 
[TRACE] 2080:TaskA:START
[TRACE] 2082:TaskA:END
[ 2085 ] PTL_MGR released TaskB 
[TRACE] 2085:TaskB:START
[TRACE] 2087:TaskB:END
[ 2090 ] PTL_MGR released TaskA 
[TRACE] 2090:TaskA:START
[TRACE] 2092:TaskA:END
[ 2100 ] PTL_MGR released TaskA 
[ 2100 ] PTL_MGR released TaskB 
[TRACE] 2100:TaskA:START
[TRACE] 2102:TaskA:END
[TRACE] 2102:TaskB:START
[TRACE] 2104:TaskB:END
[ 2110 ] PTL_MGR released TaskA 
[TRACE] 2110:TaskA:START
[TRACE] 2112:TaskA:END
[ 2115 ] PTL_MGR released TaskB 
[TRACE] 2115:TaskB:START
[TRACE] 2117:TaskB:END
[ 2120 ] PTL_MGR released TaskA 
[TRACE] 2120:TaskA:START
[TRACE] 2122:TaskA:END
[ 2130 ] PTL_MGR released TaskA 
[ 2130 ] PTL_MGR released TaskB 
[TRACE] 2130:TaskA:START
[TRACE] 2132:TaskA:END
[TRACE] 2132:TaskB:START
[TRACE] 2134:TaskB:END
[ 2140 ] PTL_MGR released TaskA 
[TRACE] 2140:TaskA:START
[TRACE] 2142:TaskA:END
[ 2145 ] PTL_MGR released TaskB 
[TRACE] 2145:TaskB:START
[TRACE] 2147:TaskB:END
[ 2150 ] PTL_MGR released TaskA 
[TRACE] 2150:TaskA:START
[TRACE] 2152:TaskA:END
[ 2160 ] PTL_MGR released TaskA 
[ 2160 ] PTL_MGR released TaskB 
[TRACE] 2160:TaskA:START
[TRACE] 2162:TaskA:END
[TRACE] 2162:TaskB:START
[TRACE] 2164:TaskB:END
[ 2170 ] PTL_MGR released TaskA 
[TRACE] 2170:TaskA:START
[TRACE] 2172:TaskA:END
[ 2175 ] PTL_MGR released TaskB 
[TRACE] 2175:TaskB:START
[TRACE] 2177:TaskB:END
[ 2180 ] PTL_MGR released TaskA 
[TRACE] 2180:TaskA:START
[TRACE] 2182:TaskA:END
[ 2190 ] PTL_MGR released TaskA 
[ 2190 ] PTL_MGR released TaskB 
[TRACE] 2190:TaskA:START
[TRACE] 2192:TaskA:END
[TRACE] 2192:TaskB:START
[TRACE] 2194:TaskB:END
[ 2200 ] PTL_MGR released TaskA 
[TRACE] 2200:TaskA:START
[TRACE] 2202:TaskA:END
[ 2205 ] PTL_MGR released TaskB 
[TRACE] 2205:TaskB:START
[TRACE] 2207:TaskB:END
[ 2210 ] PTL_MGR released TaskA 
[TRACE] 2210:TaskA:START
[TRACE] 2212:TaskA:END
[ 2220 ] PTL_MGR released TaskA 
[ 2220 ] PTL_MGR released TaskB 
[TRACE] 2220:TaskA:START
[TRACE] 2222:TaskA:END
[TRACE] 2222:TaskB:START
[TRACE] 2224:TaskB:END
[ 2230 ] PTL_MGR released TaskA 
[TRACE] 2230:TaskA:START
[TRACE] 2232:TaskA:END
[ 2235 ] PTL_MGR released TaskB 
[TRACE] 2235:TaskB:START
[TRACE] 2237:TaskB:END
[ 2240 ] PTL_MGR released TaskA 
[TRACE] 2240:TaskA:START
[TRACE] 2242:TaskA:END
[ 2250 ] PTL_MGR released TaskA 
[ 2250 ] PTL_MGR released TaskB 
[TRACE] 2250:TaskA:START
[TRACE] 2252:TaskA:END
[TRACE] 2252:TaskB:START
[TRACE] 2254:TaskB:END
[ 2260 ] PTL_MGR released TaskA 
[TRACE] 2260:TaskA:START
[TRACE] 2262:TaskA:END
[ 2265 ] PTL_MGR released TaskB 
[TRACE] 2265:TaskB:START
[TRACE] 2267:TaskB:END
[ 2270 ] PTL_MGR released TaskA 
[TRACE] 2270:TaskA:START
[TRACE] 2272:TaskA:END
[ 2280 ] PTL_MGR released TaskA 
[ 2280 ] PTL_MGR released TaskB 
[TRACE] 2280:TaskA:START
[TRACE] 2282:TaskA:END
[TRACE] 2282:TaskB:START
[TRACE] 2284:TaskB:END
[ 2290 ] PTL_MGR released TaskA 
[TRACE] 2290:TaskA:START
[TRACE] 2292:TaskA:END
[ 2295 ] PTL_MGR released TaskB 
[TRACE] 2295:TaskB:START
[TRACE] 2297:TaskB:END
[ 2300 ] PTL_MGR released TaskA 
[TRACE] 2300:TaskA:START
[TRACE] 2302:TaskA:END
[ 2310 ] PTL_MGR released TaskA 
[ 2310 ] PTL_MGR released TaskB 
[TRACE] 2310:TaskA:START
[TRACE] 2312:TaskA:END
[TRACE] 2312:TaskB:START
[TRACE] 2314:TaskB:END
[ 2320 ] PTL_MGR released TaskA 
[TRACE] 2320:TaskA:START
[TRACE] 2322:TaskA:END
[ 2325 ] PTL_MGR released TaskB 
[TRACE] 2325:TaskB:START
[TRACE] 2327:TaskB:END
[ 2330 ] PTL_MGR released TaskA 
[TRACE] 2330:TaskA:START
[TRACE] 2332:TaskA:END
[ 2340 ] PTL_MGR released TaskA 
[ 2340 ] PTL_MGR released TaskB 
[TRACE] 2340:TaskA:START
[TRACE] 2342:TaskA:END
[TRACE] 2342:TaskB:START
[TRACE] 2344:TaskB:END
[ 2350 ] PTL_MGR released TaskA 
[TRACE] 2350:TaskA:START
[TRACE] 2352:TaskA:END
[ 2355 ] PTL_MGR released TaskB 
[TRACE] 2355:TaskB:START
[TRACE] 2357:TaskB:END
[ 2360 ] PTL_MGR released TaskA 
[TRACE] 2360:TaskA:START
[TRACE] 2362:TaskA:END
[ 2370 ] PTL_MGR released TaskA 
[ 2370 ] PTL_MGR released TaskB 
[TRACE] 2370:TaskA:START
[TRACE] 2372:TaskA:END
[TRACE] 2372:TaskB:START
[TRACE] 2374:TaskB:END
[ 2380 ] PTL_MGR released TaskA 
[TRACE] 2380:TaskA:START
[TRACE] 2382:TaskA:END
[ 2385 ] PTL_MGR released TaskB 
[TRACE] 2385:TaskB:START
[TRACE] 2387:TaskB:END
[ 2390 ] PTL_MGR released TaskA 
[TRACE] 2390:TaskA:START
[TRACE] 2392:TaskA:END
[ 2400 ] PTL_MGR released TaskA 
[ 2400 ] PTL_MGR released TaskB 
[TRACE] 2400:TaskA:START
[TRACE] 2402:TaskA:END
[TRACE] 2402:TaskB:START
[TRACE] 2404:TaskB:END
[ 2410 ] PTL_MGR released TaskA 
[TRACE] 2410:TaskA:START
[TRACE] 2412:TaskA:END
[ 2415 ] PTL_MGR released TaskB 
[TRACE] 2415:TaskB:START
[TRACE] 2417:TaskB:END
[ 2420 ] PTL_MGR released TaskA 
[TRACE] 2420:TaskA:START
[TRACE] 2422:TaskA:END
[ 2430 ] PTL_MGR released TaskA 
[ 2430 ] PTL_MGR released TaskB 
[TRACE] 2430:TaskA:START
[TRACE] 2432:TaskA:END
[TRACE] 2432:TaskB:START
[TRACE] 2434:TaskB:END
[ 2440 ] PTL_MGR released TaskA 
[TRACE] 2440:TaskA:START
[TRACE] 2442:TaskA:END
[ 2445 ] PTL_MGR released TaskB 
[TRACE] 2445:TaskB:START
[TRACE] 2447:TaskB:END
[ 2450 ] PTL_MGR released TaskA 
[TRACE] 2450:TaskA:START
[TRACE] 2452:TaskA:END
[ 2460 ] PTL_MGR released TaskA 
[ 2460 ] PTL_MGR released TaskB 
[TRACE] 2460:TaskA:START
[TRACE] 2462:TaskA:END
[TRACE] 2462:TaskB:START
[TRACE] 2464:TaskB:END
[ 2470 ] PTL_MGR released TaskA 
[TRACE] 2470:TaskA:START
[TRACE] 2472:TaskA:END
[ 2475 ] PTL_MGR released TaskB 
[TRACE] 2475:TaskB:START
[TRACE] 2477:TaskB:END
[ 2480 ] PTL_MGR released TaskA 
[TRACE] 2480:TaskA:START
[TRACE] 2482:TaskA:END
[ 2490 ] PTL_MGR released TaskA 
[ 2490 ] PTL_MGR released TaskB 
[TRACE] 2490:TaskA:START
[TRACE] 2492:TaskA:END
[TRACE] 2492:TaskB:START
[TRACE] 2494:TaskB:END
[ 2500 ] PTL_MGR released TaskA 
[TRACE] 2500:TaskA:START
[TRACE] 2502:TaskA:END
[ 2505 ] PTL_MGR released TaskB 
[TRACE] 2505:TaskB:START
[TRACE] 2507:TaskB:END
[ 2510 ] PTL_MGR released TaskA 
[TRACE] 2510:TaskA:START
[TRACE] 2512:TaskA:END
[ 2520 ] PTL_MGR released TaskA 
[ 2520 ] PTL_MGR released TaskB 
[TRACE] 2520:TaskA:START
[TRACE] 2522:TaskA:END
[TRACE] 2522:TaskB:START
[TRACE] 2524:TaskB:END
[ 2530 ] PTL_MGR released TaskA 
[TRACE] 2530:TaskA:START
[TRACE] 2532:TaskA:END
[ 2535 ] PTL_MGR released TaskB 
[TRACE] 2535:TaskB:START
[TRACE] 2537:TaskB:END
[ 2540 ] PTL_MGR released TaskA 
[TRACE] 2540:TaskA:START
[TRACE] 2542:TaskA:END
[ 2550 ] PTL_MGR released TaskA 
[ 2550 ] PTL_MGR released TaskB 
[TRACE] 2550:TaskA:START
[TRACE] 2552:TaskA:END
[TRACE] 2552:TaskB:START
[TRACE] 2554:TaskB:END
[ 2560 ] PTL_MGR released TaskA 
[TRACE] 2560:TaskA:START
[TRACE] 2562:TaskA:END
[ 2565 ] PTL_MGR released TaskB 
[TRACE] 2565:TaskB:START
[TRACE] 2567:TaskB:END
[ 2570 ] PTL_MGR released TaskA 
[TRACE] 2570:TaskA:START
[TRACE] 2572:TaskA:END
[ 2580 ] PTL_MGR released TaskA 
[ 2580 ] PTL_MGR released TaskB 
[TRACE] 2580:TaskA:START
[TRACE] 2582:TaskA:END
[TRACE] 2582:TaskB:START
[TRACE] 2584:TaskB:END
[ 2590 ] PTL_MGR released TaskA 
[TRACE] 2590:TaskA:START
[TRACE] 2592:TaskA:END
[ 2595 ] PTL_MGR released TaskB 
[TRACE] 2595:TaskB:START
[TRACE] 2597:TaskB:END
[ 2600 ] PTL_MGR released TaskA 
[TRACE] 2600:TaskA:START
[TRACE] 2602:TaskA:END
[ 2610 ] PTL_MGR released TaskA 
[ 2610 ] PTL_MGR released TaskB 
[TRACE] 2610:TaskA:START
[TRACE] 2612:TaskA:END
[TRACE] 2612:TaskB:START
[TRACE] 2614:TaskB:END
[ 2620 ] PTL_MGR released TaskA 
[TRACE] 2620:TaskA:START
[TRACE] 2622:TaskA:END
[ 2625 ] PTL_MGR released TaskB 
[TRACE] 2625:TaskB:START
[TRACE] 2627:TaskB:END
[ 2630 ] PTL_MGR released TaskA 
[TRACE] 2630:TaskA:START
[TRACE] 2632:TaskA:END
[ 2640 ] PTL_MGR released TaskA 
[ 2640 ] PTL_MGR released TaskB 
[TRACE] 2640:TaskA:START
[TRACE] 2642:TaskA:END
[TRACE] 2642:TaskB:START
[TRACE] 2644:TaskB:END
[ 2650 ] PTL_MGR released TaskA 
[TRACE] 2650:TaskA:START
[TRACE] 2652:TaskA:END
[ 2655 ] PTL_MGR released TaskB 
[TRACE] 2655:TaskB:START
[TRACE] 2657:TaskB:END
[ 2660 ] PTL_MGR released TaskA 
[TRACE] 2660:TaskA:START
[TRACE] 2662:TaskA:END
[ 2670 ] PTL_MGR released TaskA 
[ 2670 ] PTL_MGR released TaskB 
[TRACE] 2670:TaskA:START
[TRACE] 2672:TaskA:END
[TRACE] 2672:TaskB:START
[TRACE] 2674:TaskB:END
[ 2680 ] PTL_MGR released TaskA 
[TRACE] 2680:TaskA:START
[TRACE] 2682:TaskA:END
[ 2685 ] PTL_MGR released TaskB 
[TRACE] 2685:TaskB:START
[TRACE] 2687:TaskB:END
[ 2690 ] PTL_MGR released TaskA 
[TRACE] 2690:TaskA:START
[TRACE] 2692:TaskA:END
[ 2700 ] PTL_MGR released TaskA 
[ 2700 ] PTL_MGR released TaskB 
[TRACE] 2700:TaskA:START
[TRACE] 2702:TaskA:END
[TRACE] 2702:TaskB:START
[TRACE] 2704:TaskB:END
[ 2710 ] PTL_MGR released TaskA 
[TRACE] 2710:TaskA:START
[TRACE] 2712:TaskA:END
[ 2715 ] PTL_MGR released TaskB 
[TRACE] 2715:TaskB:START
[TRACE] 2717:TaskB:END
[ 2720 ] PTL_MGR released TaskA 
[TRACE] 2720:TaskA:START
[TRACE] 2722:TaskA:END
[ 2730 ] PTL_MGR released TaskA 
[ 2730 ] PTL_MGR released TaskB 
[TRACE] 2730:TaskA:START
[TRACE] 2732:TaskA:END
[TRACE] 2732:TaskB:START
[TRACE] 2734:TaskB:END
[ 2740 ] PTL_MGR released TaskA 
[TRACE] 2740:TaskA:START
[TRACE] 2742:TaskA:END
[ 2745 ] PTL_MGR released TaskB 
[TRACE] 2745:TaskB:START
[TRACE] 2747:TaskB:END
[ 2750 ] PTL_MGR released TaskA 
[TRACE] 2750:TaskA:START
[TRACE] 2752:TaskA:END
[ 2760 ] PTL_MGR released TaskA 
[ 2760 ] PTL_MGR released TaskB 
[TRACE] 2760:TaskA:START
[TRACE] 2762:TaskA:END
[TRACE] 2762:TaskB:START
[TRACE] 2764:TaskB:END
[ 2770 ] PTL_MGR released TaskA 
[TRACE] 2770:TaskA:START
[TRACE] 2772:TaskA:END
[ 2775 ] PTL_MGR released TaskB 
[TRACE] 2775:TaskB:START
[TRACE] 2777:TaskB:END
[ 2780 ] PTL_MGR released TaskA 
[TRACE] 2780:TaskA:START
[TRACE] 2782:TaskA:END
[ 2790 ] PTL_MGR released TaskA 
[ 2790 ] PTL_MGR released TaskB 
[TRACE] 2790:TaskA:START
[TRACE] 2792:TaskA:END
[TRACE] 2792:TaskB:START
[TRACE] 2794:TaskB:END
[ 2800 ] PTL_MGR released TaskA 
[TRACE] 2800:TaskA:START
[TRACE] 2802:TaskA:END
[ 2805 ] PTL_MGR released TaskB 
[TRACE] 2805:TaskB:START
[TRACE] 2807:TaskB:END
[ 2810 ] PTL_MGR released TaskA 
[TRACE] 2810:TaskA:START
[TRACE] 2812:TaskA:END
[ 2820 ] PTL_MGR released TaskA 
[ 2820 ] PTL_MGR released TaskB 
[TRACE] 2820:TaskA:START
[TRACE] 2822:TaskA:END
[TRACE] 2822:TaskB:START
[TRACE] 2824:TaskB:END
[ 2830 ] PTL_MGR released TaskA 
[TRACE] 2830:TaskA:START
[TRACE] 2832:TaskA:END
[ 2835 ] PTL_MGR released TaskB 
[TRACE] 2835:TaskB:START
[TRACE] 2837:TaskB:END
[ 2840 ] PTL_MGR released TaskA 
[TRACE] 2840:TaskA:START
[TRACE] 2842:TaskA:END
[ 2850 ] PTL_MGR released TaskA 
[ 2850 ] PTL_MGR released TaskB 
[TRACE] 2850:TaskA:START
[TRACE] 2852:TaskA:END
[TRACE] 2852:TaskB:START
[TRACE] 2854:TaskB:END
[ 2860 ] PTL_MGR released TaskA 
[TRACE] 2860:TaskA:START
[TRACE] 2862:TaskA:END
[ 2865 ] PTL_MGR released TaskB 
[TRACE] 2865:TaskB:START
[TRACE] 2867:TaskB:END
[ 2870 ] PTL_MGR released TaskA 
[TRACE] 2870:TaskA:START
[TRACE] 2872:TaskA:END
[ 2880 ] PTL_MGR released TaskA 
[ 2880 ] PTL_MGR released TaskB 
[TRACE] 2880:TaskA:START
[TRACE] 2882:TaskA:END
[TRACE] 2882:TaskB:START
[TRACE] 2884:TaskB:END
[ 2890 ] PTL_MGR released TaskA 
[TRACE] 2890:TaskA:START
[TRACE] 2892:TaskA:END
[ 2895 ] PTL_MGR released TaskB 
[TRACE] 2895:TaskB:START
[TRACE] 2897:TaskB:END
[ 2900 ] PTL_MGR released TaskA 
[TRACE] 2900:TaskA:START
[TRACE] 2902:TaskA:END
[ 2910 ] PTL_MGR released TaskA 
[ 2910 ] PTL_MGR released TaskB 
[TRACE] 2910:TaskA:START
[TRACE] 2912:TaskA:END
[TRACE] 2912:TaskB:START
[TRACE] 2914:TaskB:END
[ 2920 ] PTL_MGR released TaskA 
[TRACE] 2920:TaskA:START
[TRACE] 2922:TaskA:END
[ 2925 ] PTL_MGR released TaskB 
[TRACE] 2925:TaskB:START
[TRACE] 2927:TaskB:END
[ 2930 ] PTL_MGR released TaskA 
[TRACE] 2930:TaskA:START
[TRACE] 2932:TaskA:END
[ 2940 ] PTL_MGR released TaskA 
[ 2940 ] PTL_MGR released TaskB 
[TRACE] 2940:TaskA:START
[TRACE] 2942:TaskA:END
[TRACE] 2942:TaskB:START
[TRACE] 2944:TaskB:END
[ 2950 ] PTL_MGR released TaskA 
[TRACE] 2950:TaskA:START
[TRACE] 2952:TaskA:END
[ 2955 ] PTL_MGR released TaskB 
[TRACE] 2955:TaskB:START
[TRACE] 2957:TaskB:END
[ 2960 ] PTL_MGR released TaskA 
[TRACE] 2960:TaskA:START
[TRACE] 2962:TaskA:END
[ 2970 ] PTL_MGR released TaskA 
[ 2970 ] PTL_MGR released TaskB 
[TRACE] 2970:TaskA:START
[TRACE] 2972:TaskA:END
[TRACE] 2972:TaskB:START
[TRACE] 2974:TaskB:END
[ 2980 ] PTL_MGR released TaskA 
[TRACE] 2980:TaskA:START
[TRACE] 2982:TaskA:END
[ 2985 ] PTL_MGR released TaskB 
[TRACE] 2985:TaskB:START
[TRACE] 2987:TaskB:END
[ 2990 ] PTL_MGR released TaskA 
[TRACE] 2990:TaskA:START
[TRACE] 2992:TaskA:END
[ 3000 ] PTL_MGR released TaskA 
[ 3000 ] PTL_MGR released TaskB 
[TRACE] 3000:TaskA:START
[TRACE] 3002:TaskA:END
[TRACE] 3002:TaskB:START
[TRACE] 3004:TaskB:END
[ 3010 ] PTL_MGR released TaskA 
[TRACE] 3010:TaskA:START
[TRACE] 3012:TaskA:END
[ 3015 ] PTL_MGR released TaskB 
[TRACE] 3015:TaskB:START
[TRACE] 3017:TaskB:END
[ 3020 ] PTL_MGR released TaskA 
[TRACE] 3020:TaskA:START
[TRACE] 3022:TaskA:END
[ 3030 ] PTL_MGR released TaskA 
[ 3030 ] PTL_MGR released TaskB 
[TRACE] 3030:TaskA:START
[TRACE] 3032:TaskA:END
[TRACE] 3032:TaskB:START
[TRACE] 3034:TaskB:END
[ 3040 ] PTL_MGR released TaskA 
[TRACE] 3040:TaskA:START
[TRACE] 3042:TaskA:END
[ 3045 ] PTL_MGR released TaskB 
[TRACE] 3045:TaskB:START
[TRACE] 3047:TaskB:END
[ 3050 ] PTL_MGR released TaskA 
[TRACE] 3050:TaskA:START
[TRACE] 3052:TaskA:END
[ 3060 ] PTL_MGR released TaskA 
[ 3060 ] PTL_MGR released TaskB 
[TRACE] 3060:TaskA:START
[TRACE] 3062:TaskA:END
[TRACE] 3062:TaskB:START
[TRACE] 3064:TaskB:END
[ 3070 ] PTL_MGR released TaskA 
[TRACE] 3070:TaskA:START
[TRACE] 3072:TaskA:END
[ 3075 ] PTL_MGR released TaskB 
[TRACE] 3075:TaskB:START
[TRACE] 3077:TaskB:END
[ 3080 ] PTL_MGR released TaskA 
[TRACE] 3080:TaskA:START
[TRACE] 3082:TaskA:END
[ 3090 ] PTL_MGR released TaskA 
[ 3090 ] PTL_MGR released TaskB 
[TRACE] 3090:TaskA:START
[TRACE] 3092:TaskA:END
[TRACE] 3092:TaskB:START
[TRACE] 3094:TaskB:END
[ 3100 ] PTL_MGR released TaskA 
[TRACE] 3100:TaskA:START
[TRACE] 3102:TaskA:END
[ 3105 ] PTL_MGR released TaskB 
[TRACE] 3105:TaskB:START
[TRACE] 3107:TaskB:END
[ 3110 ] PTL_MGR released TaskA 
[TRACE] 3110:TaskA:START
[TRACE] 3112:TaskA:END
[ 3120 ] PTL_MGR released TaskA 
[ 3120 ] PTL_MGR released TaskB 
[TRACE] 3120:TaskA:START
[TRACE] 3122:TaskA:END
[TRACE] 3122:TaskB:START
[TRACE] 3124:TaskB:END
[ 3130 ] PTL_MGR released TaskA 
[TRACE] 3130:TaskA:START
[TRACE] 3132:TaskA:END
[ 3135 ] PTL_MGR released TaskB 
[TRACE] 3135:TaskB:START
[TRACE] 3137:TaskB:END
[ 3140 ] PTL_MGR released TaskA 
[TRACE] 3140:TaskA:START
[TRACE] 3142:TaskA:END
[ 3150 ] PTL_MGR released TaskA 
[ 3150 ] PTL_MGR released TaskB 
[TRACE] 3150:TaskA:START
[TRACE] 3152:TaskA:END
[TRACE] 3152:TaskB:START
[TRACE] 3154:TaskB:END
[ 3160 ] PTL_MGR released TaskA 
[TRACE] 3160:TaskA:START
[TRACE] 3162:TaskA:END
[ 3165 ] PTL_MGR released TaskB 
[TRACE] 3165:TaskB:START
[TRACE] 3167:TaskB:END
[ 3170 ] PTL_MGR released TaskA 
[TRACE] 3170:TaskA:START
[TRACE] 3172:TaskA:END
[ 3180 ] PTL_MGR released TaskA 
[ 3180 ] PTL_MGR released TaskB 
[TRACE] 3180:TaskA:START
[TRACE] 3182:TaskA:END
[TRACE] 3182:TaskB:START
[TRACE] 3184:TaskB:END
[ 3190 ] PTL_MGR released TaskA 
[TRACE] 3190:TaskA:START
[TRACE] 3192:TaskA:END
[ 3195 ] PTL_MGR released TaskB 
[TRACE] 3195:TaskB:START
[TRACE] 3197:TaskB:END
[ 3200 ] PTL_MGR released TaskA 
[TRACE] 3200:TaskA:START
[TRACE] 3202:TaskA:END
[ 3210 ] PTL_MGR released TaskA 
[ 3210 ] PTL_MGR released TaskB 
[TRACE] 3210:TaskA:START
[TRACE] 3212:TaskA:END
[TRACE] 3212:TaskB:START
[TRACE] 3214:TaskB:END
[ 3220 ] PTL_MGR released TaskA 
[TRACE] 3220:TaskA:START
[TRACE] 3222:TaskA:END
[ 3225 ] PTL_MGR released TaskB 
[TRACE] 3225:TaskB:START
[TRACE] 3227:TaskB:END
[ 3230 ] PTL_MGR released TaskA 
[TRACE] 3230:TaskA:START
[TRACE] 3232:TaskA:END
[ 3240 ] PTL_MGR released TaskA 
[ 3240 ] PTL_MGR released TaskB 
[TRACE] 3240:TaskA:START
[TRACE] 3242:TaskA:END
[TRACE] 3242:TaskB:START
[TRACE] 3244:TaskB:END
[ 3250 ] PTL_MGR released TaskA 
[TRACE] 3250:TaskA:START
[TRACE] 3252:TaskA:END
[ 3255 ] PTL_MGR released TaskB 
[TRACE] 3255:TaskB:START
[TRACE] 3257:TaskB:END
[ 3260 ] PTL_MGR released TaskA 
[TRACE] 3260:TaskA:START
[TRACE] 3262:TaskA:END
[ 3270 ] PTL_MGR released TaskA 
[ 3270 ] PTL_MGR released TaskB 
[TRACE] 3270:TaskA:START
[TRACE] 3272:TaskA:END
[TRACE] 3272:TaskB:START
[TRACE] 3274:TaskB:END
[ 3280 ] PTL_MGR released TaskA 
[TRACE] 3280:TaskA:START
[TRACE] 3282:TaskA:END
[ 3285 ] PTL_MGR released TaskB 
[TRACE] 3285:TaskB:START
[TRACE] 3287:TaskB:END
[ 3290 ] PTL_MGR released TaskA 
[TRACE] 3290:TaskA:START
[TRACE] 3292:TaskA:END
[ 3300 ] PTL_MGR released TaskA 
[ 3300 ] PTL_MGR released TaskB 
[TRACE] 3300:TaskA:START
[TRACE] 3302:TaskA:END
[TRACE] 3302:TaskB:START
[TRACE] 3304:TaskB:END
[ 3310 ] PTL_MGR released TaskA 
[TRACE] 3310:TaskA:START
[TRACE] 3312:TaskA:END
[ 3315 ] PTL_MGR released TaskB 
[TRACE] 3315:TaskB:START
[TRACE] 3317:TaskB:END
[ 3320 ] PTL_MGR released TaskA 
[TRACE] 3320:TaskA:START
[TRACE] 3322:TaskA:END
[ 3330 ] PTL_MGR released TaskA 
[ 3330 ] PTL_MGR released TaskB 
[TRACE] 3330:TaskA:START
[TRACE] 3332:TaskA:END
[TRACE] 3332:TaskB:START
[TRACE] 3334:TaskB:END
[ 3340 ] PTL_MGR released TaskA 
[TRACE] 3340:TaskA:START
[TRACE] 3342:TaskA:END
[ 3345 ] PTL_MGR released TaskB 
[TRACE] 3345:TaskB:START
[TRACE] 3347:TaskB:END
[ 3350 ] PTL_MGR released TaskA 
[TRACE] 3350:TaskA:START
[TRACE] 3352:TaskA:END
[ 3360 ] PTL_MGR released TaskA 
[ 3360 ] PTL_MGR released TaskB 
[TRACE] 3360:TaskA:START
[TRACE] 3362:TaskA:END
[TRACE] 3362:TaskB:START
[TRACE] 3364:TaskB:END
[ 3370 ] PTL_MGR released TaskA 
[TRACE] 3370:TaskA:START
[TRACE] 3372:TaskA:END
[ 3375 ] PTL_MGR released TaskB 
[TRACE] 3375:TaskB:START
[TRACE] 3377:TaskB:END
[ 3380 ] PTL_MGR released TaskA 
[TRACE] 3380:TaskA:START
[TRACE] 3382:TaskA:END
[ 3390 ] PTL_MGR released TaskA 
[ 3390 ] PTL_MGR released TaskB 
[TRACE] 3390:TaskA:START
[TRACE] 3392:TaskA:END
[TRACE] 3392:TaskB:START
[TRACE] 3394:TaskB:END
[ 3400 ] PTL_MGR released TaskA 
[TRACE] 3400:TaskA:START
[TRACE] 3402:TaskA:END
[ 3405 ] PTL_MGR released TaskB 
[TRACE] 3405:TaskB:START
[TRACE] 3407:TaskB:END
[ 3410 ] PTL_MGR released TaskA 
[TRACE] 3410:TaskA:START
[TRACE] 3412:TaskA:END
[ 3420 ] PTL_MGR released TaskA 
[ 3420 ] PTL_MGR released TaskB 
[TRACE] 3420:TaskA:START
[TRACE] 3422:TaskA:END
[TRACE] 3422:TaskB:START
[TRACE] 3424:TaskB:END
[ 3430 ] PTL_MGR released TaskA 
[TRACE] 3430:TaskA:START
[TRACE] 3432:TaskA:END
[ 3435 ] PTL_MGR released TaskB 
[TRACE] 3435:TaskB:START
[TRACE] 3437:TaskB:END
[ 3440 ] PTL_MGR released TaskA 
[TRACE] 3440:TaskA:START
[TRACE] 3442:TaskA:END
[ 3450 ] PTL_MGR released TaskA 
[ 3450 ] PTL_MGR released TaskB 
[TRACE] 3450:TaskA:START
[TRACE] 3452:TaskA:END
[TRACE] 3452:TaskB:START
[TRACE] 3454:TaskB:END
[ 3460 ] PTL_MGR released TaskA 
[TRACE] 3460:TaskA:START
[TRACE] 3462:TaskA:END
[ 3465 ] PTL_MGR released TaskB 
[TRACE] 3465:TaskB:START
[TRACE] 3467:TaskB:END
[ 3470 ] PTL_MGR released TaskA 
[TRACE] 3470:TaskA:START
[TRACE] 3472:TaskA:END
[ 3480 ] PTL_MGR released TaskA 
[ 3480 ] PTL_MGR released TaskB 
[TRACE] 3480:TaskA:START
[TRACE] 3482:TaskA:END
[TRACE] 3482:TaskB:START
[TRACE] 3484:TaskB:END
[ 3490 ] PTL_MGR released TaskA 
[TRACE] 3490:TaskA:START
[TRACE] 3492:TaskA:END
[ 3495 ] PTL_MGR released TaskB 
[TRACE] 3495:TaskB:START
[TRACE] 3497:TaskB:END
[ 3500 ] PTL_MGR released TaskA 
[TRACE] 3500:TaskA:START
[TRACE] 3502:TaskA:END
[ 3510 ] PTL_MGR released TaskA 
[ 3510 ] PTL_MGR released TaskB 
[TRACE] 3510:TaskA:START
[TRACE] 3512:TaskA:END
[TRACE] 3512:TaskB:START
[TRACE] 3514:TaskB:END
[ 3520 ] PTL_MGR released TaskA 
[TRACE] 3520:TaskA:START
[TRACE] 3522:TaskA:END
[ 3525 ] PTL_MGR released TaskB 
[TRACE] 3525:TaskB:START
[TRACE] 3527:TaskB:END
[ 3530 ] PTL_MGR released TaskA 
[TRACE] 3530:TaskA:START
[TRACE] 3532:TaskA:END
[ 3540 ] PTL_MGR released TaskA 
[ 3540 ] PTL_MGR released TaskB 
[TRACE] 3540:TaskA:START
[TRACE] 3542:TaskA:END
[TRACE] 3542:TaskB:START
[TRACE] 3544:TaskB:END
[ 3550 ] PTL_MGR released TaskA 
[TRACE] 3550:TaskA:START
[TRACE] 3552:TaskA:END
[ 3555 ] PTL_MGR released TaskB 
[TRACE] 3555:TaskB:START
[TRACE] 3557:TaskB:END
[ 3560 ] PTL_MGR released TaskA 
[TRACE] 3560:TaskA:START
[TRACE] 3562:TaskA:END
[ 3570 ] PTL_MGR released TaskA 
[ 3570 ] PTL_MGR released TaskB 
[TRACE] 3570:TaskA:START
[TRACE] 3572:TaskA:END
[TRACE] 3572:TaskB:START
[TRACE] 3574:TaskB:END
[ 3580 ] PTL_MGR released TaskA 
[TRACE] 3580:TaskA:START
[TRACE] 3582:TaskA:END
[ 3585 ] PTL_MGR released TaskB 
[TRACE] 3585:TaskB:START
[TRACE] 3587:TaskB:END
[ 3590 ] PTL_MGR released TaskA 
[TRACE] 3590:TaskA:START
[TRACE] 3592:TaskA:END
[ 3600 ] PTL_MGR released TaskA 
[ 3600 ] PTL_MGR released TaskB 
[TRACE] 3600:TaskA:START
[TRACE] 3602:TaskA:END
[TRACE] 3602:TaskB:START
[TRACE] 3604:TaskB:END
[ 3610 ] PTL_MGR released TaskA 
[TRACE] 3610:TaskA:START
[TRACE] 3612:TaskA:END
[ 3615 ] PTL_MGR released TaskB 
[TRACE] 3615:TaskB:START
[TRACE] 3617:TaskB:END
[ 3620 ] PTL_MGR released TaskA 
[TRACE] 3620:TaskA:START
[TRACE] 3622:TaskA:END
[ 3630 ] PTL_MGR released TaskA 
[ 3630 ] PTL_MGR released TaskB 
[TRACE] 3630:TaskA:START
[TRACE] 3632:TaskA:END
[TRACE] 3632:TaskB:START
[TRACE] 3634:TaskB:END
[ 3640 ] PTL_MGR released TaskA 
[TRACE] 3640:TaskA:START
[TRACE] 3642:TaskA:END
[ 3645 ] PTL_MGR released TaskB 
[TRACE] 3645:TaskB:START
[TRACE] 3647:TaskB:END
[ 3650 ] PTL_MGR released TaskA 
[TRACE] 3650:TaskA:START
[TRACE] 3652:TaskA:END
[ 3660 ] PTL_MGR released TaskA 
[ 3660 ] PTL_MGR released TaskB 
[TRACE] 3660:TaskA:START
[TRACE] 3662:TaskA:END
[TRACE] 3662:TaskB:START
[TRACE] 3664:TaskB:END
[ 3670 ] PTL_MGR released TaskA 
[TRACE] 3670:TaskA:START
[TRACE] 3672:TaskA:END
[ 3675 ] PTL_MGR released TaskB 
[TRACE] 3675:TaskB:START
[TRACE] 3677:TaskB:END
[ 3680 ] PTL_MGR released TaskA 
[TRACE] 3680:TaskA:START
[TRACE] 3682:TaskA:END
[ 3690 ] PTL_MGR released TaskA 
[ 3690 ] PTL_MGR released TaskB 
[TRACE] 3690:TaskA:START
[TRACE] 3692:TaskA:END
[TRACE] 3692:TaskB:START
[TRACE] 3694:TaskB:END
[ 3700 ] PTL_MGR released TaskA 
[TRACE] 3700:TaskA:START
[TRACE] 3702:TaskA:END
[ 3705 ] PTL_MGR released TaskB 
[TRACE] 3705:TaskB:START
[TRACE] 3707:TaskB:END
[ 3710 ] PTL_MGR released TaskA 
[TRACE] 3710:TaskA:START
[TRACE] 3712:TaskA:END
[ 3720 ] PTL_MGR released TaskA 
[ 3720 ] PTL_MGR released TaskB 
[TRACE] 3720:TaskA:START
[TRACE] 3722:TaskA:END
[TRACE] 3722:TaskB:START
[TRACE] 3724:TaskB:END
[ 3730 ] PTL_MGR released TaskA 
[TRACE] 3730:TaskA:START
[TRACE] 3732:TaskA:END
[ 3735 ] PTL_MGR released TaskB 
[TRACE] 3735:TaskB:START
[TRACE] 3737:TaskB:END
[ 3740 ] PTL_MGR released TaskA 
[TRACE] 3740:TaskA:START
[TRACE] 3742:TaskA:END
[ 3750 ] PTL_MGR released TaskA 
[ 3750 ] PTL_MGR released TaskB 
[TRACE] 3750:TaskA:START
[TRACE] 3752:TaskA:END
[TRACE] 3752:TaskB:START
[TRACE] 3754:TaskB:END
[ 3760 ] PTL_MGR released TaskA 
[TRACE] 3760:TaskA:START
[TRACE] 3762:TaskA:END
[ 3765 ] PTL_MGR released TaskB 
[TRACE] 3765:TaskB:START
[TRACE] 3767:TaskB:END
[ 3770 ] PTL_MGR released TaskA 
[TRACE] 3770:TaskA:START
[TRACE] 3772:TaskA:END
[ 3780 ] PTL_MGR released TaskA 
[ 3780 ] PTL_MGR released TaskB 
[TRACE] 3780:TaskA:START
[TRACE] 3782:TaskA:END
[TRACE] 3782:TaskB:START
[TRACE] 3784:TaskB:END
[ 3790 ] PTL_MGR released TaskA 
[TRACE] 3790:TaskA:START
[TRACE] 3792:TaskA:END
[ 3795 ] PTL_MGR released TaskB 
[TRACE] 3795:TaskB:START
[TRACE] 3797:TaskB:END
[ 3800 ] PTL_MGR released TaskA 
[TRACE] 3800:TaskA:START
[TRACE] 3802:TaskA:END
[ 3810 ] PTL_MGR released TaskA 
[ 3810 ] PTL_MGR released TaskB 
[TRACE] 3810:TaskA:START
[TRACE] 3812:TaskA:END
[TRACE] 3812:TaskB:START
[TRACE] 3814:TaskB:END
[ 3820 ] PTL_MGR released TaskA 
[TRACE] 3820:TaskA:START
[TRACE] 3822:TaskA:END
[ 3825 ] PTL_MGR released TaskB 
[TRACE] 3825:TaskB:START
[TRACE] 3827:TaskB:END
[ 3830 ] PTL_MGR released TaskA 
[TRACE] 3830:TaskA:START
[TRACE] 3832:TaskA:END
[ 3840 ] PTL_MGR released TaskA 
[ 3840 ] PTL_MGR released TaskB 
[TRACE] 3840:TaskA:START
[TRACE] 3842:TaskA:END
[TRACE] 3842:TaskB:START
[TRACE] 3844:TaskB:END
[ 3850 ] PTL_MGR released TaskA 
[TRACE] 3850:TaskA:START
[TRACE] 3852:TaskA:END
[ 3855 ] PTL_MGR released TaskB 
[TRACE] 3855:TaskB:START
[TRACE] 3857:TaskB:END
[ 3860 ] PTL_MGR released TaskA 
[TRACE] 3860:TaskA:START
[TRACE] 3862:TaskA:END
[ 3870 ] PTL_MGR released TaskA 
[ 3870 ] PTL_MGR released TaskB 
[TRACE] 3870:TaskA:START
[TRACE] 3872:TaskA:END
[TRACE] 3872:TaskB:START
[TRACE] 3874:TaskB:END
[ 3880 ] PTL_MGR released TaskA 
[TRACE] 3880:TaskA:START
[TRACE] 3882:TaskA:END
[ 3885 ] PTL_MGR released TaskB 
[TRACE] 3885:TaskB:START
[TRACE] 3887:TaskB:END
[ 3890 ] PTL_MGR released TaskA 
[TRACE] 3890:TaskA:START
[TRACE] 3892:TaskA:END
[ 3900 ] PTL_MGR released TaskA 
[ 3900 ] PTL_MGR released TaskB 
[TRACE] 3900:TaskA:START
[TRACE] 3902:TaskA:END
[TRACE] 3902:TaskB:START
[TRACE] 3904:TaskB:END
[ 3910 ] PTL_MGR released TaskA 
[TRACE] 3910:TaskA:START
[TRACE] 3912:TaskA:END
[ 3915 ] PTL_MGR released TaskB 
[TRACE] 3915:TaskB:START
[TRACE] 3917:TaskB:END
[ 3920 ] PTL_MGR released TaskA 
[TRACE] 3920:TaskA:START
[TRACE] 3922:TaskA:END
[ 3930 ] PTL_MGR released TaskA 
[ 3930 ] PTL_MGR released TaskB 
[TRACE] 3930:TaskA:START
[TRACE] 3932:TaskA:END
[TRACE] 3932:TaskB:START
[TRACE] 3934:TaskB:END
[ 3940 ] PTL_MGR released TaskA 
[TRACE] 3940:TaskA:START
[TRACE] 3942:TaskA:END
[ 3945 ] PTL_MGR released TaskB 
[TRACE] 3945:TaskB:START
[TRACE] 3947:TaskB:END
[ 3950 ] PTL_MGR released TaskA 
[TRACE] 3950:TaskA:START
[TRACE] 3952:TaskA:END
[ 3960 ] PTL_MGR released TaskA 
[ 3960 ] PTL_MGR released TaskB 
[TRACE] 3960:TaskA:START
[TRACE] 3962:TaskA:END
[TRACE] 3962:TaskB:START
[TRACE] 3964:TaskB:END
[ 3970 ] PTL_MGR released TaskA 
[TRACE] 3970:TaskA:START
[TRACE] 3972:TaskA:END
[ 3975 ] PTL_MGR released TaskB 
[TRACE] 3975:TaskB:START
[TRACE] 3977:TaskB:END
qemu-system-arm: terminating on signal 15 from pid 25821 (/bin/bash)
