Running Test Case: 5

[TEST 5] Deadline Miss (Not Overrun)
[ 0 ] PTL_MGR released TaskMiss 
[TRACE] 0:TaskMiss:START
[TRACE] 15:TaskMiss:MISS
[TRACE] 15:TaskMiss:END
[ 20 ] PTL_MGR released TaskMiss 
[TRACE] 20:TaskMiss:START
[TRACE] 35:TaskMiss:MISS
[TRACE] 35:TaskMiss:END
[ 40 ] PTL_MGR released TaskMiss 
[TRACE] 40:TaskMiss:START
[TRACE] 55:TaskMiss:MISS
[TRACE] 55:TaskMiss:END
[ 60 ] PTL_MGR released TaskMiss 
[TRACE] 60:TaskMiss:START
[TRACE] 75:TaskMiss:MISS
[TRACE] 75:TaskMiss:END
[ 80 ] PTL_MGR released TaskMiss 
[TRACE] 80:TaskMiss:START
[TRACE] 95:TaskMiss:MISS
[TRACE] 95:TaskMiss:END
[ 100 ] PTL_MGR released TaskMiss 
[TRACE] 100:TaskMiss:START
[TRACE] 115:TaskMiss:MISS
[TRACE] 115:TaskMiss:END
[ 120 ] PTL_MGR released TaskMiss 
[TRACE] 120:TaskMiss:START
[TRACE] 135:TaskMiss:MISS
[TRACE] 135:TaskMiss:END
[ 140 ] PTL_MGR released TaskMiss 
[TRACE] 140:TaskMiss:START
[TRACE] 155:TaskMiss:MISS
[TRACE] 155:TaskMiss:END
[ 160 ] PTL_MGR released TaskMiss 
[TRACE] 160:TaskMiss:START
[TRACE] 175:TaskMiss:MISS
[TRACE] 175:TaskMiss:END
[ 180 ] PTL_MGR released TaskMiss 
[TRACE] 180:TaskMiss:START
[TRACE] 195:TaskMiss:MISS
[TRACE] 195:TaskMiss:END
[ 200 ] PTL_MGR released TaskMiss 
[TRACE] 200:TaskMiss:START
[TRACE] 215:TaskMiss:MISS
[TRACE] 215:TaskMiss:END
[ 220 ] PTL_MGR released TaskMiss 
[TRACE] 220:TaskMiss:START
[TRACE] 235:TaskMiss:MISS
[TRACE] 235:TaskMiss:END
[ 240 ] PTL_MGR released TaskMiss 
[TRACE] 240:TaskMiss:START
[TRACE] 255:TaskMiss:MISS
[TRACE] 255:TaskMiss:END
[ 260 ] PTL_MGR released TaskMiss 
[TRACE] 260:TaskMiss:START
[TRACE] 275:TaskMiss:MISS
[TRACE] 275:TaskMiss:END
[ 280 ] PTL_MGR released TaskMiss 
[TRACE] 280:TaskMiss:START
[TRACE] 295:TaskMiss:MISS
[TRACE] 295:TaskMiss:END
[ 300 ] PTL_MGR released TaskMiss 
[TRACE] 300:TaskMiss:START
[TRACE] 315:TaskMiss:MISS
[TRACE] 315:TaskMiss:END
[ 320 ] PTL_MGR released TaskMiss 
[TRACE] 320:TaskMiss:START
[TRACE] 335:TaskMiss:MISS
[TRACE] 335:TaskMiss:END
[ 340 ] PTL_MGR released TaskMiss 
[TRACE] 340:TaskMiss:START
[TRACE] 355:TaskMiss:MISS
[TRACE] 355:TaskMiss:END
[ 360 ] PTL_MGR released TaskMiss 
[TRACE] 360:TaskMiss:START
[TRACE] 375:TaskMiss:MISS
[TRACE] 375:TaskMiss:END
[ 380 ] PTL_MGR released TaskMiss 
[TRACE] 380:TaskMiss:START
[TRACE] 395:TaskMiss:MISS
[TRACE] 395:TaskMiss:END
[ 400 ] PTL_MGR released TaskMiss 
[TRACE] 400:TaskMiss:START
[TRACE] 415:TaskMiss:MISS
[TRACE] 415:TaskMiss:END
[ 420 ] PTL_MGR released TaskMiss 
[TRACE] 420:TaskMiss:START
[TRACE] 435:TaskMiss:MISS
[TRACE] 435:TaskMiss:END
[ 440 ] PTL_MGR released TaskMiss 
[TRACE] 440:TaskMiss:START
[TRACE] 455:TaskMiss:MISS
[TRACE] 455:TaskMiss:END
[ 460 ] PTL_MGR released TaskMiss 
[TRACE] 460:TaskMiss:START
[TRACE] 475:TaskMiss:MISS
[TRACE] 475:TaskMiss:END
[ 480 ] PTL_MGR released TaskMiss 
[TRACE] 480:TaskMiss:START
[TRACE] 495:TaskMiss:MISS
[TRACE] 495:TaskMiss:END
[ 500 ] PTL_MGR released TaskMiss 
[TRACE] 500:TaskMiss:START
[TRACE] 515:TaskMiss:MISS
[TRACE] 515:TaskMiss:END
[ 520 ] PTL_MGR released TaskMiss 
[TRACE] 520:TaskMiss:START
[TRACE] 535:TaskMiss:MISS
[TRACE] 535:TaskMiss:END
[ 540 ] PTL_MGR released TaskMiss 
[TRACE] 540:TaskMiss:START
[TRACE] 555:TaskMiss:MISS
[TRACE] 555:TaskMiss:END
[ 560 ] PTL_MGR released TaskMiss 
[TRACE] 560:TaskMiss:START
[TRACE] 575:TaskMiss:MISS
[TRACE] 575:TaskMiss:END
[ 580 ] PTL_MGR released TaskMiss 
[TRACE] 580:TaskMiss:START
[TRACE] 595:TaskMiss:MISS
[TRACE] 595:TaskMiss:END
[ 600 ] PTL_MGR released TaskMiss 
[TRACE] 600:TaskMiss:START
[TRACE] 615:TaskMiss:MISS
[TRACE] 615:TaskMiss:END
[ 620 ] PTL_MGR released TaskMiss 
[TRACE] 620:TaskMiss:START
[TRACE] 635:TaskMiss:MISS
[TRACE] 635:TaskMiss:END
[ 640 ] PTL_MGR released TaskMiss 
[TRACE] 640:TaskMiss:START
[TRACE] 655:TaskMiss:MISS
[TRACE] 655:TaskMiss:END
[ 660 ] PTL_MGR released TaskMiss 
[TRACE] 660:TaskMiss:START
[TRACE] 675:TaskMiss:MISS
[TRACE] 675:TaskMiss:END
[ 680 ] PTL_MGR released TaskMiss 
[TRACE] 680:TaskMiss:START
[TRACE] 695:TaskMiss:MISS
[TRACE] 695:TaskMiss:END
[ 700 ] PTL_MGR released TaskMiss 
[TRACE] 700:TaskMiss:START
[TRACE] 715:TaskMiss:MISS
[TRACE] 715:TaskMiss:END
[ 720 ] PTL_MGR released TaskMiss 
[TRACE] 720:TaskMiss:START
[TRACE] 735:TaskMiss:MISS
[TRACE] 735:TaskMiss:END
[ 740 ] PTL_MGR released TaskMiss 
[TRACE] 740:TaskMiss:START
[TRACE] 755:TaskMiss:MISS
[TRACE] 755:TaskMiss:END
[ 760 ] PTL_MGR released TaskMiss 
[TRACE] 760:TaskMiss:START
[TRACE] 775:TaskMiss:MISS
[TRACE] 775:TaskMiss:END
[ 780 ] PTL_MGR released TaskMiss 
[TRACE] 780:TaskMiss:START
[TRACE] 795:TaskMiss:MISS
[TRACE] 795:TaskMiss:END
[ 800 ] PTL_MGR released TaskMiss 
[TRACE] 800:TaskMiss:START
[TRACE] 815:TaskMiss:MISS
[TRACE] 815:TaskMiss:END
[ 820 ] PTL_MGR released TaskMiss 
[TRACE] 820:TaskMiss:START
[TRACE] 835:TaskMiss:MISS
[TRACE] 835:TaskMiss:END
[ 840 ] PTL_MGR released TaskMiss 
[TRACE] 840:TaskMiss:START
[TRACE] 855:TaskMiss:MISS
[TRACE] 855:TaskMiss:END
[ 860 ] PTL_MGR released TaskMiss 
[TRACE] 860:TaskMiss:START
[TRACE] 875:TaskMiss:MISS
[TRACE] 875:TaskMiss:END
[ 880 ] PTL_MGR released TaskMiss 
[TRACE] 880:TaskMiss:START
[TRACE] 895:TaskMiss:MISS
[TRACE] 895:TaskMiss:END
[ 900 ] PTL_MGR released TaskMiss 
[TRACE] 900:TaskMiss:START
[TRACE] 915:TaskMiss:MISS
[TRACE] 915:TaskMiss:END
[ 920 ] PTL_MGR released TaskMiss 
[TRACE] 920:TaskMiss:START
[TRACE] 935:TaskMiss:MISS
[TRACE] 935:TaskMiss:END
[ 940 ] PTL_MGR released TaskMiss 
[TRACE] 940:TaskMiss:START
[TRACE] 955:TaskMiss:MISS
[TRACE] 955:TaskMiss:END
[ 960 ] PTL_MGR released TaskMiss 
[TRACE] 960:TaskMiss:START
[TRACE] 975:TaskMiss:MISS
[TRACE] 975:TaskMiss:END
[ 980 ] PTL_MGR released TaskMiss 
[TRACE] 980:TaskMiss:START
[TRACE] 995:TaskMiss:MISS
[TRACE] 995:TaskMiss:END
[ 1000 ] PTL_MGR released TaskMiss 
[TRACE] 1000:TaskMiss:START
[TRACE] 1015:TaskMiss:MISS
[TRACE] 1015:TaskMiss:END
[ 1020 ] PTL_MGR released TaskMiss 
[TRACE] 1020:TaskMiss:START
[TRACE] 1035:TaskMiss:MISS
[TRACE] 1035:TaskMiss:END
[ 1040 ] PTL_MGR released TaskMiss 
[TRACE] 1040:TaskMiss:START
[TRACE] 1055:TaskMiss:MISS
[TRACE] 1055:TaskMiss:END
[ 1060 ] PTL_MGR released TaskMiss 
[TRACE] 1060:TaskMiss:START
[TRACE] 1075:TaskMiss:MISS
[TRACE] 1075:TaskMiss:END
[ 1080 ] PTL_MGR released TaskMiss 
[TRACE] 1080:TaskMiss:START
[TRACE] 1095:TaskMiss:MISS
[TRACE] 1095:TaskMiss:END
[ 1100 ] PTL_MGR released TaskMiss 
[TRACE] 1100:TaskMiss:START
[TRACE] 1115:TaskMiss:MISS
[TRACE] 1115:TaskMiss:END
[ 1120 ] PTL_MGR released TaskMiss 
[TRACE] 1120:TaskMiss:START
[TRACE] 1135:TaskMiss:MISS
[TRACE] 1135:TaskMiss:END
[ 1140 ] PTL_MGR released TaskMiss 
[TRACE] 1140:TaskMiss:START
[TRACE] 1155:TaskMiss:MISS
[TRACE] 1155:TaskMiss:END
[ 1160 ] PTL_MGR released TaskMiss 
[TRACE] 1160:TaskMiss:START
[TRACE] 1175:TaskMiss:MISS
[TRACE] 1175:TaskMiss:END
[ 1180 ] PTL_MGR released TaskMiss 
[TRACE] 1180:TaskMiss:START
[TRACE] 1195:TaskMiss:MISS
[TRACE] 1195:TaskMiss:END
[ 1200 ] PTL_MGR released TaskMiss 
[TRACE] 1200:TaskMiss:START
[TRACE] 1215:TaskMiss:MISS
[TRACE] 1215:TaskMiss:END
[ 1220 ] PTL_MGR released TaskMiss 
[TRACE] 1220:TaskMiss:START
[TRACE] 1235:TaskMiss:MISS
[TRACE] 1235:TaskMiss:END
[ 1240 ] PTL_MGR released TaskMiss 
[TRACE] 1240:TaskMiss:START
[TRACE] 1255:TaskMiss:MISS
[TRACE] 1255:TaskMiss:END
[ 1260 ] PTL_MGR released TaskMiss 
[TRACE] 1260:TaskMiss:START
[TRACE] 1275:TaskMiss:MISS
[TRACE] 1275:TaskMiss:END
[ 1280 ] PTL_MGR released TaskMiss 
[TRACE] 1280:TaskMiss:START
[TRACE] 1295:TaskMiss:MISS
[TRACE] 1295:TaskMiss:END
[ 1300 ] PTL_MGR released TaskMiss 
[TRACE] 1300:TaskMiss:START
[TRACE] 1315:TaskMiss:MISS
[TRACE] 1315:TaskMiss:END
[ 1320 ] PTL_MGR released TaskMiss 
[TRACE] 1320:TaskMiss:START
[TRACE] 1335:TaskMiss:MISS
[TRACE] 1335:TaskMiss:END
[ 1340 ] PTL_MGR released TaskMiss 
[TRACE] 1340:TaskMiss:START
[TRACE] 1355:TaskMiss:MISS
[TRACE] 1355:TaskMiss:END
[ 1360 ] PTL_MGR released TaskMiss 
[TRACE] 1360:TaskMiss:START
[TRACE] 1375:TaskMiss:MISS
[TRACE] 1375:TaskMiss:END
[ 1380 ] PTL_MGR released TaskMiss 
[TRACE] 1380:TaskMiss:START
[TRACE] 1395:TaskMiss:MISS
[TRACE] 1395:TaskMiss:END
[ 1400 ] PTL_MGR released TaskMiss 
[TRACE] 1400:TaskMiss:START
[TRACE] 1415:TaskMiss:MISS
[TRACE] 1415:TaskMiss:END
[ 1420 ] PTL_MGR released TaskMiss 
[TRACE] 1420:TaskMiss:START
[TRACE] 1435:TaskMiss:MISS
[TRACE] 1435:TaskMiss:END
[ 1440 ] PTL_MGR released TaskMiss 
[TRACE] 1440:TaskMiss:START
[TRACE] 1455:TaskMiss:MISS
[TRACE] 1455:TaskMiss:END
[ 1460 ] PTL_MGR released TaskMiss 
[TRACE] 1460:TaskMiss:START
[TRACE] 1475:TaskMiss:MISS
[TRACE] 1475:TaskMiss:END
[ 1480 ] PTL_MGR released TaskMiss 
[TRACE] 1480:TaskMiss:START
[TRACE] 1495:TaskMiss:MISS
[TRACE] 1495:TaskMiss:END
[ 1500 ] PTL_MGR released TaskMiss 
[TRACE] 1500:TaskMiss:START
[TRACE] 1515:TaskMiss:MISS
[TRACE] 1515:TaskMiss:END
[ 1520 ] PTL_MGR released TaskMiss 
[TRACE] 1520:TaskMiss:START
[TRACE] 1535:TaskMiss:MISS
[TRACE] 1535:TaskMiss:END
[ 1540 ] PTL_MGR released TaskMiss 
[TRACE] 1540:TaskMiss:START
[TRACE] 1555:TaskMiss:MISS
[TRACE] 1555:TaskMiss:END
[ 1560 ] PTL_MGR released TaskMiss 
[TRACE] 1560:TaskMiss:START
[TRACE] 1575:TaskMiss:MISS
[TRACE] 1575:TaskMiss:END
[ 1580 ] PTL_MGR released TaskMiss 
[TRACE] 1580:TaskMiss:START
[TRACE] 1595:TaskMiss:MISS
[TRACE] 1595:TaskMiss:END
[ 1600 ] PTL_MGR released TaskMiss 
[TRACE] 1600:TaskMiss:START
[TRACE] 1615:TaskMiss:MISS
[TRACE] 1615:TaskMiss:END
[ 1620 ] PTL_MGR released TaskMiss 
[TRACE] 1620:TaskMiss:START
[TRACE] 1635:TaskMiss:MISS
[TRACE] 1635:TaskMiss:END
[ 1640 ] PTL_MGR released TaskMiss 
[TRACE] 1640:TaskMiss:START
[TRACE] 1655:TaskMiss:MISS
[TRACE] 1655:TaskMiss:END
[ 1660 ] PTL_MGR released TaskMiss 
[TRACE] 1660:TaskMiss:START
[TRACE] 1675:TaskMiss:MISS
[TRACE] 1675:TaskMiss:END
[ 1680 ] PTL_MGR released TaskMiss 
[TRACE] 1680:TaskMiss:START
[TRACE] 1695:TaskMiss:MISS
[TRACE] 1695:TaskMiss:END
[ 1700 ] PTL_MGR released TaskMiss 
[TRACE] 1700:TaskMiss:START
[TRACE] 1715:TaskMiss:MISS
[TRACE] 1715:TaskMiss:END
[ 1720 ] PTL_MGR released TaskMiss 
[TRACE] 1720:TaskMiss:START
[TRACE] 1735:TaskMiss:MISS
[TRACE] 1735:TaskMiss:END
[ 1740 ] PTL_MGR released TaskMiss 
[TRACE] 1740:TaskMiss:START
[TRACE] 1755:TaskMiss:MISS
[TRACE] 1755:TaskMiss:END
[ 1760 ] PTL_MGR released TaskMiss 
[TRACE] 1760:TaskMiss:START
[TRACE] 1775:TaskMiss:MISS
[TRACE] 1775:TaskMiss:END
[ 1780 ] PTL_MGR released TaskMiss 
[TRACE] 1780:TaskMiss:START
[TRACE] 1795:TaskMiss:MISS
[TRACE] 1795:TaskMiss:END
[ 1800 ] PTL_MGR released TaskMiss 
[TRACE] 1800:TaskMiss:START
[TRACE] 1815:TaskMiss:MISS
[TRACE] 1815:TaskMiss:END
[ 1820 ] PTL_MGR released TaskMiss 
[TRACE] 1820:TaskMiss:START
[TRACE] 1835:TaskMiss:MISS
[TRACE] 1835:TaskMiss:END
[ 1840 ] PTL_MGR released TaskMiss 
[TRACE] 1840:TaskMiss:START
[TRACE] 1855:TaskMiss:MISS
[TRACE] 1855:TaskMiss:END
[ 1860 ] PTL_MGR released TaskMiss 
[TRACE] 1860:TaskMiss:START
[TRACE] 1875:TaskMiss:MISS
[TRACE] 1875:TaskMiss:END
[ 1880 ] PTL_MGR released TaskMiss 
[TRACE] 1880:TaskMiss:START
[TRACE] 1895:TaskMiss:MISS
[TRACE] 1895:TaskMiss:END
[ 1900 ] PTL_MGR released TaskMiss 
[TRACE] 1900:TaskMiss:START
[TRACE] 1915:TaskMiss:MISS
[TRACE] 1915:TaskMiss:END
[ 1920 ] PTL_MGR released TaskMiss 
[TRACE] 1920:TaskMiss:START
[TRACE] 1935:TaskMiss:MISS
[TRACE] 1935:TaskMiss:END
[ 1940 ] PTL_MGR released TaskMiss 
[TRACE] 1940:TaskMiss:START
[TRACE] 1955:TaskMiss:MISS
[TRACE] 1955:TaskMiss:END
[ 1960 ] PTL_MGR released TaskMiss 
[TRACE] 1960:TaskMiss:START
[TRACE] 1975:TaskMiss:MISS
[TRACE] 1975:TaskMiss:END
[ 1980 ] PTL_MGR released TaskMiss 
[TRACE] 1980:TaskMiss:START
[TRACE] 1995:TaskMiss:MISS
[TRACE] 1995:TaskMiss:END
[ 2000 ] PTL_MGR released TaskMiss 
[TRACE] 2000:TaskMiss:START
[TRACE] 2015:TaskMiss:MISS
[TRACE] 2015:TaskMiss:END
[ 2020 ] PTL_MGR released TaskMiss 
[TRACE] 2020:TaskMiss:START
[TRACE] 2035:TaskMiss:MISS
[TRACE] 2035:TaskMiss:END
[ 2040 ] PTL_MGR released TaskMiss 
[TRACE] 2040:TaskMiss:START
[TRACE] 2055:TaskMiss:MISS
[TRACE] 2055:TaskMiss:END
[ 2060 ] PTL_MGR released TaskMiss 
[TRACE] 2060:TaskMiss:START
[TRACE] 2075:TaskMiss:MISS
[TRACE] 2075:TaskMiss:END
[ 2080 ] PTL_MGR released TaskMiss 
[TRACE] 2080:TaskMiss:START
[TRACE] 2095:TaskMiss:MISS
[TRACE] 2095:TaskMiss:END
[ 2100 ] PTL_MGR released TaskMiss 
[TRACE] 2100:TaskMiss:START
[TRACE] 2115:TaskMiss:MISS
[TRACE] 2115:TaskMiss:END
[ 2120 ] PTL_MGR released TaskMiss 
[TRACE] 2120:TaskMiss:START
[TRACE] 2135:TaskMiss:MISS
[TRACE] 2135:TaskMiss:END
[ 2140 ] PTL_MGR released TaskMiss 
[TRACE] 2140:TaskMiss:START
[TRACE] 2155:TaskMiss:MISS
[TRACE] 2155:TaskMiss:END
[ 2160 ] PTL_MGR released TaskMiss 
[TRACE] 2160:TaskMiss:START
[TRACE] 2175:TaskMiss:MISS
[TRACE] 2175:TaskMiss:END
[ 2180 ] PTL_MGR released TaskMiss 
[TRACE] 2180:TaskMiss:START
[TRACE] 2195:TaskMiss:MISS
[TRACE] 2195:TaskMiss:END
[ 2200 ] PTL_MGR released TaskMiss 
[TRACE] 2200:TaskMiss:START
[TRACE] 2215:TaskMiss:MISS
[TRACE] 2215:TaskMiss:END
[ 2220 ] PTL_MGR released TaskMiss 
[TRACE] 2220:TaskMiss:START
[TRACE] 2235:TaskMiss:MISS
[TRACE] 2235:TaskMiss:END
[ 2240 ] PTL_MGR released TaskMiss 
[TRACE] 2240:TaskMiss:START
[TRACE] 2255:TaskMiss:MISS
[TRACE] 2255:TaskMiss:END
[ 2260 ] PTL_MGR released TaskMiss 
[TRACE] 2260:TaskMiss:START
[TRACE] 2275:TaskMiss:MISS
[TRACE] 2275:TaskMiss:END
[ 2280 ] PTL_MGR released TaskMiss 
[TRACE] 2280:TaskMiss:START
[TRACE] 2295:TaskMiss:MISS
[TRACE] 2295:TaskMiss:END
[ 2300 ] PTL_MGR released TaskMiss 
[TRACE] 2300:TaskMiss:START
[TRACE] 2315:TaskMiss:MISS
[TRACE] 2315:TaskMiss:END
[ 2320 ] PTL_MGR released TaskMiss 
[TRACE] 2320:TaskMiss:START
[TRACE] 2335:TaskMiss:MISS
[TRACE] 2335:TaskMiss:END
[ 2340 ] PTL_MGR released TaskMiss 
[TRACE] 2340:TaskMiss:START
[TRACE] 2355:TaskMiss:MISS
[TRACE] 2355:TaskMiss:END
[ 2360 ] PTL_MGR released TaskMiss 
[TRACE] 2360:TaskMiss:START
[TRACE] 2375:TaskMiss:MISS
[TRACE] 2375:TaskMiss:END
[ 2380 ] PTL_MGR released TaskMiss 
[TRACE] 2380:TaskMiss:START
[TRACE] 2395:TaskMiss:MISS
[TRACE] 2395:TaskMiss:END
[ 2400 ] PTL_MGR released TaskMiss 
[TRACE] 2400:TaskMiss:START
[TRACE] 2415:TaskMiss:MISS
[TRACE] 2415:TaskMiss:END
[ 2420 ] PTL_MGR released TaskMiss 
[TRACE] 2420:TaskMiss:START
[TRACE] 2435:TaskMiss:MISS
[TRACE] 2435:TaskMiss:END
[ 2440 ] PTL_MGR released TaskMiss 
[TRACE] 2440:TaskMiss:START
[TRACE] 2455:TaskMiss:MISS
[TRACE] 2455:TaskMiss:END
[ 2460 ] PTL_MGR released TaskMiss 
[TRACE] 2460:TaskMiss:START
[TRACE] 2475:TaskMiss:MISS
[TRACE] 2475:TaskMiss:END
[ 2480 ] PTL_MGR released TaskMiss 
[TRACE] 2480:TaskMiss:START
[TRACE] 2495:TaskMiss:MISS
[TRACE] 2495:TaskMiss:END
[ 2500 ] PTL_MGR released TaskMiss 
[TRACE] 2500:TaskMiss:START
[TRACE] 2515:TaskMiss:MISS
[TRACE] 2515:TaskMiss:END
[ 2520 ] PTL_MGR released TaskMiss 
[TRACE] 2520:TaskMiss:START
[TRACE] 2535:TaskMiss:MISS
[TRACE] 2535:TaskMiss:END
[ 2540 ] PTL_MGR released TaskMiss 
[TRACE] 2540:TaskMiss:START
[TRACE] 2555:TaskMiss:MISS
[TRACE] 2555:TaskMiss:END
[ 2560 ] PTL_MGR released TaskMiss 
[TRACE] 2560:TaskMiss:START
[TRACE] 2575:TaskMiss:MISS
[TRACE] 2575:TaskMiss:END
[ 2580 ] PTL_MGR released TaskMiss 
[TRACE] 2580:TaskMiss:START
[TRACE] 2595:TaskMiss:MISS
[TRACE] 2595:TaskMiss:END
[ 2600 ] PTL_MGR released TaskMiss 
[TRACE] 2600:TaskMiss:START
[TRACE] 2615:TaskMiss:MISS
[TRACE] 2615:TaskMiss:END
[ 2620 ] PTL_MGR released TaskMiss 
[TRACE] 2620:TaskMiss:START
[TRACE] 2635:TaskMiss:MISS
[TRACE] 2635:TaskMiss:END
[ 2640 ] PTL_MGR released TaskMiss 
[TRACE] 2640:TaskMiss:START
[TRACE] 2655:TaskMiss:MISS
[TRACE] 2655:TaskMiss:END
[ 2660 ] PTL_MGR released TaskMiss 
[TRACE] 2660:TaskMiss:START
[TRACE] 2675:TaskMiss:MISS
[TRACE] 2675:TaskMiss:END
[ 2680 ] PTL_MGR released TaskMiss 
[TRACE] 2680:TaskMiss:START
[TRACE] 2695:TaskMiss:MISS
[TRACE] 2695:TaskMiss:END
[ 2700 ] PTL_MGR released TaskMiss 
[TRACE] 2700:TaskMiss:START
[TRACE] 2715:TaskMiss:MISS
[TRACE] 2715:TaskMiss:END
[ 2720 ] PTL_MGR released TaskMiss 
[TRACE] 2720:TaskMiss:START
[TRACE] 2735:TaskMiss:MISS
[TRACE] 2735:TaskMiss:END
[ 2740 ] PTL_MGR released TaskMiss 
[TRACE] 2740:TaskMiss:START
[TRACE] 2755:TaskMiss:MISS
[TRACE] 2755:TaskMiss:END
[ 2760 ] PTL_MGR released TaskMiss 
[TRACE] 2760:TaskMiss:START
[TRACE] 2775:TaskMiss:MISS
[TRACE] 2775:TaskMiss:END
[ 2780 ] PTL_MGR released TaskMiss 
[TRACE] 2780:TaskMiss:START
[TRACE] 2795:TaskMiss:MISS
[TRACE] 2795:TaskMiss:END
[ 2800 ] PTL_MGR released TaskMiss 
[TRACE] 2800:TaskMiss:START
[TRACE] 2815:TaskMiss:MISS
[TRACE] 2815:TaskMiss:END
[ 2820 ] PTL_MGR released TaskMiss 
[TRACE] 2820:TaskMiss:START
[TRACE] 2835:TaskMiss:MISS
[TRACE] 2835:TaskMiss:END
[ 2840 ] PTL_MGR released TaskMiss 
[TRACE] 2840:TaskMiss:START
[TRACE] 2855:TaskMiss:MISS
[TRACE] 2855:TaskMiss:END
[ 2860 ] PTL_MGR released TaskMiss 
[TRACE] 2860:TaskMiss:START
[TRACE] 2875:TaskMiss:MISS
[TRACE] 2875:TaskMiss:END
[ 2880 ] PTL_MGR released TaskMiss 
[TRACE] 2880:TaskMiss:START
[TRACE] 2895:TaskMiss:MISS
[TRACE] 2895:TaskMiss:END
[ 2900 ] PTL_MGR released TaskMiss 
[TRACE] 2900:TaskMiss:START
[TRACE] 2915:TaskMiss:MISS
[TRACE] 2915:TaskMiss:END
[ 2920 ] PTL_MGR released TaskMiss 
[TRACE] 2920:TaskMiss:START
[TRACE] 2935:TaskMiss:MISS
[TRACE] 2935:TaskMiss:END
[ 2940 ] PTL_MGR released TaskMiss 
[TRACE] 2940:TaskMiss:START
[TRACE] 2955:TaskMiss:MISS
[TRACE] 2955:TaskMiss:END
[ 2960 ] PTL_MGR released TaskMiss 
[TRACE] 2960:TaskMiss:START
[TRACE] 2975:TaskMiss:MISS
[TRACE] 2975:TaskMiss:END
[ 2980 ] PTL_MGR released TaskMiss 
[TRACE] 2980:TaskMiss:START
[TRACE] 2995:TaskMiss:MISS
[TRACE] 2995:TaskMiss:END
[ 3000 ] PTL_MGR released TaskMiss 
[TRACE] 3000:TaskMiss:START
[TRACE] 3015:TaskMiss:MISS
[TRACE] 3015:TaskMiss:END
[ 3020 ] PTL_MGR released TaskMiss 
[TRACE] 3020:TaskMiss:START
[TRACE] 3035:TaskMiss:MISS
[TRACE] 3035:TaskMiss:END
[ 3040 ] PTL_MGR released TaskMiss 
[TRACE] 3040:TaskMiss:START
[TRACE] 3055:TaskMiss:MISS
[TRACE] 3055:TaskMiss:END
[ 3060 ] PTL_MGR released TaskMiss 
[TRACE] 3060:TaskMiss:START
[TRACE] 3075:TaskMiss:MISS
[TRACE] 3075:TaskMiss:END
[ 3080 ] PTL_MGR released TaskMiss 
[TRACE] 3080:TaskMiss:START
[TRACE] 3095:TaskMiss:MISS
[TRACE] 3095:TaskMiss:END
[ 3100 ] PTL_MGR released TaskMiss 
[TRACE] 3100:TaskMiss:START
[TRACE] 3115:TaskMiss:MISS
[TRACE] 3115:TaskMiss:END
[ 3120 ] PTL_MGR released TaskMiss 
[TRACE] 3120:TaskMiss:START
[TRACE] 3135:TaskMiss:MISS
[TRACE] 3135:TaskMiss:END
[ 3140 ] PTL_MGR released TaskMiss 
[TRACE] 3140:TaskMiss:START
[TRACE] 3155:TaskMiss:MISS
[TRACE] 3155:TaskMiss:END
[ 3160 ] PTL_MGR released TaskMiss 
[TRACE] 3160:TaskMiss:START
[TRACE] 3175:TaskMiss:MISS
[TRACE] 3175:TaskMiss:END
[ 3180 ] PTL_MGR released TaskMiss 
[TRACE] 3180:TaskMiss:START
[TRACE] 3195:TaskMiss:MISS
[TRACE] 3195:TaskMiss:END
[ 3200 ] PTL_MGR released TaskMiss 
[TRACE] 3200:TaskMiss:START
[TRACE] 3215:TaskMiss:MISS
[TRACE] 3215:TaskMiss:END
[ 3220 ] PTL_MGR released TaskMiss 
[TRACE] 3220:TaskMiss:START
[TRACE] 3235:TaskMiss:MISS
[TRACE] 3235:TaskMiss:END
[ 3240 ] PTL_MGR released TaskMiss 
[TRACE] 3240:TaskMiss:START
[TRACE] 3255:TaskMiss:MISS
[TRACE] 3255:TaskMiss:END
[ 3260 ] PTL_MGR released TaskMiss 
[TRACE] 3260:TaskMiss:START
[TRACE] 3275:TaskMiss:MISS
[TRACE] 3275:TaskMiss:END
[ 3280 ] PTL_MGR released TaskMiss 
[TRACE] 3280:TaskMiss:START
[TRACE] 3295:TaskMiss:MISS
[TRACE] 3295:TaskMiss:END
[ 3300 ] PTL_MGR released TaskMiss 
[TRACE] 3300:TaskMiss:START
[TRACE] 3315:TaskMiss:MISS
[TRACE] 3315:TaskMiss:END
[ 3320 ] PTL_MGR released TaskMiss 
[TRACE] 3320:TaskMiss:START
[TRACE] 3335:TaskMiss:MISS
[TRACE] 3335:TaskMiss:END
[ 3340 ] PTL_MGR released TaskMiss 
[TRACE] 3340:TaskMiss:START
[TRACE] 3355:TaskMiss:MISS
[TRACE] 3355:TaskMiss:END
[ 3360 ] PTL_MGR released TaskMiss 
[TRACE] 3360:TaskMiss:START
[TRACE] 3375:TaskMiss:MISS
[TRACE] 3375:TaskMiss:END
[ 3380 ] PTL_MGR released TaskMiss 
[TRACE] 3380:TaskMiss:START
[TRACE] 3395:TaskMiss:MISS
[TRACE] 3395:TaskMiss:END
[ 3400 ] PTL_MGR released TaskMiss 
[TRACE] 3400:TaskMiss:START
[TRACE] 3415:TaskMiss:MISS
[TRACE] 3415:TaskMiss:END
[ 3420 ] PTL_MGR released TaskMiss 
[TRACE] 3420:TaskMiss:START
[TRACE] 3435:TaskMiss:MISS
[TRACE] 3435:TaskMiss:END
[ 3440 ] PTL_MGR released TaskMiss 
[TRACE] 3440:TaskMiss:START
[TRACE] 3455:TaskMiss:MISS
[TRACE] 3455:TaskMiss:END
[ 3460 ] PTL_MGR released TaskMiss 
[TRACE] 3460:TaskMiss:START
[TRACE] 3475:TaskMiss:MISS
[TRACE] 3475:TaskMiss:END
[ 3480 ] PTL_MGR released TaskMiss 
[TRACE] 3480:TaskMiss:START
[TRACE] 3495:TaskMiss:MISS
[TRACE] 3495:TaskMiss:END
[ 3500 ] PTL_MGR released TaskMiss 
[TRACE] 3500:TaskMiss:START
[TRACE] 3515:TaskMiss:MISS
[TRACE] 3515:TaskMiss:END
[ 3520 ] PTL_MGR released TaskMiss 
[TRACE] 3520:TaskMiss:START
[TRACE] 3535:TaskMiss:MISS
[TRACE] 3535:TaskMiss:END
[ 3540 ] PTL_MGR released TaskMiss 
[TRACE] 3540:TaskMiss:START
[TRACE] 3555:TaskMiss:MISS
[TRACE] 3555:TaskMiss:END
[ 3560 ] PTL_MGR released TaskMiss 
[TRACE] 3560:TaskMiss:START
[TRACE] 3575:TaskMiss:MISS
[TRACE] 3575:TaskMiss:END
[ 3580 ] PTL_MGR released TaskMiss 
[TRACE] 3580:TaskMiss:START
[TRACE] 3595:TaskMiss:MISS
[TRACE] 3595:TaskMiss:END
[ 3600 ] PTL_MGR released TaskMiss 
[TRACE] 3600:TaskMiss:START
[TRACE] 3615:TaskMiss:MISS
[TRACE] 3615:TaskMiss:END
[ 3620 ] PTL_MGR released TaskMiss 
[TRACE] 3620:TaskMiss:START
[TRACE] 3635:TaskMiss:MISS
[TRACE] 3635:TaskMiss:END
[ 3640 ] PTL_MGR released TaskMiss 
[TRACE] 3640:TaskMiss:START
[TRACE] 3655:TaskMiss:MISS
[TRACE] 3655:TaskMiss:END
[ 3660 ] PTL_MGR released TaskMiss 
[TRACE] 3660:TaskMiss:START
[TRACE] 3675:TaskMiss:MISS
[TRACE] 3675:TaskMiss:END
[ 3680 ] PTL_MGR released TaskMiss 
[TRACE] 3680:TaskMiss:START
[TRACE] 3695:TaskMiss:MISS
[TRACE] 3695:TaskMiss:END
[ 3700 ] PTL_MGR released TaskMiss 
[TRACE] 3700:TaskMiss:START
[TRACE] 3715:TaskMiss:MISS
[TRACE] 3715:TaskMiss:END
[ 3720 ] PTL_MGR released TaskMiss 
[TRACE] 3720:TaskMiss:START
[TRACE] 3735:TaskMiss:MISS
[TRACE] 3735:TaskMiss:END
[ 3740 ] PTL_MGR released TaskMiss 
[TRACE] 3740:TaskMiss:START
[TRACE] 3755:TaskMiss:MISS
[TRACE] 3755:TaskMiss:END
[ 3760 ] PTL_MGR released TaskMiss 
[TRACE] 3760:TaskMiss:START
[TRACE] 3775:TaskMiss:MISS
[TRACE] 3775:TaskMiss:END
[ 3780 ] PTL_MGR released TaskMiss 
[TRACE] 3780:TaskMiss:START
[TRACE] 3795:TaskMiss:MISS
[TRACE] 3795:TaskMiss:END
[ 3800 ] PTL_MGR released TaskMiss 
[TRACE] 3800:TaskMiss:START
[TRACE] 3815:TaskMiss:MISS
[TRACE] 3815:TaskMiss:END
[ 3820 ] PTL_MGR released TaskMiss 
[TRACE] 3820:TaskMiss:START
[TRACE] 3835:TaskMiss:MISS
[TRACE] 3835:TaskMiss:END
[ 3840 ] PTL_MGR released TaskMiss 
[TRACE] 3840:TaskMiss:START
[TRACE] 3855:TaskMiss:MISS
[TRACE] 3855:TaskMiss:END
[ 3860 ] PTL_MGR released TaskMiss 
[TRACE] 3860:TaskMiss:START
[TRACE] 3875:TaskMiss:MISS
[TRACE] 3875:TaskMiss:END
[ 3880 ] PTL_MGR released TaskMiss 
[TRACE] 3880:TaskMiss:START
[TRACE] 3895:TaskMiss:MISS
[TRACE] 3895:TaskMiss:END
[ 3900 ] PTL_MGR released TaskMiss 
[TRACE] 3900:TaskMiss:START
[TRACE] 3915:TaskMiss:MISS
[TRACE] 3915:TaskMiss:END
[ 3920 ] PTL_MGR released TaskMiss 
[TRACE] 3920:TaskMiss:START
[TRACE] 3935:TaskMiss:MISS
[TRACE] 3935:TaskMiss:END
[ 3940 ] PTL_MGR released TaskMiss 
[TRACE] 3940:TaskMiss:START
[TRACE] 3955:TaskMiss:MISS
[TRACE] 3955:TaskMiss:END
[ 3960 ] PTL_MGR released TaskMiss 
[TRACE] 3960:TaskMiss:START
[TRACE] 3975:TaskMiss:MISS
[TRACE] 3975:TaskMiss:END
qemu-system-arm: terminating on signal 15 from pid 25147 (/bin/bash)
