Running Test Case: 8

[TEST 8] Overrun Policy KILL
[ 0 ] PTL_MGR released TaskKill 
[TRACE] 0:TaskKill:START
[TRACE] 100:TaskKill:OVERRUN Policy:2
[TRACE] 100:TaskKill:START
[TRACE] 200:TaskKill:OVERRUN Policy:2
[TRACE] 200:TaskKill:START
[TRACE] 300:TaskKill:OVERRUN Policy:2
[TRACE] 300:TaskKill:START
[TRACE] 400:TaskKill:OVERRUN Policy:2
[TRACE] 400:TaskKill:START
[TRACE] 500:TaskKill:OVERRUN Policy:2
[TRACE] 500:TaskKill:START
[TRACE] 600:TaskKill:OVERRUN Policy:2
[TRACE] 600:TaskKill:START
[TRACE] 700:TaskKill:OVERRUN Policy:2
[TRACE] 700:TaskKill:START
[TRACE] 800:TaskKill:OVERRUN Policy:2
[TRACE] 800:TaskKill:START
[TRACE] 900:TaskKill:OVERRUN Policy:2
[TRACE] 900:TaskKill:START
[TRACE] 1000:TaskKill:OVERRUN Policy:2
[TRACE] 1000:TaskKill:START
[TRACE] 1100:TaskKill:OVERRUN Policy:2
[TRACE] 1100:TaskKill:START
[TRACE] 1200:TaskKill:OVERRUN Policy:2
[TRACE] 1200:TaskKill:START
[TRACE] 1300:TaskKill:OVERRUN Policy:2
[TRACE] 1300:TaskKill:START
[TRACE] 1400:TaskKill:OVERRUN Policy:2
[TRACE] 1400:TaskKill:START
[TRACE] 1500:TaskKill:OVERRUN Policy:2
[TRACE] 1500:TaskKill:START
[TRACE] 1600:TaskKill:OVERRUN Policy:2
[TRACE] 1600:TaskKill:START
[TRACE] 1700:TaskKill:OVERRUN Policy:2
[TRACE] 1700:TaskKill:START
[TRACE] 1800:TaskKill:OVERRUN Policy:2
[TRACE] 1800:TaskKill:START
[TRACE] 1900:TaskKill:OVERRUN Policy:2
[TRACE] 1900:TaskKill:START
[TRACE] 2000:TaskKill:OVERRUN Policy:2
[TRACE] 2000:TaskKill:START
[TRACE] 2100:TaskKill:OVERRUN Policy:2
[TRACE] 2100:TaskKill:START
[TRACE] 2200:TaskKill:OVERRUN Policy:2
[TRACE] 2200:TaskKill:START
[TRACE] 2300:TaskKill:OVERRUN Policy:2
[TRACE] 2300:TaskKill:START
[TRACE] 2400:TaskKill:OVERRUN Policy:2
[TRACE] 2400:TaskKill:START
[TRACE] 2500:TaskKill:OVERRUN Policy:2
[TRACE] 2500:TaskKill:START
[TRACE] 2600:TaskKill:OVERRUN Policy:2
[TRACE] 2600:TaskKill:START
[TRACE] 2700:TaskKill:OVERRUN Policy:2
[TRACE] 2700:TaskKill:START
[TRACE] 2800:TaskKill:OVERRUN Policy:2
[TRACE] 2800:TaskKill:START
[TRACE] 2900:TaskKill:OVERRUN Policy:2
[TRACE] 2900:TaskKill:START
[TRACE] 3000:TaskKill:OVERRUN Policy:2
[TRACE] 3000:TaskKill:START
[TRACE] 3100:TaskKill:OVERRUN Policy:2
[TRACE] 3100:TaskKill:START
[TRACE] 3200:TaskKill:OVERRUN Policy:2
[TRACE] 3200:TaskKill:START
[TRACE] 3300:TaskKill:OVERRUN Policy:2
[TRACE] 3300:TaskKill:START
[TRACE] 3400:TaskKill:OVERRUN Policy:2
[TRACE] 3400:TaskKill:START
[TRACE] 3500:TaskKill:OVERRUN Policy:2
[TRACE] 3500:TaskKill:START
[TRACE] 3600:TaskKill:OVERRUN Policy:2
[TRACE] 3600:TaskKill:START
[TRACE] 3700:TaskKill:OVERRUN Policy:2
[TRACE] 3700:TaskKill:START
[TRACE] 3800:TaskKill:OVERRUN Policy:2
[TRACE] 3800:TaskKill:START
[TRACE] 3900:TaskKill:OVERRUN Policy:2
[TRACE] 3900:TaskKill:START
qemu-system-arm: terminating on signal 15 from pid 21352 (/bin/bash)
