Running Test Case: 6

[TEST 6] Default Config (D=0 -> D=T)
[TRACE] 0:TaskDefault:Config: Defaulting Deadline to Period
[ 0 ] PTL_MGR released TaskDefault 
[TRACE] 0:TaskDefault:START
[TRACE] 9:TaskDefault:END
[ 10 ] PTL_MGR released TaskDefault 
[TRACE] 10:TaskDefault:START
[TRACE] 19:TaskDefault:END
[ 20 ] PTL_MGR released TaskDefault 
[TRACE] 20:TaskDefault:START
[TRACE] 29:TaskDefault:END
[ 30 ] PTL_MGR released TaskDefault 
[TRACE] 30:TaskDefault:START
[TRACE] 39:TaskDefault:END
[ 40 ] PTL_MGR released TaskDefault 
[TRACE] 40:TaskDefault:START
[TRACE] 49:TaskDefault:END
[ 50 ] PTL_MGR released TaskDefault 
[TRACE] 50:TaskDefault:START
[TRACE] 59:TaskDefault:END
[ 60 ] PTL_MGR released TaskDefault 
[TRACE] 60:TaskDefault:START
[TRACE] 69:TaskDefault:END
[ 70 ] PTL_MGR released TaskDefault 
[TRACE] 70:TaskDefault:START
[TRACE] 79:TaskDefault:END
[ 80 ] PTL_MGR released TaskDefault 
[TRACE] 80:TaskDefault:START
[TRACE] 89:TaskDefault:END
[ 90 ] PTL_MGR released TaskDefault 
[TRACE] 90:TaskDefault:START
[TRACE] 99:TaskDefault:END
[ 100 ] PTL_MGR released TaskDefault 
[TRACE] 100:TaskDefault:START
[TRACE] 109:TaskDefault:END
[ 110 ] PTL_MGR released TaskDefault 
[TRACE] 110:TaskDefault:START
[TRACE] 119:TaskDefault:END
[ 120 ] PTL_MGR released TaskDefault 
[TRACE] 120:TaskDefault:START
[TRACE] 129:TaskDefault:END
[ 130 ] PTL_MGR released TaskDefault 
[TRACE] 130:TaskDefault:START
[TRACE] 139:TaskDefault:END
[ 140 ] PTL_MGR released TaskDefault 
[TRACE] 140:TaskDefault:START
[TRACE] 149:TaskDefault:END
[ 150 ] PTL_MGR released TaskDefault 
[TRACE] 150:TaskDefault:START
[TRACE] 159:TaskDefault:END
[ 160 ] PTL_MGR released TaskDefault 
[TRACE] 160:TaskDefault:START
[TRACE] 169:TaskDefault:END
[ 170 ] PTL_MGR released TaskDefault 
[TRACE] 170:TaskDefault:START
[TRACE] 179:TaskDefault:END
[ 180 ] PTL_MGR released TaskDefault 
[TRACE] 180:TaskDefault:START
[TRACE] 189:TaskDefault:END
[ 190 ] PTL_MGR released TaskDefault 
[TRACE] 190:TaskDefault:START
[TRACE] 199:TaskDefault:END
[ 200 ] PTL_MGR released TaskDefault 
[TRACE] 200:TaskDefault:START
[TRACE] 209:TaskDefault:END
[ 210 ] PTL_MGR released TaskDefault 
[TRACE] 210:TaskDefault:START
[TRACE] 219:TaskDefault:END
[ 220 ] PTL_MGR released TaskDefault 
[TRACE] 220:TaskDefault:START
[TRACE] 229:TaskDefault:END
[ 230 ] PTL_MGR released TaskDefault 
[TRACE] 230:TaskDefault:START
[TRACE] 239:TaskDefault:END
[ 240 ] PTL_MGR released TaskDefault 
[TRACE] 240:TaskDefault:START
[TRACE] 249:TaskDefault:END
[ 250 ] PTL_MGR released TaskDefault 
[TRACE] 250:TaskDefault:START
[TRACE] 259:TaskDefault:END
[ 260 ] PTL_MGR released TaskDefault 
[TRACE] 260:TaskDefault:START
[TRACE] 269:TaskDefault:END
[ 270 ] PTL_MGR released TaskDefault 
[TRACE] 270:TaskDefault:START
[TRACE] 279:TaskDefault:END
[ 280 ] PTL_MGR released TaskDefault 
[TRACE] 280:TaskDefault:START
[TRACE] 289:TaskDefault:END
[ 290 ] PTL_MGR released TaskDefault 
[TRACE] 290:TaskDefault:START
[TRACE] 299:TaskDefault:END
[ 300 ] PTL_MGR released TaskDefault 
[TRACE] 300:TaskDefault:START
[TRACE] 309:TaskDefault:END
[ 310 ] PTL_MGR released TaskDefault 
[TRACE] 310:TaskDefault:START
[TRACE] 319:TaskDefault:END
[ 320 ] PTL_MGR released TaskDefault 
[TRACE] 320:TaskDefault:START
[TRACE] 329:TaskDefault:END
[ 330 ] PTL_MGR released TaskDefault 
[TRACE] 330:TaskDefault:START
[TRACE] 339:TaskDefault:END
[ 340 ] PTL_MGR released TaskDefault 
[TRACE] 340:TaskDefault:START
[TRACE] 349:TaskDefault:END
[ 350 ] PTL_MGR released TaskDefault 
[TRACE] 350:TaskDefault:START
[TRACE] 359:TaskDefault:END
[ 360 ] PTL_MGR released TaskDefault 
[TRACE] 360:TaskDefault:START
[TRACE] 369:TaskDefault:END
[ 370 ] PTL_MGR released TaskDefault 
[TRACE] 370:TaskDefault:START
[TRACE] 379:TaskDefault:END
[ 380 ] PTL_MGR released TaskDefault 
[TRACE] 380:TaskDefault:START
[TRACE] 389:TaskDefault:END
[ 390 ] PTL_MGR released TaskDefault 
[TRACE] 390:TaskDefault:START
[TRACE] 399:TaskDefault:END
[ 400 ] PTL_MGR released TaskDefault 
[TRACE] 400:TaskDefault:START
[TRACE] 409:TaskDefault:END
[ 410 ] PTL_MGR released TaskDefault 
[TRACE] 410:TaskDefault:START
[TRACE] 419:TaskDefault:END
[ 420 ] PTL_MGR released TaskDefault 
[TRACE] 420:TaskDefault:START
[TRACE] 429:TaskDefault:END
[ 430 ] PTL_MGR released TaskDefault 
[TRACE] 430:TaskDefault:START
[TRACE] 439:TaskDefault:END
[ 440 ] PTL_MGR released TaskDefault 
[TRACE] 440:TaskDefault:START
[TRACE] 449:TaskDefault:END
[ 450 ] PTL_MGR released TaskDefault 
[TRACE] 450:TaskDefault:START
[TRACE] 459:TaskDefault:END
[ 460 ] PTL_MGR released TaskDefault 
[TRACE] 460:TaskDefault:START
[TRACE] 469:TaskDefault:END
[ 470 ] PTL_MGR released TaskDefault 
[TRACE] 470:TaskDefault:START
[TRACE] 479:TaskDefault:END
[ 480 ] PTL_MGR released TaskDefault 
[TRACE] 480:TaskDefault:START
[TRACE] 489:TaskDefault:END
[ 490 ] PTL_MGR released TaskDefault 
[TRACE] 490:TaskDefault:START
[TRACE] 499:TaskDefault:END
[ 500 ] PTL_MGR released TaskDefault 
[TRACE] 500:TaskDefault:START
[TRACE] 509:TaskDefault:END
[ 510 ] PTL_MGR released TaskDefault 
[TRACE] 510:TaskDefault:START
[TRACE] 519:TaskDefault:END
[ 520 ] PTL_MGR released TaskDefault 
[TRACE] 520:TaskDefault:START
[TRACE] 529:TaskDefault:END
[ 530 ] PTL_MGR released TaskDefault 
[TRACE] 530:TaskDefault:START
[TRACE] 539:TaskDefault:END
[ 540 ] PTL_MGR released TaskDefault 
[TRACE] 540:TaskDefault:START
[TRACE] 549:TaskDefault:END
[ 550 ] PTL_MGR released TaskDefault 
[TRACE] 550:TaskDefault:START
[TRACE] 559:TaskDefault:END
[ 560 ] PTL_MGR released TaskDefault 
[TRACE] 560:TaskDefault:START
[TRACE] 569:TaskDefault:END
[ 570 ] PTL_MGR released TaskDefault 
[TRACE] 570:TaskDefault:START
[TRACE] 579:TaskDefault:END
[ 580 ] PTL_MGR released TaskDefault 
[TRACE] 580:TaskDefault:START
[TRACE] 589:TaskDefault:END
[ 590 ] PTL_MGR released TaskDefault 
[TRACE] 590:TaskDefault:START
[TRACE] 599:TaskDefault:END
[ 600 ] PTL_MGR released TaskDefault 
[TRACE] 600:TaskDefault:START
[TRACE] 609:TaskDefault:END
[ 610 ] PTL_MGR released TaskDefault 
[TRACE] 610:TaskDefault:START
[TRACE] 619:TaskDefault:END
[ 620 ] PTL_MGR released TaskDefault 
[TRACE] 620:TaskDefault:START
[TRACE] 629:TaskDefault:END
[ 630 ] PTL_MGR released TaskDefault 
[TRACE] 630:TaskDefault:START
[TRACE] 639:TaskDefault:END
[ 640 ] PTL_MGR released TaskDefault 
[TRACE] 640:TaskDefault:START
[TRACE] 649:TaskDefault:END
[ 650 ] PTL_MGR released TaskDefault 
[TRACE] 650:TaskDefault:START
[TRACE] 659:TaskDefault:END
[ 660 ] PTL_MGR released TaskDefault 
[TRACE] 660:TaskDefault:START
[TRACE] 669:TaskDefault:END
[ 670 ] PTL_MGR released TaskDefault 
[TRACE] 670:TaskDefault:START
[TRACE] 679:TaskDefault:END
[ 680 ] PTL_MGR released TaskDefault 
[TRACE] 680:TaskDefault:START
[TRACE] 689:TaskDefault:END
[ 690 ] PTL_MGR released TaskDefault 
[TRACE] 690:TaskDefault:START
[TRACE] 699:TaskDefault:END
[ 700 ] PTL_MGR released TaskDefault 
[TRACE] 700:TaskDefault:START
[TRACE] 709:TaskDefault:END
[ 710 ] PTL_MGR released TaskDefault 
[TRACE] 710:TaskDefault:START
[TRACE] 719:TaskDefault:END
[ 720 ] PTL_MGR released TaskDefault 
[TRACE] 720:TaskDefault:START
[TRACE] 729:TaskDefault:END
[ 730 ] PTL_MGR released TaskDefault 
[TRACE] 730:TaskDefault:START
[TRACE] 739:TaskDefault:END
[ 740 ] PTL_MGR released TaskDefault 
[TRACE] 740:TaskDefault:START
[TRACE] 749:TaskDefault:END
[ 750 ] PTL_MGR released TaskDefault 
[TRACE] 750:TaskDefault:START
[TRACE] 759:TaskDefault:END
[ 760 ] PTL_MGR released TaskDefault 
[TRACE] 760:TaskDefault:START
[TRACE] 769:TaskDefault:END
[ 770 ] PTL_MGR released TaskDefault 
[TRACE] 770:TaskDefault:START
[TRACE] 779:TaskDefault:END
[ 780 ] PTL_MGR released TaskDefault 
[TRACE] 780:TaskDefault:START
[TRACE] 789:TaskDefault:END
[ 790 ] PTL_MGR released TaskDefault 
[TRACE] 790:TaskDefault:START
[TRACE] 799:TaskDefault:END
[ 800 ] PTL_MGR released TaskDefault 
[TRACE] 800:TaskDefault:START
[TRACE] 809:TaskDefault:END
[ 810 ] PTL_MGR released TaskDefault 
[TRACE] 810:TaskDefault:START
[TRACE] 819:TaskDefault:END
[ 820 ] PTL_MGR released TaskDefault 
[TRACE] 820:TaskDefault:START
[TRACE] 829:TaskDefault:END
[ 830 ] PTL_MGR released TaskDefault 
[TRACE] 830:TaskDefault:START
[TRACE] 839:TaskDefault:END
[ 840 ] PTL_MGR released TaskDefault 
[TRACE] 840:TaskDefault:START
[TRACE] 849:TaskDefault:END
[ 850 ] PTL_MGR released TaskDefault 
[TRACE] 850:TaskDefault:START
[TRACE] 859:TaskDefault:END
[ 860 ] PTL_MGR released TaskDefault 
[TRACE] 860:TaskDefault:START
[TRACE] 869:TaskDefault:END
[ 870 ] PTL_MGR released TaskDefault 
[TRACE] 870:TaskDefault:START
[TRACE] 879:TaskDefault:END
[ 880 ] PTL_MGR released TaskDefault 
[TRACE] 880:TaskDefault:START
[TRACE] 889:TaskDefault:END
[ 890 ] PTL_MGR released TaskDefault 
[TRACE] 890:TaskDefault:START
[TRACE] 899:TaskDefault:END
[ 900 ] PTL_MGR released TaskDefault 
[TRACE] 900:TaskDefault:START
[TRACE] 909:TaskDefault:END
[ 910 ] PTL_MGR released TaskDefault 
[TRACE] 910:TaskDefault:START
[TRACE] 919:TaskDefault:END
[ 920 ] PTL_MGR released TaskDefault 
[TRACE] 920:TaskDefault:START
[TRACE] 929:TaskDefault:END
[ 930 ] PTL_MGR released TaskDefault 
[TRACE] 930:TaskDefault:START
[TRACE] 939:TaskDefault:END
[ 940 ] PTL_MGR released TaskDefault 
[TRACE] 940:TaskDefault:START
[TRACE] 949:TaskDefault:END
[ 950 ] PTL_MGR released TaskDefault 
[TRACE] 950:TaskDefault:START
[TRACE] 959:TaskDefault:END
[ 960 ] PTL_MGR released TaskDefault 
[TRACE] 960:TaskDefault:START
[TRACE] 969:TaskDefault:END
[ 970 ] PTL_MGR released TaskDefault 
[TRACE] 970:TaskDefault:START
[TRACE] 979:TaskDefault:END
[ 980 ] PTL_MGR released TaskDefault 
[TRACE] 980:TaskDefault:START
[TRACE] 989:TaskDefault:END
[ 990 ] PTL_MGR released TaskDefault 
[TRACE] 990:TaskDefault:START
[TRACE] 999:TaskDefault:END
[ 1000 ] PTL_MGR released TaskDefault 
[TRACE] 1000:TaskDefault:START
[TRACE] 1009:TaskDefault:END
[ 1010 ] PTL_MGR released TaskDefault 
[TRACE] 1010:TaskDefault:START
[TRACE] 1019:TaskDefault:END
[ 1020 ] PTL_MGR released TaskDefault 
[TRACE] 1020:TaskDefault:START
[TRACE] 1029:TaskDefault:END
[ 1030 ] PTL_MGR released TaskDefault 
[TRACE] 1030:TaskDefault:START
[TRACE] 1039:TaskDefault:END
[ 1040 ] PTL_MGR released TaskDefault 
[TRACE] 1040:TaskDefault:START
[TRACE] 1049:TaskDefault:END
[ 1050 ] PTL_MGR released TaskDefault 
[TRACE] 1050:TaskDefault:START
[TRACE] 1059:TaskDefault:END
[ 1060 ] PTL_MGR released TaskDefault 
[TRACE] 1060:TaskDefault:START
[TRACE] 1069:TaskDefault:END
[ 1070 ] PTL_MGR released TaskDefault 
[TRACE] 1070:TaskDefault:START
[TRACE] 1079:TaskDefault:END
[ 1080 ] PTL_MGR released TaskDefault 
[TRACE] 1080:TaskDefault:START
[TRACE] 1089:TaskDefault:END
[ 1090 ] PTL_MGR released TaskDefault 
[TRACE] 1090:TaskDefault:START
[TRACE] 1099:TaskDefault:END
[ 1100 ] PTL_MGR released TaskDefault 
[TRACE] 1100:TaskDefault:START
[TRACE] 1109:TaskDefault:END
[ 1110 ] PTL_MGR released TaskDefault 
[TRACE] 1110:TaskDefault:START
[TRACE] 1119:TaskDefault:END
[ 1120 ] PTL_MGR released TaskDefault 
[TRACE] 1120:TaskDefault:START
[TRACE] 1129:TaskDefault:END
[ 1130 ] PTL_MGR released TaskDefault 
[TRACE] 1130:TaskDefault:START
[TRACE] 1139:TaskDefault:END
[ 1140 ] PTL_MGR released TaskDefault 
[TRACE] 1140:TaskDefault:START
[TRACE] 1149:TaskDefault:END
[ 1150 ] PTL_MGR released TaskDefault 
[TRACE] 1150:TaskDefault:START
[TRACE] 1159:TaskDefault:END
[ 1160 ] PTL_MGR released TaskDefault 
[TRACE] 1160:TaskDefault:START
[TRACE] 1169:TaskDefault:END
[ 1170 ] PTL_MGR released TaskDefault 
[TRACE] 1170:TaskDefault:START
[TRACE] 1179:TaskDefault:END
[ 1180 ] PTL_MGR released TaskDefault 
[TRACE] 1180:TaskDefault:START
[TRACE] 1189:TaskDefault:END
[ 1190 ] PTL_MGR released TaskDefault 
[TRACE] 1190:TaskDefault:START
[TRACE] 1199:TaskDefault:END
[ 1200 ] PTL_MGR released TaskDefault 
[TRACE] 1200:TaskDefault:START
[TRACE] 1209:TaskDefault:END
[ 1210 ] PTL_MGR released TaskDefault 
[TRACE] 1210:TaskDefault:START
[TRACE] 1219:TaskDefault:END
[ 1220 ] PTL_MGR released TaskDefault 
[TRACE] 1220:TaskDefault:START
[TRACE] 1229:TaskDefault:END
[ 1230 ] PTL_MGR released TaskDefault 
[TRACE] 1230:TaskDefault:START
[TRACE] 1239:TaskDefault:END
[ 1240 ] PTL_MGR released TaskDefault 
[TRACE] 1240:TaskDefault:START
[TRACE] 1249:TaskDefault:END
[ 1250 ] PTL_MGR released TaskDefault 
[TRACE] 1250:TaskDefault:START
[TRACE] 1259:TaskDefault:END
[ 1260 ] PTL_MGR released TaskDefault 
[TRACE] 1260:TaskDefault:START
[TRACE] 1269:TaskDefault:END
[ 1270 ] PTL_MGR released TaskDefault 
[TRACE] 1270:TaskDefault:START
[TRACE] 1279:TaskDefault:END
[ 1280 ] PTL_MGR released TaskDefault 
[TRACE] 1280:TaskDefault:START
[TRACE] 1289:TaskDefault:END
[ 1290 ] PTL_MGR released TaskDefault 
[TRACE] 1290:TaskDefault:START
[TRACE] 1299:TaskDefault:END
[ 1300 ] PTL_MGR released TaskDefault 
[TRACE] 1300:TaskDefault:START
[TRACE] 1309:TaskDefault:END
[ 1310 ] PTL_MGR released TaskDefault 
[TRACE] 1310:TaskDefault:START
[TRACE] 1319:TaskDefault:END
[ 1320 ] PTL_MGR released TaskDefault 
[TRACE] 1320:TaskDefault:START
[TRACE] 1329:TaskDefault:END
[ 1330 ] PTL_MGR released TaskDefault 
[TRACE] 1330:TaskDefault:START
[TRACE] 1339:TaskDefault:END
[ 1340 ] PTL_MGR released TaskDefault 
[TRACE] 1340:TaskDefault:START
[TRACE] 1349:TaskDefault:END
[ 1350 ] PTL_MGR released TaskDefault 
[TRACE] 1350:TaskDefault:START
[TRACE] 1359:TaskDefault:END
[ 1360 ] PTL_MGR released TaskDefault 
[TRACE] 1360:TaskDefault:START
[TRACE] 1369:TaskDefault:END
[ 1370 ] PTL_MGR released TaskDefault 
[TRACE] 1370:TaskDefault:START
[TRACE] 1379:TaskDefault:END
[ 1380 ] PTL_MGR released TaskDefault 
[TRACE] 1380:TaskDefault:START
[TRACE] 1389:TaskDefault:END
[ 1390 ] PTL_MGR released TaskDefault 
[TRACE] 1390:TaskDefault:START
[TRACE] 1399:TaskDefault:END
[ 1400 ] PTL_MGR released TaskDefault 
[TRACE] 1400:TaskDefault:START
[TRACE] 1409:TaskDefault:END
[ 1410 ] PTL_MGR released TaskDefault 
[TRACE] 1410:TaskDefault:START
[TRACE] 1419:TaskDefault:END
[ 1420 ] PTL_MGR released TaskDefault 
[TRACE] 1420:TaskDefault:START
[TRACE] 1429:TaskDefault:END
[ 1430 ] PTL_MGR released TaskDefault 
[TRACE] 1430:TaskDefault:START
[TRACE] 1439:TaskDefault:END
[ 1440 ] PTL_MGR released TaskDefault 
[TRACE] 1440:TaskDefault:START
[TRACE] 1449:TaskDefault:END
[ 1450 ] PTL_MGR released TaskDefault 
[TRACE] 1450:TaskDefault:START
[TRACE] 1459:TaskDefault:END
[ 1460 ] PTL_MGR released TaskDefault 
[TRACE] 1460:TaskDefault:START
[TRACE] 1469:TaskDefault:END
[ 1470 ] PTL_MGR released TaskDefault 
[TRACE] 1470:TaskDefault:START
[TRACE] 1479:TaskDefault:END
[ 1480 ] PTL_MGR released TaskDefault 
[TRACE] 1480:TaskDefault:START
[TRACE] 1489:TaskDefault:END
[ 1490 ] PTL_MGR released TaskDefault 
[TRACE] 1490:TaskDefault:START
[TRACE] 1499:TaskDefault:END
[ 1500 ] PTL_MGR released TaskDefault 
[TRACE] 1500:TaskDefault:START
[TRACE] 1509:TaskDefault:END
[ 1510 ] PTL_MGR released TaskDefault 
[TRACE] 1510:TaskDefault:START
[TRACE] 1519:TaskDefault:END
[ 1520 ] PTL_MGR released TaskDefault 
[TRACE] 1520:TaskDefault:START
[TRACE] 1529:TaskDefault:END
[ 1530 ] PTL_MGR released TaskDefault 
[TRACE] 1530:TaskDefault:START
[TRACE] 1539:TaskDefault:END
[ 1540 ] PTL_MGR released TaskDefault 
[TRACE] 1540:TaskDefault:START
[TRACE] 1549:TaskDefault:END
[ 1550 ] PTL_MGR released TaskDefault 
[TRACE] 1550:TaskDefault:START
[TRACE] 1559:TaskDefault:END
[ 1560 ] PTL_MGR released TaskDefault 
[TRACE] 1560:TaskDefault:START
[TRACE] 1569:TaskDefault:END
[ 1570 ] PTL_MGR released TaskDefault 
[TRACE] 1570:TaskDefault:START
[TRACE] 1579:TaskDefault:END
[ 1580 ] PTL_MGR released TaskDefault 
[TRACE] 1580:TaskDefault:START
[TRACE] 1589:TaskDefault:END
[ 1590 ] PTL_MGR released TaskDefault 
[TRACE] 1590:TaskDefault:START
[TRACE] 1599:TaskDefault:END
[ 1600 ] PTL_MGR released TaskDefault 
[TRACE] 1600:TaskDefault:START
[TRACE] 1609:TaskDefault:END
[ 1610 ] PTL_MGR released TaskDefault 
[TRACE] 1610:TaskDefault:START
[TRACE] 1619:TaskDefault:END
[ 1620 ] PTL_MGR released TaskDefault 
[TRACE] 1620:TaskDefault:START
[TRACE] 1629:TaskDefault:END
[ 1630 ] PTL_MGR released TaskDefault 
[TRACE] 1630:TaskDefault:START
[TRACE] 1639:TaskDefault:END
[ 1640 ] PTL_MGR released TaskDefault 
[TRACE] 1640:TaskDefault:START
[TRACE] 1649:TaskDefault:END
[ 1650 ] PTL_MGR released TaskDefault 
[TRACE] 1650:TaskDefault:START
[TRACE] 1659:TaskDefault:END
[ 1660 ] PTL_MGR released TaskDefault 
[TRACE] 1660:TaskDefault:START
[TRACE] 1669:TaskDefault:END
[ 1670 ] PTL_MGR released TaskDefault 
[TRACE] 1670:TaskDefault:START
[TRACE] 1679:TaskDefault:END
[ 1680 ] PTL_MGR released TaskDefault 
[TRACE] 1680:TaskDefault:START
[TRACE] 1689:TaskDefault:END
[ 1690 ] PTL_MGR released TaskDefault 
[TRACE] 1690:TaskDefault:START
[TRACE] 1699:TaskDefault:END
[ 1700 ] PTL_MGR released TaskDefault 
[TRACE] 1700:TaskDefault:START
[TRACE] 1709:TaskDefault:END
[ 1710 ] PTL_MGR released TaskDefault 
[TRACE] 1710:TaskDefault:START
[TRACE] 1719:TaskDefault:END
[ 1720 ] PTL_MGR released TaskDefault 
[TRACE] 1720:TaskDefault:START
[TRACE] 1729:TaskDefault:END
[ 1730 ] PTL_MGR released TaskDefault 
[TRACE] 1730:TaskDefault:START
[TRACE] 1739:TaskDefault:END
[ 1740 ] PTL_MGR released TaskDefault 
[TRACE] 1740:TaskDefault:START
[TRACE] 1749:TaskDefault:END
[ 1750 ] PTL_MGR released TaskDefault 
[TRACE] 1750:TaskDefault:START
[TRACE] 1759:TaskDefault:END
[ 1760 ] PTL_MGR released TaskDefault 
[TRACE] 1760:TaskDefault:START
[TRACE] 1769:TaskDefault:END
[ 1770 ] PTL_MGR released TaskDefault 
[TRACE] 1770:TaskDefault:START
[TRACE] 1779:TaskDefault:END
[ 1780 ] PTL_MGR released TaskDefault 
[TRACE] 1780:TaskDefault:START
[TRACE] 1789:TaskDefault:END
[ 1790 ] PTL_MGR released TaskDefault 
[TRACE] 1790:TaskDefault:START
[TRACE] 1799:TaskDefault:END
[ 1800 ] PTL_MGR released TaskDefault 
[TRACE] 1800:TaskDefault:START
[TRACE] 1809:TaskDefault:END
[ 1810 ] PTL_MGR released TaskDefault 
[TRACE] 1810:TaskDefault:START
[TRACE] 1819:TaskDefault:END
[ 1820 ] PTL_MGR released TaskDefault 
[TRACE] 1820:TaskDefault:START
[TRACE] 1829:TaskDefault:END
[ 1830 ] PTL_MGR released TaskDefault 
[TRACE] 1830:TaskDefault:START
[TRACE] 1839:TaskDefault:END
[ 1840 ] PTL_MGR released TaskDefault 
[TRACE] 1840:TaskDefault:START
[TRACE] 1849:TaskDefault:END
[ 1850 ] PTL_MGR released TaskDefault 
[TRACE] 1850:TaskDefault:START
[TRACE] 1859:TaskDefault:END
[ 1860 ] PTL_MGR released TaskDefault 
[TRACE] 1860:TaskDefault:START
[TRACE] 1869:TaskDefault:END
[ 1870 ] PTL_MGR released TaskDefault 
[TRACE] 1871:TaskDefault:START
[TRACE] 1880:TaskDefault:OVERRUN Policy:1
[TRACE] 1881:TaskDefault:MISS
[TRACE] 1881:TaskDefault:END
[ 1890 ] PTL_MGR released TaskDefault 
[TRACE] 1890:TaskDefault:START
[TRACE] 1899:TaskDefault:END
[ 1900 ] PTL_MGR released TaskDefault 
[TRACE] 1900:TaskDefault:START
[TRACE] 1909:TaskDefault:END
[ 1910 ] PTL_MGR released TaskDefault 
[TRACE] 1910:TaskDefault:START
[TRACE] 1919:TaskDefault:END
[ 1920 ] PTL_MGR released TaskDefault 
[TRACE] 1920:TaskDefault:START
[TRACE] 1929:TaskDefault:END
[ 1930 ] PTL_MGR released TaskDefault 
[TRACE] 1930:TaskDefault:START
[TRACE] 1939:TaskDefault:END
[ 1940 ] PTL_MGR released TaskDefault 
[TRACE] 1940:TaskDefault:START
[TRACE] 1949:TaskDefault:END
[ 1950 ] PTL_MGR released TaskDefault 
[TRACE] 1950:TaskDefault:START
[TRACE] 1959:TaskDefault:END
[ 1960 ] PTL_MGR released TaskDefault 
[TRACE] 1960:TaskDefault:START
[TRACE] 1969:TaskDefault:END
[ 1970 ] PTL_MGR released TaskDefault 
[TRACE] 1970:TaskDefault:START
[TRACE] 1979:TaskDefault:END
[ 1980 ] PTL_MGR released TaskDefault 
[TRACE] 1980:TaskDefault:START
[TRACE] 1989:TaskDefault:END
[ 1990 ] PTL_MGR released TaskDefault 
[TRACE] 1990:TaskDefault:START
[TRACE] 1999:TaskDefault:END
[ 2000 ] PTL_MGR released TaskDefault 
[TRACE] 2000:TaskDefault:START
[TRACE] 2009:TaskDefault:END
[ 2010 ] PTL_MGR released TaskDefault 
[TRACE] 2010:TaskDefault:START
[TRACE] 2019:TaskDefault:END
[ 2020 ] PTL_MGR released TaskDefault 
[TRACE] 2020:TaskDefault:START
[TRACE] 2029:TaskDefault:END
[ 2030 ] PTL_MGR released TaskDefault 
[TRACE] 2030:TaskDefault:START
[TRACE] 2039:TaskDefault:END
[ 2040 ] PTL_MGR released TaskDefault 
[TRACE] 2040:TaskDefault:START
[TRACE] 2049:TaskDefault:END
[ 2050 ] PTL_MGR released TaskDefault 
[TRACE] 2050:TaskDefault:START
[TRACE] 2059:TaskDefault:END
[ 2060 ] PTL_MGR released TaskDefault 
[TRACE] 2060:TaskDefault:START
[TRACE] 2069:TaskDefault:END
[ 2070 ] PTL_MGR released TaskDefault 
[TRACE] 2070:TaskDefault:START
[TRACE] 2079:TaskDefault:END
[ 2080 ] PTL_MGR released TaskDefault 
[TRACE] 2080:TaskDefault:START
[TRACE] 2089:TaskDefault:END
[ 2090 ] PTL_MGR released TaskDefault 
[TRACE] 2090:TaskDefault:START
[TRACE] 2099:TaskDefault:END
[ 2100 ] PTL_MGR released TaskDefault 
[TRACE] 2100:TaskDefault:START
[TRACE] 2109:TaskDefault:END
[ 2110 ] PTL_MGR released TaskDefault 
[TRACE] 2110:TaskDefault:START
[TRACE] 2119:TaskDefault:END
[ 2120 ] PTL_MGR released TaskDefault 
[TRACE] 2120:TaskDefault:START
[TRACE] 2129:TaskDefault:END
[ 2130 ] PTL_MGR released TaskDefault 
[TRACE] 2130:TaskDefault:START
[TRACE] 2139:TaskDefault:END
[ 2140 ] PTL_MGR released TaskDefault 
[TRACE] 2140:TaskDefault:START
[TRACE] 2149:TaskDefault:END
[ 2150 ] PTL_MGR released TaskDefault 
[TRACE] 2150:TaskDefault:START
[TRACE] 2159:TaskDefault:END
[ 2160 ] PTL_MGR released TaskDefault 
[TRACE] 2160:TaskDefault:START
[TRACE] 2169:TaskDefault:END
[ 2170 ] PTL_MGR released TaskDefault 
[TRACE] 2170:TaskDefault:START
[TRACE] 2179:TaskDefault:END
[ 2180 ] PTL_MGR released TaskDefault 
[TRACE] 2180:TaskDefault:START
[TRACE] 2189:TaskDefault:END
[ 2190 ] PTL_MGR released TaskDefault 
[TRACE] 2190:TaskDefault:START
[TRACE] 2199:TaskDefault:END
[ 2200 ] PTL_MGR released TaskDefault 
[TRACE] 2200:TaskDefault:START
[TRACE] 2209:TaskDefault:END
[ 2210 ] PTL_MGR released TaskDefault 
[TRACE] 2210:TaskDefault:START
[TRACE] 2219:TaskDefault:END
[ 2220 ] PTL_MGR released TaskDefault 
[TRACE] 2220:TaskDefault:START
[TRACE] 2229:TaskDefault:END
[ 2230 ] PTL_MGR released TaskDefault 
[TRACE] 2230:TaskDefault:START
[TRACE] 2239:TaskDefault:END
[ 2240 ] PTL_MGR released TaskDefault 
[TRACE] 2240:TaskDefault:START
[TRACE] 2249:TaskDefault:END
[ 2250 ] PTL_MGR released TaskDefault 
[TRACE] 2250:TaskDefault:START
[TRACE] 2259:TaskDefault:END
[ 2260 ] PTL_MGR released TaskDefault 
[TRACE] 2260:TaskDefault:START
[TRACE] 2269:TaskDefault:END
[ 2270 ] PTL_MGR released TaskDefault 
[TRACE] 2270:TaskDefault:START
[TRACE] 2279:TaskDefault:END
[ 2280 ] PTL_MGR released TaskDefault 
[TRACE] 2280:TaskDefault:START
[TRACE] 2289:TaskDefault:END
[ 2290 ] PTL_MGR released TaskDefault 
[TRACE] 2290:TaskDefault:START
[TRACE] 2299:TaskDefault:END
[ 2300 ] PTL_MGR released TaskDefault 
[TRACE] 2300:TaskDefault:START
[TRACE] 2309:TaskDefault:END
[ 2310 ] PTL_MGR released TaskDefault 
[TRACE] 2310:TaskDefault:START
[TRACE] 2319:TaskDefault:END
[ 2320 ] PTL_MGR released TaskDefault 
[TRACE] 2320:TaskDefault:START
[TRACE] 2329:TaskDefault:END
[ 2330 ] PTL_MGR released TaskDefault 
[TRACE] 2330:TaskDefault:START
[TRACE] 2339:TaskDefault:END
[ 2340 ] PTL_MGR released TaskDefault 
[TRACE] 2340:TaskDefault:START
[TRACE] 2349:TaskDefault:END
[ 2350 ] PTL_MGR released TaskDefault 
[TRACE] 2350:TaskDefault:START
[TRACE] 2359:TaskDefault:END
[ 2360 ] PTL_MGR released TaskDefault 
[TRACE] 2360:TaskDefault:START
[TRACE] 2369:TaskDefault:END
[ 2370 ] PTL_MGR released TaskDefault 
[TRACE] 2370:TaskDefault:START
[TRACE] 2379:TaskDefault:END
[ 2380 ] PTL_MGR released TaskDefault 
[TRACE] 2380:TaskDefault:START
[TRACE] 2389:TaskDefault:END
[ 2390 ] PTL_MGR released TaskDefault 
[TRACE] 2390:TaskDefault:START
[TRACE] 2399:TaskDefault:END
[ 2400 ] PTL_MGR released TaskDefault 
[TRACE] 2400:TaskDefault:START
[TRACE] 2409:TaskDefault:END
[ 2410 ] PTL_MGR released TaskDefault 
[TRACE] 2410:TaskDefault:START
[TRACE] 2419:TaskDefault:END
[ 2420 ] PTL_MGR released TaskDefault 
[TRACE] 2420:TaskDefault:START
[TRACE] 2429:TaskDefault:END
[ 2430 ] PTL_MGR released TaskDefault 
[TRACE] 2430:TaskDefault:START
[TRACE] 2439:TaskDefault:END
[ 2440 ] PTL_MGR released TaskDefault 
[TRACE] 2440:TaskDefault:START
[TRACE] 2449:TaskDefault:END
[ 2450 ] PTL_MGR released TaskDefault 
[TRACE] 2450:TaskDefault:START
[TRACE] 2459:TaskDefault:END
[ 2460 ] PTL_MGR released TaskDefault 
[TRACE] 2460:TaskDefault:START
[TRACE] 2469:TaskDefault:END
[ 2470 ] PTL_MGR released TaskDefault 
[TRACE] 2470:TaskDefault:START
[TRACE] 2479:TaskDefault:END
[ 2480 ] PTL_MGR released TaskDefault 
[TRACE] 2480:TaskDefault:START
[TRACE] 2489:TaskDefault:END
[ 2490 ] PTL_MGR released TaskDefault 
[TRACE] 2490:TaskDefault:START
[TRACE] 2499:TaskDefault:END
[ 2500 ] PTL_MGR released TaskDefault 
[TRACE] 2500:TaskDefault:START
[TRACE] 2509:TaskDefault:END
[ 2510 ] PTL_MGR released TaskDefault 
[TRACE] 2510:TaskDefault:START
[TRACE] 2519:TaskDefault:END
[ 2520 ] PTL_MGR released TaskDefault 
[TRACE] 2520:TaskDefault:START
[TRACE] 2529:TaskDefault:END
[ 2530 ] PTL_MGR released TaskDefault 
[TRACE] 2530:TaskDefault:START
[TRACE] 2539:TaskDefault:END
[ 2540 ] PTL_MGR released TaskDefault 
[TRACE] 2540:TaskDefault:START
[TRACE] 2549:TaskDefault:END
[ 2550 ] PTL_MGR released TaskDefault 
[TRACE] 2550:TaskDefault:START
[TRACE] 2559:TaskDefault:END
[ 2560 ] PTL_MGR released TaskDefault 
[TRACE] 2560:TaskDefault:START
[TRACE] 2569:TaskDefault:END
[ 2570 ] PTL_MGR released TaskDefault 
[TRACE] 2570:TaskDefault:START
[TRACE] 2579:TaskDefault:END
[ 2580 ] PTL_MGR released TaskDefault 
[TRACE] 2580:TaskDefault:START
[TRACE] 2589:TaskDefault:END
[ 2590 ] PTL_MGR released TaskDefault 
[TRACE] 2590:TaskDefault:START
[TRACE] 2599:TaskDefault:END
[ 2600 ] PTL_MGR released TaskDefault 
[TRACE] 2600:TaskDefault:START
[TRACE] 2609:TaskDefault:END
[ 2610 ] PTL_MGR released TaskDefault 
[TRACE] 2610:TaskDefault:START
[TRACE] 2619:TaskDefault:END
[ 2620 ] PTL_MGR released TaskDefault 
[TRACE] 2620:TaskDefault:START
[TRACE] 2629:TaskDefault:END
[ 2630 ] PTL_MGR released TaskDefault 
[TRACE] 2630:TaskDefault:START
[TRACE] 2639:TaskDefault:END
[ 2640 ] PTL_MGR released TaskDefault 
[TRACE] 2640:TaskDefault:START
[TRACE] 2649:TaskDefault:END
[ 2650 ] PTL_MGR released TaskDefault 
[TRACE] 2650:TaskDefault:START
[TRACE] 2659:TaskDefault:END
[ 2660 ] PTL_MGR released TaskDefault 
[TRACE] 2660:TaskDefault:START
[TRACE] 2669:TaskDefault:END
[ 2670 ] PTL_MGR released TaskDefault 
[TRACE] 2670:TaskDefault:START
[TRACE] 2679:TaskDefault:END
[ 2680 ] PTL_MGR released TaskDefault 
[TRACE] 2680:TaskDefault:START
[TRACE] 2689:TaskDefault:END
[ 2690 ] PTL_MGR released TaskDefault 
[TRACE] 2690:TaskDefault:START
[TRACE] 2699:TaskDefault:END
[ 2700 ] PTL_MGR released TaskDefault 
[TRACE] 2700:TaskDefault:START
[TRACE] 2709:TaskDefault:END
[ 2710 ] PTL_MGR released TaskDefault 
[TRACE] 2710:TaskDefault:START
[TRACE] 2719:TaskDefault:END
[ 2720 ] PTL_MGR released TaskDefault 
[TRACE] 2720:TaskDefault:START
[TRACE] 2729:TaskDefault:END
[ 2730 ] PTL_MGR released TaskDefault 
[TRACE] 2730:TaskDefault:START
[TRACE] 2739:TaskDefault:END
[ 2740 ] PTL_MGR released TaskDefault 
[TRACE] 2740:TaskDefault:START
[TRACE] 2749:TaskDefault:END
[ 2750 ] PTL_MGR released TaskDefault 
[TRACE] 2750:TaskDefault:START
[TRACE] 2759:TaskDefault:END
[ 2760 ] PTL_MGR released TaskDefault 
[TRACE] 2760:TaskDefault:START
[TRACE] 2769:TaskDefault:END
[ 2770 ] PTL_MGR released TaskDefault 
[TRACE] 2770:TaskDefault:START
[TRACE] 2779:TaskDefault:END
[ 2780 ] PTL_MGR released TaskDefault 
[TRACE] 2780:TaskDefault:START
[TRACE] 2789:TaskDefault:END
[ 2790 ] PTL_MGR released TaskDefault 
[TRACE] 2790:TaskDefault:START
[TRACE] 2799:TaskDefault:END
[ 2800 ] PTL_MGR released TaskDefault 
[TRACE] 2800:TaskDefault:START
[TRACE] 2809:TaskDefault:END
[ 2810 ] PTL_MGR released TaskDefault 
[TRACE] 2810:TaskDefault:START
[TRACE] 2819:TaskDefault:END
[ 2820 ] PTL_MGR released TaskDefault 
[TRACE] 2820:TaskDefault:START
[TRACE] 2829:TaskDefault:END
[ 2830 ] PTL_MGR released TaskDefault 
[TRACE] 2830:TaskDefault:START
[TRACE] 2839:TaskDefault:END
[ 2840 ] PTL_MGR released TaskDefault 
[TRACE] 2840:TaskDefault:START
[TRACE] 2849:TaskDefault:END
[ 2850 ] PTL_MGR released TaskDefault 
[TRACE] 2850:TaskDefault:START
[TRACE] 2859:TaskDefault:END
[ 2860 ] PTL_MGR released TaskDefault 
[TRACE] 2860:TaskDefault:START
[TRACE] 2869:TaskDefault:END
[ 2870 ] PTL_MGR released TaskDefault 
[TRACE] 2870:TaskDefault:START
[TRACE] 2879:TaskDefault:END
[ 2880 ] PTL_MGR released TaskDefault 
[TRACE] 2880:TaskDefault:START
[TRACE] 2889:TaskDefault:END
[ 2890 ] PTL_MGR released TaskDefault 
[TRACE] 2890:TaskDefault:START
[TRACE] 2899:TaskDefault:END
[ 2900 ] PTL_MGR released TaskDefault 
[TRACE] 2900:TaskDefault:START
[TRACE] 2909:TaskDefault:END
[ 2910 ] PTL_MGR released TaskDefault 
[TRACE] 2910:TaskDefault:START
[TRACE] 2919:TaskDefault:END
[ 2920 ] PTL_MGR released TaskDefault 
[TRACE] 2920:TaskDefault:START
[TRACE] 2929:TaskDefault:END
[ 2930 ] PTL_MGR released TaskDefault 
[TRACE] 2930:TaskDefault:START
[TRACE] 2939:TaskDefault:END
[ 2940 ] PTL_MGR released TaskDefault 
[TRACE] 2940:TaskDefault:START
[TRACE] 2949:TaskDefault:END
[ 2950 ] PTL_MGR released TaskDefault 
[TRACE] 2950:TaskDefault:START
[TRACE] 2959:TaskDefault:END
[ 2960 ] PTL_MGR released TaskDefault 
[TRACE] 2960:TaskDefault:START
[TRACE] 2969:TaskDefault:END
[ 2970 ] PTL_MGR released TaskDefault 
[TRACE] 2970:TaskDefault:START
[TRACE] 2979:TaskDefault:END
[ 2980 ] PTL_MGR released TaskDefault 
[TRACE] 2980:TaskDefault:START
[TRACE] 2989:TaskDefault:END
[ 2990 ] PTL_MGR released TaskDefault 
[TRACE] 2990:TaskDefault:START
[TRACE] 2999:TaskDefault:END
[ 3000 ] PTL_MGR released TaskDefault 
[TRACE] 3000:TaskDefault:START
[TRACE] 3009:TaskDefault:END
[ 3010 ] PTL_MGR released TaskDefault 
[TRACE] 3010:TaskDefault:START
[TRACE] 3019:TaskDefault:END
[ 3020 ] PTL_MGR released TaskDefault 
[TRACE] 3020:TaskDefault:START
[TRACE] 3029:TaskDefault:END
[ 3030 ] PTL_MGR released TaskDefault 
[TRACE] 3030:TaskDefault:START
[TRACE] 3039:TaskDefault:END
[ 3040 ] PTL_MGR released TaskDefault 
[TRACE] 3040:TaskDefault:START
[TRACE] 3049:TaskDefault:END
[ 3050 ] PTL_MGR released TaskDefault 
[TRACE] 3050:TaskDefault:START
[TRACE] 3059:TaskDefault:END
[ 3060 ] PTL_MGR released TaskDefault 
[TRACE] 3060:TaskDefault:START
[TRACE] 3069:TaskDefault:END
[ 3070 ] PTL_MGR released TaskDefault 
[TRACE] 3070:TaskDefault:START
[TRACE] 3079:TaskDefault:END
[ 3080 ] PTL_MGR released TaskDefault 
[TRACE] 3080:TaskDefault:START
[TRACE] 3089:TaskDefault:END
[ 3090 ] PTL_MGR released TaskDefault 
[TRACE] 3090:TaskDefault:START
[TRACE] 3099:TaskDefault:END
[ 3100 ] PTL_MGR released TaskDefault 
[TRACE] 3100:TaskDefault:START
[TRACE] 3109:TaskDefault:END
[ 3110 ] PTL_MGR released TaskDefault 
[TRACE] 3110:TaskDefault:START
[TRACE] 3119:TaskDefault:END
[ 3120 ] PTL_MGR released TaskDefault 
[TRACE] 3120:TaskDefault:START
[TRACE] 3129:TaskDefault:END
[ 3130 ] PTL_MGR released TaskDefault 
[TRACE] 3130:TaskDefault:START
[TRACE] 3139:TaskDefault:END
[ 3140 ] PTL_MGR released TaskDefault 
[TRACE] 3140:TaskDefault:START
[TRACE] 3149:TaskDefault:END
[ 3150 ] PTL_MGR released TaskDefault 
[TRACE] 3150:TaskDefault:START
[TRACE] 3159:TaskDefault:END
[ 3160 ] PTL_MGR released TaskDefault 
[TRACE] 3160:TaskDefault:START
[TRACE] 3169:TaskDefault:END
[ 3170 ] PTL_MGR released TaskDefault 
[TRACE] 3170:TaskDefault:START
[TRACE] 3179:TaskDefault:END
[ 3180 ] PTL_MGR released TaskDefault 
[TRACE] 3180:TaskDefault:START
[TRACE] 3189:TaskDefault:END
[ 3190 ] PTL_MGR released TaskDefault 
[TRACE] 3190:TaskDefault:START
[TRACE] 3199:TaskDefault:END
[ 3200 ] PTL_MGR released TaskDefault 
[TRACE] 3200:TaskDefault:START
[TRACE] 3209:TaskDefault:END
[ 3210 ] PTL_MGR released TaskDefault 
[TRACE] 3210:TaskDefault:START
[TRACE] 3219:TaskDefault:END
[ 3220 ] PTL_MGR released TaskDefault 
[TRACE] 3220:TaskDefault:START
[TRACE] 3229:TaskDefault:END
[ 3230 ] PTL_MGR released TaskDefault 
[TRACE] 3230:TaskDefault:START
[TRACE] 3239:TaskDefault:END
[ 3240 ] PTL_MGR released TaskDefault 
[TRACE] 3240:TaskDefault:START
[TRACE] 3249:TaskDefault:END
[ 3250 ] PTL_MGR released TaskDefault 
[TRACE] 3250:TaskDefault:START
[TRACE] 3259:TaskDefault:END
[ 3260 ] PTL_MGR released TaskDefault 
[TRACE] 3260:TaskDefault:START
[TRACE] 3269:TaskDefault:END
[ 3270 ] PTL_MGR released TaskDefault 
[TRACE] 3270:TaskDefault:START
[TRACE] 3279:TaskDefault:END
[ 3280 ] PTL_MGR released TaskDefault 
[TRACE] 3280:TaskDefault:START
[TRACE] 3289:TaskDefault:END
[ 3290 ] PTL_MGR released TaskDefault 
[TRACE] 3290:TaskDefault:START
[TRACE] 3299:TaskDefault:END
[ 3300 ] PTL_MGR released TaskDefault 
[TRACE] 3300:TaskDefault:START
[TRACE] 3309:TaskDefault:END
[ 3310 ] PTL_MGR released TaskDefault 
[TRACE] 3310:TaskDefault:START
[TRACE] 3319:TaskDefault:END
[ 3320 ] PTL_MGR released TaskDefault 
[TRACE] 3320:TaskDefault:START
[TRACE] 3329:TaskDefault:END
[ 3330 ] PTL_MGR released TaskDefault 
[TRACE] 3330:TaskDefault:START
[TRACE] 3339:TaskDefault:END
[ 3340 ] PTL_MGR released TaskDefault 
[TRACE] 3340:TaskDefault:START
[TRACE] 3349:TaskDefault:END
[ 3350 ] PTL_MGR released TaskDefault 
[TRACE] 3350:TaskDefault:START
[TRACE] 3359:TaskDefault:END
[ 3360 ] PTL_MGR released TaskDefault 
[TRACE] 3360:TaskDefault:START
[TRACE] 3369:TaskDefault:END
[ 3370 ] PTL_MGR released TaskDefault 
[TRACE] 3370:TaskDefault:START
[TRACE] 3379:TaskDefault:END
[ 3380 ] PTL_MGR released TaskDefault 
[TRACE] 3380:TaskDefault:START
[TRACE] 3389:TaskDefault:END
[ 3390 ] PTL_MGR released TaskDefault 
[TRACE] 3390:TaskDefault:START
[TRACE] 3399:TaskDefault:END
[ 3400 ] PTL_MGR released TaskDefault 
[TRACE] 3400:TaskDefault:START
[TRACE] 3409:TaskDefault:END
[ 3410 ] PTL_MGR released TaskDefault 
[TRACE] 3410:TaskDefault:START
[TRACE] 3419:TaskDefault:END
[ 3420 ] PTL_MGR released TaskDefault 
[TRACE] 3420:TaskDefault:START
[TRACE] 3429:TaskDefault:END
[ 3430 ] PTL_MGR released TaskDefault 
[TRACE] 3430:TaskDefault:START
[TRACE] 3439:TaskDefault:END
[ 3440 ] PTL_MGR released TaskDefault 
[TRACE] 3440:TaskDefault:START
[TRACE] 3449:TaskDefault:END
[ 3450 ] PTL_MGR released TaskDefault 
[TRACE] 3450:TaskDefault:START
[TRACE] 3459:TaskDefault:END
[ 3460 ] PTL_MGR released TaskDefault 
[TRACE] 3460:TaskDefault:START
[TRACE] 3469:TaskDefault:END
[ 3470 ] PTL_MGR released TaskDefault 
[TRACE] 3470:TaskDefault:START
[TRACE] 3479:TaskDefault:END
[ 3480 ] PTL_MGR released TaskDefault 
[TRACE] 3480:TaskDefault:START
[TRACE] 3489:TaskDefault:END
[ 3490 ] PTL_MGR released TaskDefault 
[TRACE] 3490:TaskDefault:START
[TRACE] 3499:TaskDefault:END
[ 3500 ] PTL_MGR released TaskDefault 
[TRACE] 3500:TaskDefault:START
[TRACE] 3509:TaskDefault:END
[ 3510 ] PTL_MGR released TaskDefault 
[TRACE] 3510:TaskDefault:START
[TRACE] 3519:TaskDefault:END
[ 3520 ] PTL_MGR released TaskDefault 
[TRACE] 3520:TaskDefault:START
[TRACE] 3529:TaskDefault:END
[ 3530 ] PTL_MGR released TaskDefault 
[TRACE] 3530:TaskDefault:START
[TRACE] 3539:TaskDefault:END
[ 3540 ] PTL_MGR released TaskDefault 
[TRACE] 3540:TaskDefault:START
[TRACE] 3549:TaskDefault:END
[ 3550 ] PTL_MGR released TaskDefault 
[TRACE] 3550:TaskDefault:START
[TRACE] 3559:TaskDefault:END
[ 3560 ] PTL_MGR released TaskDefault 
[TRACE] 3560:TaskDefault:START
[TRACE] 3569:TaskDefault:END
[ 3570 ] PTL_MGR released TaskDefault 
[TRACE] 3570:TaskDefault:START
[TRACE] 3579:TaskDefault:END
[ 3580 ] PTL_MGR released TaskDefault 
[TRACE] 3580:TaskDefault:START
[TRACE] 3589:TaskDefault:END
[ 3590 ] PTL_MGR released TaskDefault 
[TRACE] 3590:TaskDefault:START
[TRACE] 3599:TaskDefault:END
[ 3600 ] PTL_MGR released TaskDefault 
[TRACE] 3600:TaskDefault:START
[TRACE] 3609:TaskDefault:END
[ 3610 ] PTL_MGR released TaskDefault 
[TRACE] 3610:TaskDefault:START
[TRACE] 3619:TaskDefault:END
[ 3620 ] PTL_MGR released TaskDefault 
[TRACE] 3620:TaskDefault:START
[TRACE] 3629:TaskDefault:END
[ 3630 ] PTL_MGR released TaskDefault 
[TRACE] 3630:TaskDefault:START
[TRACE] 3639:TaskDefault:END
[ 3640 ] PTL_MGR released TaskDefault 
[TRACE] 3640:TaskDefault:START
[TRACE] 3649:TaskDefault:END
[ 3650 ] PTL_MGR released TaskDefault 
[TRACE] 3650:TaskDefault:START
[TRACE] 3659:TaskDefault:END
[ 3660 ] PTL_MGR released TaskDefault 
[TRACE] 3660:TaskDefault:START
[TRACE] 3669:TaskDefault:END
[ 3670 ] PTL_MGR released TaskDefault 
[TRACE] 3670:TaskDefault:START
[TRACE] 3679:TaskDefault:END
[ 3680 ] PTL_MGR released TaskDefault 
[TRACE] 3680:TaskDefault:START
[TRACE] 3689:TaskDefault:END
[ 3690 ] PTL_MGR released TaskDefault 
[TRACE] 3690:TaskDefault:START
[TRACE] 3699:TaskDefault:END
[ 3700 ] PTL_MGR released TaskDefault 
[TRACE] 3700:TaskDefault:START
[TRACE] 3709:TaskDefault:END
[ 3710 ] PTL_MGR released TaskDefault 
[TRACE] 3710:TaskDefault:START
[TRACE] 3719:TaskDefault:END
[ 3720 ] PTL_MGR released TaskDefault 
[TRACE] 3720:TaskDefault:START
[TRACE] 3729:TaskDefault:END
[ 3730 ] PTL_MGR released TaskDefault 
[TRACE] 3730:TaskDefault:START
[TRACE] 3739:TaskDefault:END
[ 3740 ] PTL_MGR released TaskDefault 
[TRACE] 3740:TaskDefault:START
[TRACE] 3749:TaskDefault:END
[ 3750 ] PTL_MGR released TaskDefault 
[TRACE] 3750:TaskDefault:START
[TRACE] 3759:TaskDefault:END
[ 3760 ] PTL_MGR released TaskDefault 
[TRACE] 3760:TaskDefault:START
[TRACE] 3769:TaskDefault:END
[ 3770 ] PTL_MGR released TaskDefault 
[TRACE] 3770:TaskDefault:START
[TRACE] 3779:TaskDefault:END
[ 3780 ] PTL_MGR released TaskDefault 
[TRACE] 3780:TaskDefault:START
[TRACE] 3789:TaskDefault:END
[ 3790 ] PTL_MGR released TaskDefault 
[TRACE] 3790:TaskDefault:START
[TRACE] 3799:TaskDefault:END
[ 3800 ] PTL_MGR released TaskDefault 
[TRACE] 3800:TaskDefault:START
[TRACE] 3809:TaskDefault:END
[ 3810 ] PTL_MGR released TaskDefault 
[TRACE] 3810:TaskDefault:START
[TRACE] 3819:TaskDefault:END
[ 3820 ] PTL_MGR released TaskDefault 
[TRACE] 3820:TaskDefault:START
[TRACE] 3829:TaskDefault:END
[ 3830 ] PTL_MGR released TaskDefault 
[TRACE] 3830:TaskDefault:START
[TRACE] 3839:TaskDefault:END
[ 3840 ] PTL_MGR released TaskDefault 
[TRACE] 3840:TaskDefault:START
[TRACE] 3849:TaskDefault:END
[ 3850 ] PTL_MGR released TaskDefault 
[TRACE] 3850:TaskDefault:START
[TRACE] 3859:TaskDefault:END
[ 3860 ] PTL_MGR released TaskDefault 
[TRACE] 3860:TaskDefault:START
[TRACE] 3869:TaskDefault:END
[ 3870 ] PTL_MGR released TaskDefault 
[TRACE] 3870:TaskDefault:START
[TRACE] 3879:TaskDefault:END
[ 3880 ] PTL_MGR released TaskDefault 
[TRACE] 3880:TaskDefault:START
[TRACE] 3889:TaskDefault:END
[ 3890 ] PTL_MGR released TaskDefault 
[TRACE] 3890:TaskDefault:START
[TRACE] 3899:TaskDefault:END
[ 3900 ] PTL_MGR released TaskDefault 
[TRACE] 3900:TaskDefault:START
[TRACE] 3909:TaskDefault:END
[ 3910 ] PTL_MGR released TaskDefault 
[TRACE] 3910:TaskDefault:START
[TRACE] 3919:TaskDefault:END
[ 3920 ] PTL_MGR released TaskDefault 
[TRACE] 3920:TaskDefault:START
[TRACE] 3929:TaskDefault:END
[ 3930 ] PTL_MGR released TaskDefault 
[TRACE] 3930:TaskDefault:START
[TRACE] 3939:TaskDefault:END
[ 3940 ] PTL_MGR released TaskDefault 
[TRACE] 3940:TaskDefault:START
[TRACE] 3949:TaskDefault:END
[ 3950 ] PTL_MGR released TaskDefault 
[TRACE] 3950:TaskDefault:START
[TRACE] 3959:TaskDefault:END
[ 3960 ] PTL_MGR released TaskDefault 
[TRACE] 3960:TaskDefault:START
[TRACE] 3969:TaskDefault:END
[ 3970 ] PTL_MGR released TaskDefault 
[TRACE] 3970:TaskDefault:START
qemu-system-arm: terminating on signal 15 from pid 21352 (/bin/bash)
