Running Test Case: 9

[TEST 9] Overrun Policy CATCH_UP
[ 0 ] PTL_MGR released TaskCatch 
[TRACE] 0:TaskCatch:START
[TRACE] 100:TaskCatch:OVERRUN Policy:3
[TRACE] 150:TaskCatch:END
[TRACE] 150:TaskCatch:START
[TRACE] 200:TaskCatch:OVERRUN Policy:3
[TRACE] 300:TaskCatch:OVERRUN Policy:3
[TRACE] 300:TaskCatch:END
[TRACE] 300:TaskCatch:START
[TRACE] 400:TaskCatch:OVERRUN Policy:3
[TRACE] 450:TaskCatch:END
[TRACE] 450:TaskCatch:START
[TRACE] 500:TaskCatch:OVERRUN Policy:3
[TRACE] 600:TaskCatch:OVERRUN Policy:3
[TRACE] 600:TaskCatch:END
[TRACE] 600:TaskCatch:START
[TRACE] 700:TaskCatch:OVERRUN Policy:3
[TRACE] 750:TaskCatch:END
[TRACE] 750:TaskCatch:START
[TRACE] 800:TaskCatch:OVERRUN Policy:3
[TRACE] 900:TaskCatch:OVERRUN Policy:3
[TRACE] 900:TaskCatch:END
[TRACE] 900:TaskCatch:START
[TRACE] 1000:TaskCatch:OVERRUN Policy:3
[TRACE] 1050:TaskCatch:END
[TRACE] 1050:TaskCatch:START
[TRACE] 1100:TaskCatch:OVERRUN Policy:3
[TRACE] 1200:TaskCatch:OVERRUN Policy:3
[TRACE] 1200:TaskCatch:END
[TRACE] 1200:TaskCatch:START
[TRACE] 1300:TaskCatch:OVERRUN Policy:3
[TRACE] 1350:TaskCatch:END
[TRACE] 1350:TaskCatch:START
[TRACE] 1400:TaskCatch:OVERRUN Policy:3
[TRACE] 1500:TaskCatch:OVERRUN Policy:3
[TRACE] 1500:TaskCatch:END
[TRACE] 1500:TaskCatch:START
[TRACE] 1600:TaskCatch:OVERRUN Policy:3
[TRACE] 1650:TaskCatch:END
[TRACE] 1650:TaskCatch:START
[TRACE] 1700:TaskCatch:OVERRUN Policy:3
[TRACE] 1800:TaskCatch:OVERRUN Policy:3
[TRACE] 1800:TaskCatch:END
[TRACE] 1800:TaskCatch:START
[TRACE] 1900:TaskCatch:OVERRUN Policy:3
[TRACE] 1950:TaskCatch:END
[TRACE] 1950:TaskCatch:START
[TRACE] 2000:TaskCatch:OVERRUN Policy:3
[TRACE] 2100:TaskCatch:OVERRUN Policy:3
[TRACE] 2100:TaskCatch:END
[TRACE] 2100:TaskCatch:START
[TRACE] 2200:TaskCatch:OVERRUN Policy:3
[TRACE] 2250:TaskCatch:END
[TRACE] 2250:TaskCatch:START
[TRACE] 2300:TaskCatch:OVERRUN Policy:3
[TRACE] 2400:TaskCatch:OVERRUN Policy:3
[TRACE] 2400:TaskCatch:END
[TRACE] 2400:TaskCatch:START
[TRACE] 2500:TaskCatch:OVERRUN Policy:3
[TRACE] 2550:TaskCatch:END
[TRACE] 2550:TaskCatch:START
[TRACE] 2600:TaskCatch:OVERRUN Policy:3
[TRACE] 2700:TaskCatch:OVERRUN Policy:3
[TRACE] 2700:TaskCatch:END
[TRACE] 2700:TaskCatch:START
[TRACE] 2800:TaskCatch:OVERRUN Policy:3
[TRACE] 2850:TaskCatch:END
[TRACE] 2850:TaskCatch:START
[TRACE] 2900:TaskCatch:OVERRUN Policy:3
[TRACE] 3000:TaskCatch:OVERRUN Policy:3
[TRACE] 3000:TaskCatch:END
[TRACE] 3000:TaskCatch:START
[TRACE] 3100:TaskCatch:OVERRUN Policy:3
[TRACE] 3150:TaskCatch:END
[TRACE] 3150:TaskCatch:START
[TRACE] 3200:TaskCatch:OVERRUN Policy:3
[TRACE] 3300:TaskCatch:OVERRUN Policy:3
[TRACE] 3300:TaskCatch:END
[TRACE] 3300:TaskCatch:START
[TRACE] 3400:TaskCatch:OVERRUN Policy:3
[TRACE] 3450:TaskCatch:END
[TRACE] 3450:TaskCatch:START
[TRACE] 3500:TaskCatch:OVERRUN Policy:3
[TRACE] 3600:TaskCatch:OVERRUN Policy:3
[TRACE] 3600:TaskCatch:END
[TRACE] 3600:TaskCatch:START
[TRACE] 3700:TaskCatch:OVERRUN Policy:3
[TRACE] 3750:TaskCatch:END
[TRACE] 3750:TaskCatch:START
[TRACE] 3800:TaskCatch:OVERRUN Policy:3
[TRACE] 3900:TaskCatch:OVERRUN Policy:3
[TRACE] 3900:TaskCatch:END
[TRACE] 3900:TaskCatch:START
qemu-system-arm: terminating on signal 15 from pid 21352 (/bin/bash)
