Running Test Case: 3

[TEST 3] Preemption
[ 0 ] PTL_MGR released TaskA 
[ 0 ] PTL_MGR released TaskB 
[TRACE] 0:TaskA:START
[TRACE] 2:TaskA:END
[TRACE] 2:TaskB:START
[TRACE] 4:TaskB:END
[ 10 ] PTL_MGR released TaskA 
[ 10 ] PTL_MGR released TaskB 
[TRACE] 10:TaskA:START
[TRACE] 12:TaskA:END
[TRACE] 12:TaskB:START
[TRACE] 14:TaskB:END
[ 20 ] PTL_MGR released TaskA 
[ 20 ] PTL_MGR released TaskB 
[TRACE] 20:TaskA:START
[TRACE] 22:TaskA:END
[TRACE] 22:TaskB:START
[TRACE] 24:TaskB:END
[ 30 ] PTL_MGR released TaskA 
[ 30 ] PTL_MGR released TaskB 
[TRACE] 30:TaskA:START
[TRACE] 32:TaskA:END
[TRACE] 32:TaskB:START
[TRACE] 34:TaskB:END
[ 40 ] PTL_MGR released TaskA 
[ 40 ] PTL_MGR released TaskB 
[TRACE] 40:TaskA:START
[TRACE] 42:TaskA:END
[TRACE] 42:TaskB:START
[TRACE] 44:TaskB:END
[ 50 ] PTL_MGR released TaskA 
[ 50 ] PTL_MGR released TaskB 
[TRACE] 50:TaskA:START
[TRACE] 52:TaskA:END
[TRACE] 52:TaskB:START
[TRACE] 54:TaskB:END
[ 60 ] PTL_MGR released TaskA 
[ 60 ] PTL_MGR released TaskB 
[TRACE] 60:TaskA:START
[TRACE] 62:TaskA:END
[TRACE] 62:TaskB:START
[TRACE] 64:TaskB:END
[ 70 ] PTL_MGR released TaskA 
[ 70 ] PTL_MGR released TaskB 
[TRACE] 70:TaskA:START
[TRACE] 72:TaskA:END
[TRACE] 72:TaskB:START
[TRACE] 74:TaskB:END
[ 80 ] PTL_MGR released TaskA 
[ 80 ] PTL_MGR released TaskB 
[TRACE] 80:TaskA:START
[TRACE] 82:TaskA:END
[TRACE] 82:TaskB:START
[TRACE] 84:TaskB:END
[ 90 ] PTL_MGR released TaskA 
[ 90 ] PTL_MGR released TaskB 
[TRACE] 90:TaskA:START
[TRACE] 92:TaskA:END
[TRACE] 92:TaskB:START
[TRACE] 94:TaskB:END
[ 100 ] PTL_MGR released TaskA 
[ 100 ] PTL_MGR released TaskB 
[TRACE] 100:TaskA:START
[TRACE] 102:TaskA:END
[TRACE] 102:TaskB:START
[TRACE] 104:TaskB:END
[ 110 ] PTL_MGR released TaskA 
[ 110 ] PTL_MGR released TaskB 
[TRACE] 110:TaskA:START
[TRACE] 112:TaskA:END
[TRACE] 112:TaskB:START
[TRACE] 114:TaskB:END
[ 120 ] PTL_MGR released TaskA 
[ 120 ] PTL_MGR released TaskB 
[TRACE] 120:TaskA:START
[TRACE] 122:TaskA:END
[TRACE] 122:TaskB:START
[TRACE] 124:TaskB:END
[ 130 ] PTL_MGR released TaskA 
[ 130 ] PTL_MGR released TaskB 
[TRACE] 130:TaskA:START
[TRACE] 132:TaskA:END
[TRACE] 132:TaskB:START
[TRACE] 134:TaskB:END
[ 140 ] PTL_MGR released TaskA 
[ 140 ] PTL_MGR released TaskB 
[TRACE] 140:TaskA:START
[TRACE] 142:TaskA:END
[TRACE] 142:TaskB:START
[TRACE] 144:TaskB:END
[ 150 ] PTL_MGR released TaskA 
[ 150 ] PTL_MGR released TaskB 
[TRACE] 150:TaskA:START
[TRACE] 152:TaskA:END
[TRACE] 152:TaskB:START
[TRACE] 154:TaskB:END
[ 160 ] PTL_MGR released TaskA 
[ 160 ] PTL_MGR released TaskB 
[TRACE] 160:TaskA:START
[TRACE] 162:TaskA:END
[TRACE] 162:TaskB:START
[TRACE] 164:TaskB:END
[ 170 ] PTL_MGR released TaskA 
[ 170 ] PTL_MGR released TaskB 
[TRACE] 170:TaskA:START
[TRACE] 172:TaskA:END
[TRACE] 172:TaskB:START
[TRACE] 174:TaskB:END
[ 180 ] PTL_MGR released TaskA 
[ 180 ] PTL_MGR released TaskB 
[TRACE] 180:TaskA:START
[TRACE] 182:TaskA:END
[TRACE] 182:TaskB:START
[TRACE] 184:TaskB:END
[ 190 ] PTL_MGR released TaskA 
[ 190 ] PTL_MGR released TaskB 
[TRACE] 190:TaskA:START
[TRACE] 192:TaskA:END
[TRACE] 192:TaskB:START
[TRACE] 194:TaskB:END
[ 200 ] PTL_MGR released TaskA 
[ 200 ] PTL_MGR released TaskB 
[TRACE] 200:TaskA:START
[TRACE] 202:TaskA:END
[TRACE] 202:TaskB:START
[TRACE] 204:TaskB:END
[ 210 ] PTL_MGR released TaskA 
[ 210 ] PTL_MGR released TaskB 
[TRACE] 210:TaskA:START
[TRACE] 212:TaskA:END
[TRACE] 212:TaskB:START
[TRACE] 214:TaskB:END
[ 220 ] PTL_MGR released TaskA 
[ 220 ] PTL_MGR released TaskB 
[TRACE] 220:TaskA:START
[TRACE] 222:TaskA:END
[TRACE] 222:TaskB:START
[TRACE] 224:TaskB:END
[ 230 ] PTL_MGR released TaskA 
[ 230 ] PTL_MGR released TaskB 
[TRACE] 230:TaskA:START
[TRACE] 232:TaskA:END
[TRACE] 232:TaskB:START
[TRACE] 234:TaskB:END
[ 240 ] PTL_MGR released TaskA 
[ 240 ] PTL_MGR released TaskB 
[TRACE] 240:TaskA:START
[TRACE] 242:TaskA:END
[TRACE] 242:TaskB:START
[TRACE] 244:TaskB:END
[ 250 ] PTL_MGR released TaskA 
[ 250 ] PTL_MGR released TaskB 
[TRACE] 250:TaskA:START
[TRACE] 252:TaskA:END
[TRACE] 252:TaskB:START
[TRACE] 254:TaskB:END
[ 260 ] PTL_MGR released TaskA 
[ 260 ] PTL_MGR released TaskB 
[TRACE] 260:TaskA:START
[TRACE] 262:TaskA:END
[TRACE] 262:TaskB:START
[TRACE] 264:TaskB:END
[ 270 ] PTL_MGR released TaskA 
[ 270 ] PTL_MGR released TaskB 
[TRACE] 270:TaskA:START
[TRACE] 272:TaskA:END
[TRACE] 272:TaskB:START
[TRACE] 274:TaskB:END
[ 280 ] PTL_MGR released TaskA 
[ 280 ] PTL_MGR released TaskB 
[TRACE] 280:TaskA:START
[TRACE] 282:TaskA:END
[TRACE] 282:TaskB:START
[TRACE] 284:TaskB:END
[ 290 ] PTL_MGR released TaskA 
[ 290 ] PTL_MGR released TaskB 
[TRACE] 290:TaskA:START
[TRACE] 292:TaskA:END
[TRACE] 292:TaskB:START
[TRACE] 294:TaskB:END
[ 300 ] PTL_MGR released TaskA 
[ 300 ] PTL_MGR released TaskB 
[TRACE] 300:TaskA:START
[TRACE] 302:TaskA:END
[TRACE] 302:TaskB:START
[TRACE] 304:TaskB:END
[ 310 ] PTL_MGR released TaskA 
[ 310 ] PTL_MGR released TaskB 
[TRACE] 310:TaskA:START
[TRACE] 312:TaskA:END
[TRACE] 312:TaskB:START
[TRACE] 314:TaskB:END
[ 320 ] PTL_MGR released TaskA 
[ 320 ] PTL_MGR released TaskB 
[TRACE] 320:TaskA:START
[TRACE] 322:TaskA:END
[TRACE] 322:TaskB:START
[TRACE] 324:TaskB:END
[ 330 ] PTL_MGR released TaskA 
[ 330 ] PTL_MGR released TaskB 
[TRACE] 330:TaskA:START
[TRACE] 332:TaskA:END
[TRACE] 332:TaskB:START
[TRACE] 334:TaskB:END
[ 340 ] PTL_MGR released TaskA 
[ 340 ] PTL_MGR released TaskB 
[TRACE] 340:TaskA:START
[TRACE] 342:TaskA:END
[TRACE] 342:TaskB:START
[TRACE] 344:TaskB:END
[ 350 ] PTL_MGR released TaskA 
[ 350 ] PTL_MGR released TaskB 
[TRACE] 350:TaskA:START
[TRACE] 352:TaskA:END
[TRACE] 352:TaskB:START
[TRACE] 354:TaskB:END
[ 360 ] PTL_MGR released TaskA 
[ 360 ] PTL_MGR released TaskB 
[TRACE] 360:TaskA:START
[TRACE] 362:TaskA:END
[TRACE] 362:TaskB:START
[TRACE] 364:TaskB:END
[ 370 ] PTL_MGR released TaskA 
[ 370 ] PTL_MGR released TaskB 
[TRACE] 370:TaskA:START
[TRACE] 372:TaskA:END
[TRACE] 372:TaskB:START
[TRACE] 374:TaskB:END
[ 380 ] PTL_MGR released TaskA 
[ 380 ] PTL_MGR released TaskB 
[TRACE] 380:TaskA:START
[TRACE] 382:TaskA:END
[TRACE] 382:TaskB:START
[TRACE] 384:TaskB:END
[ 390 ] PTL_MGR released TaskA 
[ 390 ] PTL_MGR released TaskB 
[TRACE] 390:TaskA:START
[TRACE] 392:TaskA:END
[TRACE] 392:TaskB:START
[TRACE] 394:TaskB:END
[ 400 ] PTL_MGR released TaskA 
[ 400 ] PTL_MGR released TaskB 
[TRACE] 400:TaskA:START
[TRACE] 402:TaskA:END
[TRACE] 402:TaskB:START
[TRACE] 404:TaskB:END
[ 410 ] PTL_MGR released TaskA 
[ 410 ] PTL_MGR released TaskB 
[TRACE] 410:TaskA:START
[TRACE] 412:TaskA:END
[TRACE] 412:TaskB:START
[TRACE] 414:TaskB:END
[ 420 ] PTL_MGR released TaskA 
[ 420 ] PTL_MGR released TaskB 
[TRACE] 420:TaskA:START
[TRACE] 422:TaskA:END
[TRACE] 422:TaskB:START
[TRACE] 424:TaskB:END
[ 430 ] PTL_MGR released TaskA 
[ 430 ] PTL_MGR released TaskB 
[TRACE] 430:TaskA:START
[TRACE] 432:TaskA:END
[TRACE] 432:TaskB:START
[TRACE] 434:TaskB:END
[ 440 ] PTL_MGR released TaskA 
[ 440 ] PTL_MGR released TaskB 
[TRACE] 440:TaskA:START
[TRACE] 442:TaskA:END
[TRACE] 442:TaskB:START
[TRACE] 444:TaskB:END
[ 450 ] PTL_MGR released TaskA 
[ 450 ] PTL_MGR released TaskB 
[TRACE] 450:TaskA:START
[TRACE] 452:TaskA:END
[TRACE] 452:TaskB:START
[TRACE] 454:TaskB:END
[ 460 ] PTL_MGR released TaskA 
[ 460 ] PTL_MGR released TaskB 
[TRACE] 460:TaskA:START
[TRACE] 462:TaskA:END
[TRACE] 462:TaskB:START
[TRACE] 464:TaskB:END
[ 470 ] PTL_MGR released TaskA 
[ 470 ] PTL_MGR released TaskB 
[TRACE] 470:TaskA:START
[TRACE] 472:TaskA:END
[TRACE] 472:TaskB:START
[TRACE] 474:TaskB:END
[ 480 ] PTL_MGR released TaskA 
[ 480 ] PTL_MGR released TaskB 
[TRACE] 480:TaskA:START
[TRACE] 482:TaskA:END
[TRACE] 482:TaskB:START
[TRACE] 484:TaskB:END
[ 490 ] PTL_MGR released TaskA 
[ 490 ] PTL_MGR released TaskB 
[TRACE] 490:TaskA:START
[TRACE] 492:TaskA:END
[TRACE] 492:TaskB:START
[TRACE] 494:TaskB:END
[ 500 ] PTL_MGR released TaskA 
[ 500 ] PTL_MGR released TaskB 
[TRACE] 500:TaskA:START
[TRACE] 502:TaskA:END
[TRACE] 502:TaskB:START
[TRACE] 504:TaskB:END
[ 510 ] PTL_MGR released TaskA 
[ 510 ] PTL_MGR released TaskB 
[TRACE] 510:TaskA:START
[TRACE] 512:TaskA:END
[TRACE] 512:TaskB:START
[TRACE] 514:TaskB:END
[ 520 ] PTL_MGR released TaskA 
[ 520 ] PTL_MGR released TaskB 
[TRACE] 520:TaskA:START
[TRACE] 522:TaskA:END
[TRACE] 522:TaskB:START
[TRACE] 524:TaskB:END
[ 530 ] PTL_MGR released TaskA 
[ 530 ] PTL_MGR released TaskB 
[TRACE] 530:TaskA:START
[TRACE] 532:TaskA:END
[TRACE] 532:TaskB:START
[TRACE] 534:TaskB:END
[ 540 ] PTL_MGR released TaskA 
[ 540 ] PTL_MGR released TaskB 
[TRACE] 540:TaskA:START
[TRACE] 542:TaskA:END
[TRACE] 542:TaskB:START
[TRACE] 544:TaskB:END
[ 550 ] PTL_MGR released TaskA 
[ 550 ] PTL_MGR released TaskB 
[TRACE] 550:TaskA:START
[TRACE] 552:TaskA:END
[TRACE] 552:TaskB:START
[TRACE] 554:TaskB:END
[ 560 ] PTL_MGR released TaskA 
[ 560 ] PTL_MGR released TaskB 
[TRACE] 560:TaskA:START
[TRACE] 562:TaskA:END
[TRACE] 562:TaskB:START
[TRACE] 564:TaskB:END
[ 570 ] PTL_MGR released TaskA 
[ 570 ] PTL_MGR released TaskB 
[TRACE] 570:TaskA:START
[TRACE] 572:TaskA:END
[TRACE] 572:TaskB:START
[TRACE] 574:TaskB:END
[ 580 ] PTL_MGR released TaskA 
[ 580 ] PTL_MGR released TaskB 
[TRACE] 580:TaskA:START
[TRACE] 582:TaskA:END
[TRACE] 582:TaskB:START
[TRACE] 584:TaskB:END
[ 590 ] PTL_MGR released TaskA 
[ 590 ] PTL_MGR released TaskB 
[TRACE] 590:TaskA:START
[TRACE] 592:TaskA:END
[TRACE] 592:TaskB:START
[TRACE] 594:TaskB:END
[ 600 ] PTL_MGR released TaskA 
[ 600 ] PTL_MGR released TaskB 
[TRACE] 600:TaskA:START
[TRACE] 602:TaskA:END
[TRACE] 602:TaskB:START
[TRACE] 604:TaskB:END
[ 610 ] PTL_MGR released TaskA 
[ 610 ] PTL_MGR released TaskB 
[TRACE] 610:TaskA:START
[TRACE] 612:TaskA:END
[TRACE] 612:TaskB:START
[TRACE] 614:TaskB:END
[ 620 ] PTL_MGR released TaskA 
[ 620 ] PTL_MGR released TaskB 
[TRACE] 620:TaskA:START
[TRACE] 622:TaskA:END
[TRACE] 622:TaskB:START
[TRACE] 624:TaskB:END
[ 630 ] PTL_MGR released TaskA 
[ 630 ] PTL_MGR released TaskB 
[TRACE] 630:TaskA:START
[TRACE] 632:TaskA:END
[TRACE] 632:TaskB:START
[TRACE] 634:TaskB:END
[ 640 ] PTL_MGR released TaskA 
[ 640 ] PTL_MGR released TaskB 
[TRACE] 640:TaskA:START
[TRACE] 642:TaskA:END
[TRACE] 642:TaskB:START
[TRACE] 644:TaskB:END
[ 650 ] PTL_MGR released TaskA 
[ 650 ] PTL_MGR released TaskB 
[TRACE] 650:TaskA:START
[TRACE] 652:TaskA:END
[TRACE] 652:TaskB:START
[TRACE] 654:TaskB:END
[ 660 ] PTL_MGR released TaskA 
[ 660 ] PTL_MGR released TaskB 
[TRACE] 660:TaskA:START
[TRACE] 662:TaskA:END
[TRACE] 662:TaskB:START
[TRACE] 664:TaskB:END
[ 670 ] PTL_MGR released TaskA 
[ 670 ] PTL_MGR released TaskB 
[TRACE] 670:TaskA:START
[TRACE] 672:TaskA:END
[TRACE] 672:TaskB:START
[TRACE] 674:TaskB:END
[ 680 ] PTL_MGR released TaskA 
[ 680 ] PTL_MGR released TaskB 
[TRACE] 680:TaskA:START
[TRACE] 682:TaskA:END
[TRACE] 682:TaskB:START
[TRACE] 684:TaskB:END
[ 690 ] PTL_MGR released TaskA 
[ 690 ] PTL_MGR released TaskB 
[TRACE] 690:TaskA:START
[TRACE] 692:TaskA:END
[TRACE] 692:TaskB:START
[TRACE] 694:TaskB:END
[ 700 ] PTL_MGR released TaskA 
[ 700 ] PTL_MGR released TaskB 
[TRACE] 700:TaskA:START
[TRACE] 702:TaskA:END
[TRACE] 702:TaskB:START
[TRACE] 704:TaskB:END
[ 710 ] PTL_MGR released TaskA 
[ 710 ] PTL_MGR released TaskB 
[TRACE] 710:TaskA:START
[TRACE] 712:TaskA:END
[TRACE] 712:TaskB:START
[TRACE] 714:TaskB:END
[ 720 ] PTL_MGR released TaskA 
[ 720 ] PTL_MGR released TaskB 
[TRACE] 720:TaskA:START
[TRACE] 722:TaskA:END
[TRACE] 722:TaskB:START
[TRACE] 724:TaskB:END
[ 730 ] PTL_MGR released TaskA 
[ 730 ] PTL_MGR released TaskB 
[TRACE] 730:TaskA:START
[TRACE] 732:TaskA:END
[TRACE] 732:TaskB:START
[TRACE] 734:TaskB:END
[ 740 ] PTL_MGR released TaskA 
[ 740 ] PTL_MGR released TaskB 
[TRACE] 740:TaskA:START
[TRACE] 742:TaskA:END
[TRACE] 742:TaskB:START
[TRACE] 744:TaskB:END
[ 750 ] PTL_MGR released TaskA 
[ 750 ] PTL_MGR released TaskB 
[TRACE] 750:TaskA:START
[TRACE] 752:TaskA:END
[TRACE] 752:TaskB:START
[TRACE] 754:TaskB:END
[ 760 ] PTL_MGR released TaskA 
[ 760 ] PTL_MGR released TaskB 
[TRACE] 760:TaskA:START
[TRACE] 762:TaskA:END
[TRACE] 762:TaskB:START
[TRACE] 764:TaskB:END
[ 770 ] PTL_MGR released TaskA 
[ 770 ] PTL_MGR released TaskB 
[TRACE] 770:TaskA:START
[TRACE] 772:TaskA:END
[TRACE] 772:TaskB:START
[TRACE] 774:TaskB:END
[ 780 ] PTL_MGR released TaskA 
[ 780 ] PTL_MGR released TaskB 
[TRACE] 780:TaskA:START
[TRACE] 782:TaskA:END
[TRACE] 782:TaskB:START
[TRACE] 784:TaskB:END
[ 790 ] PTL_MGR released TaskA 
[ 790 ] PTL_MGR released TaskB 
[TRACE] 790:TaskA:START
[TRACE] 792:TaskA:END
[TRACE] 792:TaskB:START
[TRACE] 794:TaskB:END
[ 800 ] PTL_MGR released TaskA 
[ 800 ] PTL_MGR released TaskB 
[TRACE] 800:TaskA:START
[TRACE] 802:TaskA:END
[TRACE] 802:TaskB:START
[TRACE] 804:TaskB:END
[ 810 ] PTL_MGR released TaskA 
[ 810 ] PTL_MGR released TaskB 
[TRACE] 810:TaskA:START
[TRACE] 812:TaskA:END
[TRACE] 812:TaskB:START
[TRACE] 814:TaskB:END
[ 820 ] PTL_MGR released TaskA 
[ 820 ] PTL_MGR released TaskB 
[TRACE] 820:TaskA:START
[TRACE] 822:TaskA:END
[TRACE] 822:TaskB:START
[TRACE] 824:TaskB:END
[ 830 ] PTL_MGR released TaskA 
[ 830 ] PTL_MGR released TaskB 
[TRACE] 830:TaskA:START
[TRACE] 832:TaskA:END
[TRACE] 832:TaskB:START
[TRACE] 834:TaskB:END
[ 840 ] PTL_MGR released TaskA 
[ 840 ] PTL_MGR released TaskB 
[TRACE] 840:TaskA:START
[TRACE] 842:TaskA:END
[TRACE] 842:TaskB:START
[TRACE] 844:TaskB:END
[ 850 ] PTL_MGR released TaskA 
[ 850 ] PTL_MGR released TaskB 
[TRACE] 850:TaskA:START
[TRACE] 852:TaskA:END
[TRACE] 852:TaskB:START
[TRACE] 854:TaskB:END
[ 860 ] PTL_MGR released TaskA 
[ 860 ] PTL_MGR released TaskB 
[TRACE] 860:TaskA:START
[TRACE] 862:TaskA:END
[TRACE] 862:TaskB:START
[TRACE] 864:TaskB:END
[ 870 ] PTL_MGR released TaskA 
[ 870 ] PTL_MGR released TaskB 
[TRACE] 870:TaskA:START
[TRACE] 872:TaskA:END
[TRACE] 872:TaskB:START
[TRACE] 874:TaskB:END
[ 880 ] PTL_MGR released TaskA 
[ 880 ] PTL_MGR released TaskB 
[TRACE] 880:TaskA:START
[TRACE] 882:TaskA:END
[TRACE] 882:TaskB:START
[TRACE] 884:TaskB:END
[ 890 ] PTL_MGR released TaskA 
[ 890 ] PTL_MGR released TaskB 
[TRACE] 890:TaskA:START
[TRACE] 892:TaskA:END
[TRACE] 892:TaskB:START
[TRACE] 894:TaskB:END
[ 900 ] PTL_MGR released TaskA 
[ 900 ] PTL_MGR released TaskB 
[TRACE] 900:TaskA:START
[TRACE] 902:TaskA:END
[TRACE] 902:TaskB:START
[TRACE] 904:TaskB:END
[ 910 ] PTL_MGR released TaskA 
[ 910 ] PTL_MGR released TaskB 
[TRACE] 910:TaskA:START
[TRACE] 912:TaskA:END
[TRACE] 912:TaskB:START
[TRACE] 914:TaskB:END
[ 920 ] PTL_MGR released TaskA 
[ 920 ] PTL_MGR released TaskB 
[TRACE] 920:TaskA:START
[TRACE] 922:TaskA:END
[TRACE] 922:TaskB:START
[TRACE] 924:TaskB:END
[ 930 ] PTL_MGR released TaskA 
[ 930 ] PTL_MGR released TaskB 
[TRACE] 930:TaskA:START
[TRACE] 932:TaskA:END
[TRACE] 932:TaskB:START
[TRACE] 934:TaskB:END
[ 940 ] PTL_MGR released TaskA 
[ 940 ] PTL_MGR released TaskB 
[TRACE] 940:TaskA:START
[TRACE] 942:TaskA:END
[TRACE] 942:TaskB:START
[TRACE] 944:TaskB:END
[ 950 ] PTL_MGR released TaskA 
[ 950 ] PTL_MGR released TaskB 
[TRACE] 950:TaskA:START
[TRACE] 952:TaskA:END
[TRACE] 952:TaskB:START
[TRACE] 954:TaskB:END
[ 960 ] PTL_MGR released TaskA 
[ 960 ] PTL_MGR released TaskB 
[TRACE] 960:TaskA:START
[TRACE] 962:TaskA:END
[TRACE] 962:TaskB:START
[TRACE] 964:TaskB:END
[ 970 ] PTL_MGR released TaskA 
[ 970 ] PTL_MGR released TaskB 
[TRACE] 970:TaskA:START
[TRACE] 972:TaskA:END
[TRACE] 972:TaskB:START
[TRACE] 974:TaskB:END
[ 980 ] PTL_MGR released TaskA 
[ 980 ] PTL_MGR released TaskB 
[TRACE] 980:TaskA:START
[TRACE] 982:TaskA:END
[TRACE] 982:TaskB:START
[TRACE] 984:TaskB:END
[ 990 ] PTL_MGR released TaskA 
[ 990 ] PTL_MGR released TaskB 
[TRACE] 990:TaskA:START
[TRACE] 992:TaskA:END
[TRACE] 992:TaskB:START
[TRACE] 994:TaskB:END
[ 1000 ] PTL_MGR released TaskA 
[ 1000 ] PTL_MGR released TaskB 
[TRACE] 1000:TaskA:START
[TRACE] 1002:TaskA:END
[TRACE] 1002:TaskB:START
[TRACE] 1004:TaskB:END
[ 1010 ] PTL_MGR released TaskA 
[ 1010 ] PTL_MGR released TaskB 
[TRACE] 1010:TaskA:START
[TRACE] 1012:TaskA:END
[TRACE] 1012:TaskB:START
[TRACE] 1014:TaskB:END
[ 1020 ] PTL_MGR released TaskA 
[ 1020 ] PTL_MGR released TaskB 
[TRACE] 1020:TaskA:START
[TRACE] 1022:TaskA:END
[TRACE] 1022:TaskB:START
[TRACE] 1024:TaskB:END
[ 1030 ] PTL_MGR released TaskA 
[ 1030 ] PTL_MGR released TaskB 
[TRACE] 1030:TaskA:START
[TRACE] 1032:TaskA:END
[TRACE] 1032:TaskB:START
[TRACE] 1034:TaskB:END
[ 1040 ] PTL_MGR released TaskA 
[ 1040 ] PTL_MGR released TaskB 
[TRACE] 1040:TaskA:START
[TRACE] 1042:TaskA:END
[TRACE] 1042:TaskB:START
[TRACE] 1044:TaskB:END
[ 1050 ] PTL_MGR released TaskA 
[ 1050 ] PTL_MGR released TaskB 
[TRACE] 1050:TaskA:START
[TRACE] 1052:TaskA:END
[TRACE] 1052:TaskB:START
[TRACE] 1054:TaskB:END
[ 1060 ] PTL_MGR released TaskA 
[ 1060 ] PTL_MGR released TaskB 
[TRACE] 1060:TaskA:START
[TRACE] 1062:TaskA:END
[TRACE] 1062:TaskB:START
[TRACE] 1064:TaskB:END
[ 1070 ] PTL_MGR released TaskA 
[ 1070 ] PTL_MGR released TaskB 
[TRACE] 1070:TaskA:START
[TRACE] 1072:TaskA:END
[TRACE] 1072:TaskB:START
[TRACE] 1074:TaskB:END
[ 1080 ] PTL_MGR released TaskA 
[ 1080 ] PTL_MGR released TaskB 
[TRACE] 1080:TaskA:START
[TRACE] 1082:TaskA:END
[TRACE] 1082:TaskB:START
[TRACE] 1084:TaskB:END
[ 1090 ] PTL_MGR released TaskA 
[ 1090 ] PTL_MGR released TaskB 
[TRACE] 1090:TaskA:START
[TRACE] 1092:TaskA:END
[TRACE] 1092:TaskB:START
[TRACE] 1094:TaskB:END
[ 1100 ] PTL_MGR released TaskA 
[ 1100 ] PTL_MGR released TaskB 
[TRACE] 1100:TaskA:START
[TRACE] 1102:TaskA:END
[TRACE] 1102:TaskB:START
[TRACE] 1104:TaskB:END
[ 1110 ] PTL_MGR released TaskA 
[ 1110 ] PTL_MGR released TaskB 
[TRACE] 1110:TaskA:START
[TRACE] 1112:TaskA:END
[TRACE] 1112:TaskB:START
[TRACE] 1114:TaskB:END
[ 1120 ] PTL_MGR released TaskA 
[ 1120 ] PTL_MGR released TaskB 
[TRACE] 1120:TaskA:START
[TRACE] 1122:TaskA:END
[TRACE] 1122:TaskB:START
[TRACE] 1124:TaskB:END
[ 1130 ] PTL_MGR released TaskA 
[ 1130 ] PTL_MGR released TaskB 
[TRACE] 1130:TaskA:START
[TRACE] 1132:TaskA:END
[TRACE] 1132:TaskB:START
[TRACE] 1134:TaskB:END
[ 1140 ] PTL_MGR released TaskA 
[ 1140 ] PTL_MGR released TaskB 
[TRACE] 1140:TaskA:START
[TRACE] 1142:TaskA:END
[TRACE] 1142:TaskB:START
[TRACE] 1144:TaskB:END
[ 1150 ] PTL_MGR released TaskA 
[ 1150 ] PTL_MGR released TaskB 
[TRACE] 1150:TaskA:START
[TRACE] 1152:TaskA:END
[TRACE] 1152:TaskB:START
[TRACE] 1154:TaskB:END
[ 1160 ] PTL_MGR released TaskA 
[ 1160 ] PTL_MGR released TaskB 
[TRACE] 1160:TaskA:START
[TRACE] 1162:TaskA:END
[TRACE] 1162:TaskB:START
[TRACE] 1164:TaskB:END
[ 1170 ] PTL_MGR released TaskA 
[ 1170 ] PTL_MGR released TaskB 
[TRACE] 1170:TaskA:START
[TRACE] 1172:TaskA:END
[TRACE] 1172:TaskB:START
[TRACE] 1174:TaskB:END
[ 1180 ] PTL_MGR released TaskA 
[ 1180 ] PTL_MGR released TaskB 
[TRACE] 1180:TaskA:START
[TRACE] 1182:TaskA:END
[TRACE] 1182:TaskB:START
[TRACE] 1184:TaskB:END
[ 1190 ] PTL_MGR released TaskA 
[ 1190 ] PTL_MGR released TaskB 
[TRACE] 1190:TaskA:START
[TRACE] 1192:TaskA:END
[TRACE] 1192:TaskB:START
[TRACE] 1194:TaskB:END
[ 1200 ] PTL_MGR released TaskA 
[ 1200 ] PTL_MGR released TaskB 
[TRACE] 1200:TaskA:START
[TRACE] 1202:TaskA:END
[TRACE] 1202:TaskB:START
[TRACE] 1204:TaskB:END
[ 1210 ] PTL_MGR released TaskA 
[ 1210 ] PTL_MGR released TaskB 
[TRACE] 1210:TaskA:START
[TRACE] 1212:TaskA:END
[TRACE] 1212:TaskB:START
[TRACE] 1214:TaskB:END
[ 1220 ] PTL_MGR released TaskA 
[ 1220 ] PTL_MGR released TaskB 
[TRACE] 1220:TaskA:START
[TRACE] 1222:TaskA:END
[TRACE] 1222:TaskB:START
[TRACE] 1224:TaskB:END
[ 1230 ] PTL_MGR released TaskA 
[ 1230 ] PTL_MGR released TaskB 
[TRACE] 1230:TaskA:START
[TRACE] 1232:TaskA:END
[TRACE] 1232:TaskB:START
[TRACE] 1234:TaskB:END
[ 1240 ] PTL_MGR released TaskA 
[ 1240 ] PTL_MGR released TaskB 
[TRACE] 1240:TaskA:START
[TRACE] 1242:TaskA:END
[TRACE] 1242:TaskB:START
[TRACE] 1244:TaskB:END
[ 1250 ] PTL_MGR released TaskA 
[ 1250 ] PTL_MGR released TaskB 
[TRACE] 1250:TaskA:START
[TRACE] 1252:TaskA:END
[TRACE] 1252:TaskB:START
[TRACE] 1254:TaskB:END
[ 1260 ] PTL_MGR released TaskA 
[ 1260 ] PTL_MGR released TaskB 
[TRACE] 1260:TaskA:START
[TRACE] 1262:TaskA:END
[TRACE] 1262:TaskB:START
[TRACE] 1264:TaskB:END
[ 1270 ] PTL_MGR released TaskA 
[ 1270 ] PTL_MGR released TaskB 
[TRACE] 1270:TaskA:START
[TRACE] 1272:TaskA:END
[TRACE] 1272:TaskB:START
[TRACE] 1274:TaskB:END
[ 1280 ] PTL_MGR released TaskA 
[ 1280 ] PTL_MGR released TaskB 
[TRACE] 1280:TaskA:START
[TRACE] 1282:TaskA:END
[TRACE] 1282:TaskB:START
[TRACE] 1284:TaskB:END
[ 1290 ] PTL_MGR released TaskA 
[ 1290 ] PTL_MGR released TaskB 
[TRACE] 1290:TaskA:START
[TRACE] 1292:TaskA:END
[TRACE] 1292:TaskB:START
[TRACE] 1294:TaskB:END
[ 1300 ] PTL_MGR released TaskA 
[ 1300 ] PTL_MGR released TaskB 
[TRACE] 1300:TaskA:START
[TRACE] 1302:TaskA:END
[TRACE] 1302:TaskB:START
[TRACE] 1304:TaskB:END
[ 1310 ] PTL_MGR released TaskA 
[ 1310 ] PTL_MGR released TaskB 
[TRACE] 1310:TaskA:START
[TRACE] 1312:TaskA:END
[TRACE] 1312:TaskB:START
[TRACE] 1314:TaskB:END
[ 1320 ] PTL_MGR released TaskA 
[ 1320 ] PTL_MGR released TaskB 
[TRACE] 1320:TaskA:START
[TRACE] 1322:TaskA:END
[TRACE] 1322:TaskB:START
[TRACE] 1324:TaskB:END
[ 1330 ] PTL_MGR released TaskA 
[ 1330 ] PTL_MGR released TaskB 
[TRACE] 1330:TaskA:START
[TRACE] 1332:TaskA:END
[TRACE] 1332:TaskB:START
[TRACE] 1334:TaskB:END
[ 1340 ] PTL_MGR released TaskA 
[ 1340 ] PTL_MGR released TaskB 
[TRACE] 1340:TaskA:START
[TRACE] 1342:TaskA:END
[TRACE] 1342:TaskB:START
[TRACE] 1344:TaskB:END
[ 1350 ] PTL_MGR released TaskA 
[ 1350 ] PTL_MGR released TaskB 
[TRACE] 1350:TaskA:START
[TRACE] 1352:TaskA:END
[TRACE] 1352:TaskB:START
[TRACE] 1354:TaskB:END
[ 1360 ] PTL_MGR released TaskA 
[ 1360 ] PTL_MGR released TaskB 
[TRACE] 1360:TaskA:START
[TRACE] 1362:TaskA:END
[TRACE] 1362:TaskB:START
[TRACE] 1364:TaskB:END
[ 1370 ] PTL_MGR released TaskA 
[ 1370 ] PTL_MGR released TaskB 
[TRACE] 1370:TaskA:START
[TRACE] 1372:TaskA:END
[TRACE] 1372:TaskB:START
[TRACE] 1374:TaskB:END
[ 1380 ] PTL_MGR released TaskA 
[ 1380 ] PTL_MGR released TaskB 
[TRACE] 1380:TaskA:START
[TRACE] 1382:TaskA:END
[TRACE] 1382:TaskB:START
[TRACE] 1384:TaskB:END
[ 1390 ] PTL_MGR released TaskA 
[ 1390 ] PTL_MGR released TaskB 
[TRACE] 1390:TaskA:START
[TRACE] 1392:TaskA:END
[TRACE] 1392:TaskB:START
[TRACE] 1394:TaskB:END
[ 1400 ] PTL_MGR released TaskA 
[ 1400 ] PTL_MGR released TaskB 
[TRACE] 1400:TaskA:START
[TRACE] 1402:TaskA:END
[TRACE] 1402:TaskB:START
[TRACE] 1404:TaskB:END
[ 1410 ] PTL_MGR released TaskA 
[ 1410 ] PTL_MGR released TaskB 
[TRACE] 1410:TaskA:START
[TRACE] 1412:TaskA:END
[TRACE] 1412:TaskB:START
[TRACE] 1414:TaskB:END
[ 1420 ] PTL_MGR released TaskA 
[ 1420 ] PTL_MGR released TaskB 
[TRACE] 1420:TaskA:START
[TRACE] 1422:TaskA:END
[TRACE] 1422:TaskB:START
[TRACE] 1424:TaskB:END
[ 1430 ] PTL_MGR released TaskA 
[ 1430 ] PTL_MGR released TaskB 
[TRACE] 1430:TaskA:START
[TRACE] 1432:TaskA:END
[TRACE] 1432:TaskB:START
[TRACE] 1434:TaskB:END
[ 1440 ] PTL_MGR released TaskA 
[ 1440 ] PTL_MGR released TaskB 
[TRACE] 1440:TaskA:START
[TRACE] 1442:TaskA:END
[TRACE] 1442:TaskB:START
[TRACE] 1444:TaskB:END
[ 1450 ] PTL_MGR released TaskA 
[ 1450 ] PTL_MGR released TaskB 
[TRACE] 1450:TaskA:START
[TRACE] 1452:TaskA:END
[TRACE] 1452:TaskB:START
[TRACE] 1454:TaskB:END
[ 1460 ] PTL_MGR released TaskA 
[ 1460 ] PTL_MGR released TaskB 
[TRACE] 1460:TaskA:START
[TRACE] 1462:TaskA:END
[TRACE] 1462:TaskB:START
[TRACE] 1464:TaskB:END
[ 1470 ] PTL_MGR released TaskA 
[ 1470 ] PTL_MGR released TaskB 
[TRACE] 1470:TaskA:START
[TRACE] 1472:TaskA:END
[TRACE] 1472:TaskB:START
[TRACE] 1474:TaskB:END
[ 1480 ] PTL_MGR released TaskA 
[ 1480 ] PTL_MGR released TaskB 
[TRACE] 1480:TaskA:START
[TRACE] 1482:TaskA:END
[TRACE] 1482:TaskB:START
[TRACE] 1484:TaskB:END
[ 1490 ] PTL_MGR released TaskA 
[ 1490 ] PTL_MGR released TaskB 
[TRACE] 1490:TaskA:START
[TRACE] 1492:TaskA:END
[TRACE] 1492:TaskB:START
[TRACE] 1494:TaskB:END
[ 1500 ] PTL_MGR released TaskA 
[ 1500 ] PTL_MGR released TaskB 
[TRACE] 1500:TaskA:START
[TRACE] 1502:TaskA:END
[TRACE] 1502:TaskB:START
[TRACE] 1504:TaskB:END
[ 1510 ] PTL_MGR released TaskA 
[ 1510 ] PTL_MGR released TaskB 
[TRACE] 1510:TaskA:START
[TRACE] 1512:TaskA:END
[TRACE] 1512:TaskB:START
[TRACE] 1514:TaskB:END
[ 1520 ] PTL_MGR released TaskA 
[ 1520 ] PTL_MGR released TaskB 
[TRACE] 1520:TaskA:START
[TRACE] 1522:TaskA:END
[TRACE] 1522:TaskB:START
[TRACE] 1524:TaskB:END
[ 1530 ] PTL_MGR released TaskA 
[ 1530 ] PTL_MGR released TaskB 
[TRACE] 1530:TaskA:START
[TRACE] 1532:TaskA:END
[TRACE] 1532:TaskB:START
[TRACE] 1534:TaskB:END
[ 1540 ] PTL_MGR released TaskA 
[ 1540 ] PTL_MGR released TaskB 
[TRACE] 1540:TaskA:START
[TRACE] 1542:TaskA:END
[TRACE] 1542:TaskB:START
[TRACE] 1544:TaskB:END
[ 1550 ] PTL_MGR released TaskA 
[ 1550 ] PTL_MGR released TaskB 
[TRACE] 1550:TaskA:START
[TRACE] 1552:TaskA:END
[TRACE] 1552:TaskB:START
[TRACE] 1554:TaskB:END
[ 1560 ] PTL_MGR released TaskA 
[ 1560 ] PTL_MGR released TaskB 
[TRACE] 1560:TaskA:START
[TRACE] 1562:TaskA:END
[TRACE] 1562:TaskB:START
[TRACE] 1564:TaskB:END
[ 1570 ] PTL_MGR released TaskA 
[ 1570 ] PTL_MGR released TaskB 
[TRACE] 1570:TaskA:START
[TRACE] 1572:TaskA:END
[TRACE] 1572:TaskB:START
[TRACE] 1574:TaskB:END
[ 1580 ] PTL_MGR released TaskA 
[ 1580 ] PTL_MGR released TaskB 
[TRACE] 1580:TaskA:START
[TRACE] 1582:TaskA:END
[TRACE] 1582:TaskB:START
[TRACE] 1584:TaskB:END
[ 1590 ] PTL_MGR released TaskA 
[ 1590 ] PTL_MGR released TaskB 
[TRACE] 1590:TaskA:START
[TRACE] 1592:TaskA:END
[TRACE] 1592:TaskB:START
[TRACE] 1594:TaskB:END
[ 1600 ] PTL_MGR released TaskA 
[ 1600 ] PTL_MGR released TaskB 
[TRACE] 1600:TaskA:START
[TRACE] 1602:TaskA:END
[TRACE] 1602:TaskB:START
[TRACE] 1604:TaskB:END
[ 1610 ] PTL_MGR released TaskA 
[ 1610 ] PTL_MGR released TaskB 
[TRACE] 1610:TaskA:START
[TRACE] 1612:TaskA:END
[TRACE] 1612:TaskB:START
[TRACE] 1614:TaskB:END
[ 1620 ] PTL_MGR released TaskA 
[ 1620 ] PTL_MGR released TaskB 
[TRACE] 1620:TaskA:START
[TRACE] 1622:TaskA:END
[TRACE] 1622:TaskB:START
[TRACE] 1624:TaskB:END
[ 1630 ] PTL_MGR released TaskA 
[ 1630 ] PTL_MGR released TaskB 
[TRACE] 1630:TaskA:START
[TRACE] 1632:TaskA:END
[TRACE] 1632:TaskB:START
[TRACE] 1634:TaskB:END
[ 1640 ] PTL_MGR released TaskA 
[ 1640 ] PTL_MGR released TaskB 
[TRACE] 1640:TaskA:START
[TRACE] 1642:TaskA:END
[TRACE] 1642:TaskB:START
[TRACE] 1644:TaskB:END
[ 1650 ] PTL_MGR released TaskA 
[ 1650 ] PTL_MGR released TaskB 
[TRACE] 1650:TaskA:START
[TRACE] 1652:TaskA:END
[TRACE] 1652:TaskB:START
[TRACE] 1654:TaskB:END
[ 1660 ] PTL_MGR released TaskA 
[ 1660 ] PTL_MGR released TaskB 
[TRACE] 1660:TaskA:START
[TRACE] 1662:TaskA:END
[TRACE] 1662:TaskB:START
[TRACE] 1664:TaskB:END
[ 1670 ] PTL_MGR released TaskA 
[ 1670 ] PTL_MGR released TaskB 
[TRACE] 1670:TaskA:START
[TRACE] 1672:TaskA:END
[TRACE] 1672:TaskB:START
[TRACE] 1674:TaskB:END
[ 1680 ] PTL_MGR released TaskA 
[ 1680 ] PTL_MGR released TaskB 
[TRACE] 1680:TaskA:START
[TRACE] 1682:TaskA:END
[TRACE] 1682:TaskB:START
[TRACE] 1684:TaskB:END
[ 1690 ] PTL_MGR released TaskA 
[ 1690 ] PTL_MGR released TaskB 
[TRACE] 1690:TaskA:START
[TRACE] 1692:TaskA:END
[TRACE] 1692:TaskB:START
[TRACE] 1694:TaskB:END
[ 1700 ] PTL_MGR released TaskA 
[ 1700 ] PTL_MGR released TaskB 
[TRACE] 1700:TaskA:START
[TRACE] 1702:TaskA:END
[TRACE] 1702:TaskB:START
[TRACE] 1704:TaskB:END
[ 1710 ] PTL_MGR released TaskA 
[ 1710 ] PTL_MGR released TaskB 
[TRACE] 1710:TaskA:START
[TRACE] 1712:TaskA:END
[TRACE] 1712:TaskB:START
[TRACE] 1714:TaskB:END
[ 1720 ] PTL_MGR released TaskA 
[ 1720 ] PTL_MGR released TaskB 
[TRACE] 1720:TaskA:START
[TRACE] 1722:TaskA:END
[TRACE] 1722:TaskB:START
[TRACE] 1724:TaskB:END
[ 1730 ] PTL_MGR released TaskA 
[ 1730 ] PTL_MGR released TaskB 
[TRACE] 1730:TaskA:START
[TRACE] 1732:TaskA:END
[TRACE] 1732:TaskB:START
[TRACE] 1734:TaskB:END
[ 1740 ] PTL_MGR released TaskA 
[ 1740 ] PTL_MGR released TaskB 
[TRACE] 1740:TaskA:START
[TRACE] 1742:TaskA:END
[TRACE] 1742:TaskB:START
[TRACE] 1744:TaskB:END
[ 1750 ] PTL_MGR released TaskA 
[ 1750 ] PTL_MGR released TaskB 
[TRACE] 1750:TaskA:START
[TRACE] 1752:TaskA:END
[TRACE] 1752:TaskB:START
[TRACE] 1754:TaskB:END
[ 1760 ] PTL_MGR released TaskA 
[ 1760 ] PTL_MGR released TaskB 
[TRACE] 1760:TaskA:START
[TRACE] 1762:TaskA:END
[TRACE] 1762:TaskB:START
[TRACE] 1764:TaskB:END
[ 1770 ] PTL_MGR released TaskA 
[ 1770 ] PTL_MGR released TaskB 
[TRACE] 1770:TaskA:START
[TRACE] 1772:TaskA:END
[TRACE] 1772:TaskB:START
[TRACE] 1774:TaskB:END
[ 1780 ] PTL_MGR released TaskA 
[ 1780 ] PTL_MGR released TaskB 
[TRACE] 1780:TaskA:START
[TRACE] 1782:TaskA:END
[TRACE] 1782:TaskB:START
[TRACE] 1784:TaskB:END
[ 1790 ] PTL_MGR released TaskA 
[ 1790 ] PTL_MGR released TaskB 
[TRACE] 1790:TaskA:START
[TRACE] 1792:TaskA:END
[TRACE] 1792:TaskB:START
[TRACE] 1794:TaskB:END
[ 1800 ] PTL_MGR released TaskA 
[ 1800 ] PTL_MGR released TaskB 
[TRACE] 1800:TaskA:START
[TRACE] 1802:TaskA:END
[TRACE] 1802:TaskB:START
[TRACE] 1804:TaskB:END
[ 1810 ] PTL_MGR released TaskA 
[ 1810 ] PTL_MGR released TaskB 
[TRACE] 1810:TaskA:START
[TRACE] 1812:TaskA:END
[TRACE] 1812:TaskB:START
[TRACE] 1814:TaskB:END
[ 1820 ] PTL_MGR released TaskA 
[ 1820 ] PTL_MGR released TaskB 
[TRACE] 1820:TaskA:START
[TRACE] 1822:TaskA:END
[TRACE] 1822:TaskB:START
[TRACE] 1824:TaskB:END
[ 1830 ] PTL_MGR released TaskA 
[ 1830 ] PTL_MGR released TaskB 
[TRACE] 1830:TaskA:START
[TRACE] 1832:TaskA:END
[TRACE] 1832:TaskB:START
[TRACE] 1834:TaskB:END
[ 1840 ] PTL_MGR released TaskA 
[ 1840 ] PTL_MGR released TaskB 
[TRACE] 1840:TaskA:START
[TRACE] 1842:TaskA:END
[TRACE] 1842:TaskB:START
[TRACE] 1844:TaskB:END
[ 1850 ] PTL_MGR released TaskA 
[ 1850 ] PTL_MGR released TaskB 
[TRACE] 1850:TaskA:START
[TRACE] 1852:TaskA:END
[TRACE] 1852:TaskB:START
[TRACE] 1854:TaskB:END
[ 1860 ] PTL_MGR released TaskA 
[ 1860 ] PTL_MGR released TaskB 
[TRACE] 1860:TaskA:START
[TRACE] 1862:TaskA:END
[TRACE] 1862:TaskB:START
[TRACE] 1864:TaskB:END
[ 1870 ] PTL_MGR released TaskA 
[ 1870 ] PTL_MGR released TaskB 
[TRACE] 1870:TaskA:START
[TRACE] 1872:TaskA:END
[TRACE] 1872:TaskB:START
[TRACE] 1874:TaskB:END
[ 1880 ] PTL_MGR released TaskA 
[ 1880 ] PTL_MGR released TaskB 
[TRACE] 1880:TaskA:START
[TRACE] 1882:TaskA:END
[TRACE] 1882:TaskB:START
[TRACE] 1884:TaskB:END
[ 1890 ] PTL_MGR released TaskA 
[ 1890 ] PTL_MGR released TaskB 
[TRACE] 1890:TaskA:START
[TRACE] 1892:TaskA:END
[TRACE] 1892:TaskB:START
[TRACE] 1894:TaskB:END
[ 1900 ] PTL_MGR released TaskA 
[ 1900 ] PTL_MGR released TaskB 
[TRACE] 1900:TaskA:START
[TRACE] 1902:TaskA:END
[TRACE] 1902:TaskB:START
[TRACE] 1904:TaskB:END
[ 1910 ] PTL_MGR released TaskA 
[ 1910 ] PTL_MGR released TaskB 
[TRACE] 1910:TaskA:START
[TRACE] 1912:TaskA:END
[TRACE] 1912:TaskB:START
[TRACE] 1914:TaskB:END
[ 1920 ] PTL_MGR released TaskA 
[ 1920 ] PTL_MGR released TaskB 
[TRACE] 1920:TaskA:START
[TRACE] 1922:TaskA:END
[TRACE] 1922:TaskB:START
[TRACE] 1924:TaskB:END
[ 1930 ] PTL_MGR released TaskA 
[ 1930 ] PTL_MGR released TaskB 
[TRACE] 1930:TaskA:START
[TRACE] 1932:TaskA:END
[TRACE] 1932:TaskB:START
[TRACE] 1934:TaskB:END
[ 1940 ] PTL_MGR released TaskA 
[ 1940 ] PTL_MGR released TaskB 
[TRACE] 1940:TaskA:START
[TRACE] 1942:TaskA:END
[TRACE] 1942:TaskB:START
[TRACE] 1944:TaskB:END
[ 1950 ] PTL_MGR released TaskA 
[ 1950 ] PTL_MGR released TaskB 
[TRACE] 1950:TaskA:START
[TRACE] 1952:TaskA:END
[TRACE] 1952:TaskB:START
[TRACE] 1954:TaskB:END
[ 1960 ] PTL_MGR released TaskA 
[ 1960 ] PTL_MGR released TaskB 
[TRACE] 1960:TaskA:START
[TRACE] 1962:TaskA:END
[TRACE] 1962:TaskB:START
[TRACE] 1964:TaskB:END
[ 1970 ] PTL_MGR released TaskA 
[ 1970 ] PTL_MGR released TaskB 
[TRACE] 1970:TaskA:START
[TRACE] 1972:TaskA:END
[TRACE] 1972:TaskB:START
[TRACE] 1974:TaskB:END
[ 1980 ] PTL_MGR released TaskA 
[ 1980 ] PTL_MGR released TaskB 
[TRACE] 1980:TaskA:START
[TRACE] 1982:TaskA:END
[TRACE] 1982:TaskB:START
[TRACE] 1984:TaskB:END
[ 1990 ] PTL_MGR released TaskA 
[ 1990 ] PTL_MGR released TaskB 
[TRACE] 1990:TaskA:START
[TRACE] 1992:TaskA:END
[TRACE] 1992:TaskB:START
[TRACE] 1994:TaskB:END
[ 2000 ] PTL_MGR released TaskA 
[ 2000 ] PTL_MGR released TaskB 
[TRACE] 2000:TaskA:START
[TRACE] 2002:TaskA:END
[TRACE] 2002:TaskB:START
[TRACE] 2004:TaskB:END
[ 2010 ] PTL_MGR released TaskA 
[ 2010 ] PTL_MGR released TaskB 
[TRACE] 2010:TaskA:START
[TRACE] 2012:TaskA:END
[TRACE] 2012:TaskB:START
[TRACE] 2014:TaskB:END
[ 2020 ] PTL_MGR released TaskA 
[ 2020 ] PTL_MGR released TaskB 
[TRACE] 2020:TaskA:START
[TRACE] 2022:TaskA:END
[TRACE] 2022:TaskB:START
[TRACE] 2024:TaskB:END
[ 2030 ] PTL_MGR released TaskA 
[ 2030 ] PTL_MGR released TaskB 
[TRACE] 2030:TaskA:START
[TRACE] 2032:TaskA:END
[TRACE] 2032:TaskB:START
[TRACE] 2034:TaskB:END
[ 2040 ] PTL_MGR released TaskA 
[ 2040 ] PTL_MGR released TaskB 
[TRACE] 2040:TaskA:START
[TRACE] 2042:TaskA:END
[TRACE] 2042:TaskB:START
[TRACE] 2044:TaskB:END
[ 2050 ] PTL_MGR released TaskA 
[ 2050 ] PTL_MGR released TaskB 
[TRACE] 2050:TaskA:START
[TRACE] 2052:TaskA:END
[TRACE] 2052:TaskB:START
[TRACE] 2054:TaskB:END
[ 2060 ] PTL_MGR released TaskA 
[ 2060 ] PTL_MGR released TaskB 
[TRACE] 2060:TaskA:START
[TRACE] 2062:TaskA:END
[TRACE] 2062:TaskB:START
[TRACE] 2064:TaskB:END
[ 2070 ] PTL_MGR released TaskA 
[ 2070 ] PTL_MGR released TaskB 
[TRACE] 2070:TaskA:START
[TRACE] 2072:TaskA:END
[TRACE] 2072:TaskB:START
[TRACE] 2074:TaskB:END
[ 2080 ] PTL_MGR released TaskA 
[ 2080 ] PTL_MGR released TaskB 
[TRACE] 2080:TaskA:START
[TRACE] 2082:TaskA:END
[TRACE] 2082:TaskB:START
[TRACE] 2084:TaskB:END
[ 2090 ] PTL_MGR released TaskA 
[ 2090 ] PTL_MGR released TaskB 
[TRACE] 2090:TaskA:START
[TRACE] 2092:TaskA:END
[TRACE] 2092:TaskB:START
[TRACE] 2094:TaskB:END
[ 2100 ] PTL_MGR released TaskA 
[ 2100 ] PTL_MGR released TaskB 
[TRACE] 2100:TaskA:START
[TRACE] 2102:TaskA:END
[TRACE] 2102:TaskB:START
[TRACE] 2104:TaskB:END
[ 2110 ] PTL_MGR released TaskA 
[ 2110 ] PTL_MGR released TaskB 
[TRACE] 2110:TaskA:START
[TRACE] 2112:TaskA:END
[TRACE] 2112:TaskB:START
[TRACE] 2114:TaskB:END
[ 2120 ] PTL_MGR released TaskA 
[ 2120 ] PTL_MGR released TaskB 
[TRACE] 2120:TaskA:START
[TRACE] 2122:TaskA:END
[TRACE] 2122:TaskB:START
[TRACE] 2124:TaskB:END
[ 2130 ] PTL_MGR released TaskA 
[ 2130 ] PTL_MGR released TaskB 
[TRACE] 2130:TaskA:START
[TRACE] 2132:TaskA:END
[TRACE] 2132:TaskB:START
[TRACE] 2134:TaskB:END
[ 2140 ] PTL_MGR released TaskA 
[ 2140 ] PTL_MGR released TaskB 
[TRACE] 2140:TaskA:START
[TRACE] 2142:TaskA:END
[TRACE] 2142:TaskB:START
[TRACE] 2144:TaskB:END
[ 2150 ] PTL_MGR released TaskA 
[ 2150 ] PTL_MGR released TaskB 
[TRACE] 2150:TaskA:START
[TRACE] 2152:TaskA:END
[TRACE] 2152:TaskB:START
[TRACE] 2154:TaskB:END
[ 2160 ] PTL_MGR released TaskA 
[ 2160 ] PTL_MGR released TaskB 
[TRACE] 2160:TaskA:START
[TRACE] 2162:TaskA:END
[TRACE] 2162:TaskB:START
[TRACE] 2164:TaskB:END
[ 2170 ] PTL_MGR released TaskA 
[ 2170 ] PTL_MGR released TaskB 
[TRACE] 2170:TaskA:START
[TRACE] 2172:TaskA:END
[TRACE] 2172:TaskB:START
[TRACE] 2174:TaskB:END
[ 2180 ] PTL_MGR released TaskA 
[ 2180 ] PTL_MGR released TaskB 
[TRACE] 2180:TaskA:START
[TRACE] 2182:TaskA:END
[TRACE] 2182:TaskB:START
[TRACE] 2184:TaskB:END
[ 2190 ] PTL_MGR released TaskA 
[ 2190 ] PTL_MGR released TaskB 
[TRACE] 2190:TaskA:START
[TRACE] 2192:TaskA:END
[TRACE] 2192:TaskB:START
[TRACE] 2194:TaskB:END
[ 2200 ] PTL_MGR released TaskA 
[ 2200 ] PTL_MGR released TaskB 
[TRACE] 2200:TaskA:START
[TRACE] 2202:TaskA:END
[TRACE] 2202:TaskB:START
[TRACE] 2204:TaskB:END
[ 2210 ] PTL_MGR released TaskA 
[ 2210 ] PTL_MGR released TaskB 
[TRACE] 2210:TaskA:START
[TRACE] 2212:TaskA:END
[TRACE] 2212:TaskB:START
[TRACE] 2214:TaskB:END
[ 2220 ] PTL_MGR released TaskA 
[ 2220 ] PTL_MGR released TaskB 
[TRACE] 2220:TaskA:START
[TRACE] 2222:TaskA:END
[TRACE] 2222:TaskB:START
[TRACE] 2224:TaskB:END
[ 2230 ] PTL_MGR released TaskA 
[ 2230 ] PTL_MGR released TaskB 
[TRACE] 2230:TaskA:START
[TRACE] 2232:TaskA:END
[TRACE] 2232:TaskB:START
[TRACE] 2234:TaskB:END
[ 2240 ] PTL_MGR released TaskA 
[ 2240 ] PTL_MGR released TaskB 
[TRACE] 2240:TaskA:START
[TRACE] 2242:TaskA:END
[TRACE] 2242:TaskB:START
[TRACE] 2244:TaskB:END
[ 2250 ] PTL_MGR released TaskA 
[ 2250 ] PTL_MGR released TaskB 
[TRACE] 2250:TaskA:START
[TRACE] 2252:TaskA:END
[TRACE] 2252:TaskB:START
[TRACE] 2254:TaskB:END
[ 2260 ] PTL_MGR released TaskA 
[ 2260 ] PTL_MGR released TaskB 
[TRACE] 2260:TaskA:START
[TRACE] 2262:TaskA:END
[TRACE] 2262:TaskB:START
[TRACE] 2264:TaskB:END
[ 2270 ] PTL_MGR released TaskA 
[ 2270 ] PTL_MGR released TaskB 
[TRACE] 2270:TaskA:START
[TRACE] 2272:TaskA:END
[TRACE] 2272:TaskB:START
[TRACE] 2274:TaskB:END
[ 2280 ] PTL_MGR released TaskA 
[ 2280 ] PTL_MGR released TaskB 
[TRACE] 2280:TaskA:START
[TRACE] 2282:TaskA:END
[TRACE] 2282:TaskB:START
[TRACE] 2284:TaskB:END
[ 2290 ] PTL_MGR released TaskA 
[ 2290 ] PTL_MGR released TaskB 
[TRACE] 2290:TaskA:START
[TRACE] 2292:TaskA:END
[TRACE] 2292:TaskB:START
[TRACE] 2294:TaskB:END
[ 2300 ] PTL_MGR released TaskA 
[ 2300 ] PTL_MGR released TaskB 
[TRACE] 2300:TaskA:START
[TRACE] 2302:TaskA:END
[TRACE] 2302:TaskB:START
[TRACE] 2304:TaskB:END
[ 2310 ] PTL_MGR released TaskA 
[ 2310 ] PTL_MGR released TaskB 
[TRACE] 2310:TaskA:START
[TRACE] 2312:TaskA:END
[TRACE] 2312:TaskB:START
[TRACE] 2314:TaskB:END
[ 2320 ] PTL_MGR released TaskA 
[ 2320 ] PTL_MGR released TaskB 
[TRACE] 2320:TaskA:START
[TRACE] 2322:TaskA:END
[TRACE] 2322:TaskB:START
[TRACE] 2324:TaskB:END
[ 2330 ] PTL_MGR released TaskA 
[ 2330 ] PTL_MGR released TaskB 
[TRACE] 2330:TaskA:START
[TRACE] 2332:TaskA:END
[TRACE] 2332:TaskB:START
[TRACE] 2334:TaskB:END
[ 2340 ] PTL_MGR released TaskA 
[ 2340 ] PTL_MGR released TaskB 
[TRACE] 2340:TaskA:START
[TRACE] 2342:TaskA:END
[TRACE] 2342:TaskB:START
[TRACE] 2344:TaskB:END
[ 2350 ] PTL_MGR released TaskA 
[ 2350 ] PTL_MGR released TaskB 
[TRACE] 2350:TaskA:START
[TRACE] 2352:TaskA:END
[TRACE] 2352:TaskB:START
[TRACE] 2354:TaskB:END
[ 2360 ] PTL_MGR released TaskA 
[ 2360 ] PTL_MGR released TaskB 
[TRACE] 2360:TaskA:START
[TRACE] 2362:TaskA:END
[TRACE] 2362:TaskB:START
[TRACE] 2364:TaskB:END
[ 2370 ] PTL_MGR released TaskA 
[ 2370 ] PTL_MGR released TaskB 
[TRACE] 2370:TaskA:START
[TRACE] 2372:TaskA:END
[TRACE] 2372:TaskB:START
[TRACE] 2374:TaskB:END
[ 2380 ] PTL_MGR released TaskA 
[ 2380 ] PTL_MGR released TaskB 
[TRACE] 2380:TaskA:START
[TRACE] 2382:TaskA:END
[TRACE] 2382:TaskB:START
[TRACE] 2384:TaskB:END
[ 2390 ] PTL_MGR released TaskA 
[ 2390 ] PTL_MGR released TaskB 
[TRACE] 2390:TaskA:START
[TRACE] 2392:TaskA:END
[TRACE] 2392:TaskB:START
[TRACE] 2394:TaskB:END
[ 2400 ] PTL_MGR released TaskA 
[ 2400 ] PTL_MGR released TaskB 
[TRACE] 2400:TaskA:START
[TRACE] 2402:TaskA:END
[TRACE] 2402:TaskB:START
[TRACE] 2404:TaskB:END
[ 2410 ] PTL_MGR released TaskA 
[ 2410 ] PTL_MGR released TaskB 
[TRACE] 2410:TaskA:START
[TRACE] 2412:TaskA:END
[TRACE] 2412:TaskB:START
[TRACE] 2414:TaskB:END
[ 2420 ] PTL_MGR released TaskA 
[ 2420 ] PTL_MGR released TaskB 
[TRACE] 2420:TaskA:START
[TRACE] 2422:TaskA:END
[TRACE] 2422:TaskB:START
[TRACE] 2424:TaskB:END
[ 2430 ] PTL_MGR released TaskA 
[ 2430 ] PTL_MGR released TaskB 
[TRACE] 2430:TaskA:START
[TRACE] 2432:TaskA:END
[TRACE] 2432:TaskB:START
[TRACE] 2434:TaskB:END
[ 2440 ] PTL_MGR released TaskA 
[ 2440 ] PTL_MGR released TaskB 
[TRACE] 2440:TaskA:START
[TRACE] 2442:TaskA:END
[TRACE] 2442:TaskB:START
[TRACE] 2444:TaskB:END
[ 2450 ] PTL_MGR released TaskA 
[ 2450 ] PTL_MGR released TaskB 
[TRACE] 2450:TaskA:START
[TRACE] 2452:TaskA:END
[TRACE] 2452:TaskB:START
[TRACE] 2454:TaskB:END
[ 2460 ] PTL_MGR released TaskA 
[ 2460 ] PTL_MGR released TaskB 
[TRACE] 2460:TaskA:START
[TRACE] 2462:TaskA:END
[TRACE] 2462:TaskB:START
[TRACE] 2464:TaskB:END
[ 2470 ] PTL_MGR released TaskA 
[ 2470 ] PTL_MGR released TaskB 
[TRACE] 2470:TaskA:START
[TRACE] 2472:TaskA:END
[TRACE] 2472:TaskB:START
[TRACE] 2474:TaskB:END
[ 2480 ] PTL_MGR released TaskA 
[ 2480 ] PTL_MGR released TaskB 
[TRACE] 2480:TaskA:START
[TRACE] 2482:TaskA:END
[TRACE] 2482:TaskB:START
[TRACE] 2484:TaskB:END
[ 2490 ] PTL_MGR released TaskA 
[ 2490 ] PTL_MGR released TaskB 
[TRACE] 2490:TaskA:START
[TRACE] 2492:TaskA:END
[TRACE] 2492:TaskB:START
[TRACE] 2494:TaskB:END
[ 2500 ] PTL_MGR released TaskA 
[ 2500 ] PTL_MGR released TaskB 
[TRACE] 2500:TaskA:START
[TRACE] 2502:TaskA:END
[TRACE] 2502:TaskB:START
[TRACE] 2504:TaskB:END
[ 2510 ] PTL_MGR released TaskA 
[ 2510 ] PTL_MGR released TaskB 
[TRACE] 2510:TaskA:START
[TRACE] 2512:TaskA:END
[TRACE] 2512:TaskB:START
[TRACE] 2514:TaskB:END
[ 2520 ] PTL_MGR released TaskA 
[ 2520 ] PTL_MGR released TaskB 
[TRACE] 2520:TaskA:START
[TRACE] 2522:TaskA:END
[TRACE] 2522:TaskB:START
[TRACE] 2524:TaskB:END
[ 2530 ] PTL_MGR released TaskA 
[ 2530 ] PTL_MGR released TaskB 
[TRACE] 2530:TaskA:START
[TRACE] 2532:TaskA:END
[TRACE] 2532:TaskB:START
[TRACE] 2534:TaskB:END
[ 2540 ] PTL_MGR released TaskA 
[ 2540 ] PTL_MGR released TaskB 
[TRACE] 2540:TaskA:START
[TRACE] 2542:TaskA:END
[TRACE] 2542:TaskB:START
[TRACE] 2544:TaskB:END
[ 2550 ] PTL_MGR released TaskA 
[ 2550 ] PTL_MGR released TaskB 
[TRACE] 2550:TaskA:START
[TRACE] 2552:TaskA:END
[TRACE] 2552:TaskB:START
[TRACE] 2554:TaskB:END
[ 2560 ] PTL_MGR released TaskA 
[ 2560 ] PTL_MGR released TaskB 
[TRACE] 2560:TaskA:START
[TRACE] 2562:TaskA:END
[TRACE] 2562:TaskB:START
[TRACE] 2564:TaskB:END
[ 2570 ] PTL_MGR released TaskA 
[ 2570 ] PTL_MGR released TaskB 
[TRACE] 2570:TaskA:START
[TRACE] 2572:TaskA:END
[TRACE] 2572:TaskB:START
[TRACE] 2574:TaskB:END
[ 2580 ] PTL_MGR released TaskA 
[ 2580 ] PTL_MGR released TaskB 
[TRACE] 2580:TaskA:START
[TRACE] 2582:TaskA:END
[TRACE] 2582:TaskB:START
[TRACE] 2584:TaskB:END
[ 2590 ] PTL_MGR released TaskA 
[ 2590 ] PTL_MGR released TaskB 
[TRACE] 2590:TaskA:START
[TRACE] 2592:TaskA:END
[TRACE] 2592:TaskB:START
[TRACE] 2594:TaskB:END
[ 2600 ] PTL_MGR released TaskA 
[ 2600 ] PTL_MGR released TaskB 
[TRACE] 2600:TaskA:START
[TRACE] 2602:TaskA:END
[TRACE] 2602:TaskB:START
[TRACE] 2604:TaskB:END
[ 2610 ] PTL_MGR released TaskA 
[ 2610 ] PTL_MGR released TaskB 
[TRACE] 2610:TaskA:START
[TRACE] 2612:TaskA:END
[TRACE] 2612:TaskB:START
[TRACE] 2614:TaskB:END
[ 2620 ] PTL_MGR released TaskA 
[ 2620 ] PTL_MGR released TaskB 
[TRACE] 2620:TaskA:START
[TRACE] 2622:TaskA:END
[TRACE] 2622:TaskB:START
[TRACE] 2624:TaskB:END
[ 2630 ] PTL_MGR released TaskA 
[ 2630 ] PTL_MGR released TaskB 
[TRACE] 2630:TaskA:START
[TRACE] 2632:TaskA:END
[TRACE] 2632:TaskB:START
[TRACE] 2634:TaskB:END
[ 2640 ] PTL_MGR released TaskA 
[ 2640 ] PTL_MGR released TaskB 
[TRACE] 2640:TaskA:START
[TRACE] 2642:TaskA:END
[TRACE] 2642:TaskB:START
[TRACE] 2644:TaskB:END
[ 2650 ] PTL_MGR released TaskA 
[ 2650 ] PTL_MGR released TaskB 
[TRACE] 2650:TaskA:START
[TRACE] 2652:TaskA:END
[TRACE] 2652:TaskB:START
[TRACE] 2654:TaskB:END
[ 2660 ] PTL_MGR released TaskA 
[ 2660 ] PTL_MGR released TaskB 
[TRACE] 2660:TaskA:START
[TRACE] 2662:TaskA:END
[TRACE] 2662:TaskB:START
[TRACE] 2664:TaskB:END
[ 2670 ] PTL_MGR released TaskA 
[ 2670 ] PTL_MGR released TaskB 
[TRACE] 2670:TaskA:START
[TRACE] 2672:TaskA:END
[TRACE] 2672:TaskB:START
[TRACE] 2674:TaskB:END
[ 2680 ] PTL_MGR released TaskA 
[ 2680 ] PTL_MGR released TaskB 
[TRACE] 2680:TaskA:START
[TRACE] 2682:TaskA:END
[TRACE] 2682:TaskB:START
[TRACE] 2684:TaskB:END
[ 2690 ] PTL_MGR released TaskA 
[ 2690 ] PTL_MGR released TaskB 
[TRACE] 2690:TaskA:START
[TRACE] 2692:TaskA:END
[TRACE] 2692:TaskB:START
[TRACE] 2694:TaskB:END
[ 2700 ] PTL_MGR released TaskA 
[ 2700 ] PTL_MGR released TaskB 
[TRACE] 2700:TaskA:START
[TRACE] 2702:TaskA:END
[TRACE] 2702:TaskB:START
[TRACE] 2704:TaskB:END
[ 2710 ] PTL_MGR released TaskA 
[ 2710 ] PTL_MGR released TaskB 
[TRACE] 2710:TaskA:START
[TRACE] 2712:TaskA:END
[TRACE] 2712:TaskB:START
[TRACE] 2714:TaskB:END
[ 2720 ] PTL_MGR released TaskA 
[ 2720 ] PTL_MGR released TaskB 
[TRACE] 2720:TaskA:START
[TRACE] 2722:TaskA:END
[TRACE] 2722:TaskB:START
[TRACE] 2724:TaskB:END
[ 2730 ] PTL_MGR released TaskA 
[ 2730 ] PTL_MGR released TaskB 
[TRACE] 2730:TaskA:START
[TRACE] 2732:TaskA:END
[TRACE] 2732:TaskB:START
[TRACE] 2734:TaskB:END
[ 2740 ] PTL_MGR released TaskA 
[ 2740 ] PTL_MGR released TaskB 
[TRACE] 2740:TaskA:START
[TRACE] 2742:TaskA:END
[TRACE] 2742:TaskB:START
[TRACE] 2744:TaskB:END
[ 2750 ] PTL_MGR released TaskA 
[ 2750 ] PTL_MGR released TaskB 
[TRACE] 2750:TaskA:START
[TRACE] 2752:TaskA:END
[TRACE] 2752:TaskB:START
[TRACE] 2754:TaskB:END
[ 2760 ] PTL_MGR released TaskA 
[ 2760 ] PTL_MGR released TaskB 
[TRACE] 2760:TaskA:START
[TRACE] 2762:TaskA:END
[TRACE] 2762:TaskB:START
[TRACE] 2764:TaskB:END
[ 2770 ] PTL_MGR released TaskA 
[ 2770 ] PTL_MGR released TaskB 
[TRACE] 2770:TaskA:START
[TRACE] 2772:TaskA:END
[TRACE] 2772:TaskB:START
[TRACE] 2774:TaskB:END
[ 2780 ] PTL_MGR released TaskA 
[ 2780 ] PTL_MGR released TaskB 
[TRACE] 2780:TaskA:START
[TRACE] 2782:TaskA:END
[TRACE] 2782:TaskB:START
[TRACE] 2784:TaskB:END
[ 2790 ] PTL_MGR released TaskA 
[ 2790 ] PTL_MGR released TaskB 
[TRACE] 2790:TaskA:START
[TRACE] 2792:TaskA:END
[TRACE] 2792:TaskB:START
[TRACE] 2794:TaskB:END
[ 2800 ] PTL_MGR released TaskA 
[ 2800 ] PTL_MGR released TaskB 
[TRACE] 2800:TaskA:START
[TRACE] 2802:TaskA:END
[TRACE] 2802:TaskB:START
[TRACE] 2804:TaskB:END
[ 2810 ] PTL_MGR released TaskA 
[ 2810 ] PTL_MGR released TaskB 
[TRACE] 2810:TaskA:START
[TRACE] 2812:TaskA:END
[TRACE] 2812:TaskB:START
[TRACE] 2814:TaskB:END
[ 2820 ] PTL_MGR released TaskA 
[ 2820 ] PTL_MGR released TaskB 
[TRACE] 2820:TaskA:START
[TRACE] 2822:TaskA:END
[TRACE] 2822:TaskB:START
[TRACE] 2824:TaskB:END
[ 2830 ] PTL_MGR released TaskA 
[ 2830 ] PTL_MGR released TaskB 
[TRACE] 2830:TaskA:START
[TRACE] 2832:TaskA:END
[TRACE] 2832:TaskB:START
[TRACE] 2834:TaskB:END
[ 2840 ] PTL_MGR released TaskA 
[ 2840 ] PTL_MGR released TaskB 
[TRACE] 2840:TaskA:START
[TRACE] 2842:TaskA:END
[TRACE] 2842:TaskB:START
[TRACE] 2844:TaskB:END
[ 2850 ] PTL_MGR released TaskA 
[ 2850 ] PTL_MGR released TaskB 
[TRACE] 2850:TaskA:START
[TRACE] 2852:TaskA:END
[TRACE] 2852:TaskB:START
[TRACE] 2854:TaskB:END
[ 2860 ] PTL_MGR released TaskA 
[ 2860 ] PTL_MGR released TaskB 
[TRACE] 2860:TaskA:START
[TRACE] 2862:TaskA:END
[TRACE] 2862:TaskB:START
[TRACE] 2864:TaskB:END
[ 2870 ] PTL_MGR released TaskA 
[ 2870 ] PTL_MGR released TaskB 
[TRACE] 2870:TaskA:START
[TRACE] 2872:TaskA:END
[TRACE] 2872:TaskB:START
[TRACE] 2874:TaskB:END
[ 2880 ] PTL_MGR released TaskA 
[ 2880 ] PTL_MGR released TaskB 
[TRACE] 2880:TaskA:START
[TRACE] 2882:TaskA:END
[TRACE] 2882:TaskB:START
[TRACE] 2884:TaskB:END
[ 2890 ] PTL_MGR released TaskA 
[ 2890 ] PTL_MGR released TaskB 
[TRACE] 2890:TaskA:START
[TRACE] 2892:TaskA:END
[TRACE] 2892:TaskB:START
[TRACE] 2894:TaskB:END
[ 2900 ] PTL_MGR released TaskA 
[ 2900 ] PTL_MGR released TaskB 
[TRACE] 2900:TaskA:START
[TRACE] 2902:TaskA:END
[TRACE] 2902:TaskB:START
[TRACE] 2904:TaskB:END
[ 2910 ] PTL_MGR released TaskA 
[ 2910 ] PTL_MGR released TaskB 
[TRACE] 2910:TaskA:START
[TRACE] 2912:TaskA:END
[TRACE] 2912:TaskB:START
[TRACE] 2914:TaskB:END
[ 2920 ] PTL_MGR released TaskA 
[ 2920 ] PTL_MGR released TaskB 
[TRACE] 2920:TaskA:START
[TRACE] 2922:TaskA:END
[TRACE] 2922:TaskB:START
[TRACE] 2924:TaskB:END
[ 2930 ] PTL_MGR released TaskA 
[ 2930 ] PTL_MGR released TaskB 
[TRACE] 2930:TaskA:START
[TRACE] 2932:TaskA:END
[TRACE] 2932:TaskB:START
[TRACE] 2934:TaskB:END
[ 2940 ] PTL_MGR released TaskA 
[ 2940 ] PTL_MGR released TaskB 
[TRACE] 2940:TaskA:START
[TRACE] 2942:TaskA:END
[TRACE] 2942:TaskB:START
[TRACE] 2944:TaskB:END
[ 2950 ] PTL_MGR released TaskA 
[ 2950 ] PTL_MGR released TaskB 
[TRACE] 2950:TaskA:START
[TRACE] 2952:TaskA:END
[TRACE] 2952:TaskB:START
[TRACE] 2954:TaskB:END
[ 2960 ] PTL_MGR released TaskA 
[ 2960 ] PTL_MGR released TaskB 
[TRACE] 2960:TaskA:START
[TRACE] 2962:TaskA:END
[TRACE] 2962:TaskB:START
[TRACE] 2964:TaskB:END
[ 2970 ] PTL_MGR released TaskA 
[ 2970 ] PTL_MGR released TaskB 
[TRACE] 2970:TaskA:START
[TRACE] 2972:TaskA:END
[TRACE] 2972:TaskB:START
[TRACE] 2974:TaskB:END
[ 2980 ] PTL_MGR released TaskA 
[ 2980 ] PTL_MGR released TaskB 
[TRACE] 2980:TaskA:START
[TRACE] 2982:TaskA:END
[TRACE] 2982:TaskB:START
[TRACE] 2984:TaskB:END
[ 2990 ] PTL_MGR released TaskA 
[ 2990 ] PTL_MGR released TaskB 
[TRACE] 2990:TaskA:START
[TRACE] 2992:TaskA:END
[TRACE] 2992:TaskB:START
[TRACE] 2994:TaskB:END
[ 3000 ] PTL_MGR released TaskA 
[ 3000 ] PTL_MGR released TaskB 
[TRACE] 3000:TaskA:START
[TRACE] 3002:TaskA:END
[TRACE] 3002:TaskB:START
[TRACE] 3004:TaskB:END
[ 3010 ] PTL_MGR released TaskA 
[ 3010 ] PTL_MGR released TaskB 
[TRACE] 3010:TaskA:START
[TRACE] 3012:TaskA:END
[TRACE] 3012:TaskB:START
[TRACE] 3014:TaskB:END
[ 3020 ] PTL_MGR released TaskA 
[ 3020 ] PTL_MGR released TaskB 
[TRACE] 3020:TaskA:START
[TRACE] 3022:TaskA:END
[TRACE] 3022:TaskB:START
[TRACE] 3024:TaskB:END
[ 3030 ] PTL_MGR released TaskA 
[ 3030 ] PTL_MGR released TaskB 
[TRACE] 3030:TaskA:START
[TRACE] 3032:TaskA:END
[TRACE] 3032:TaskB:START
[TRACE] 3034:TaskB:END
[ 3040 ] PTL_MGR released TaskA 
[ 3040 ] PTL_MGR released TaskB 
[TRACE] 3040:TaskA:START
[TRACE] 3042:TaskA:END
[TRACE] 3042:TaskB:START
[TRACE] 3044:TaskB:END
[ 3050 ] PTL_MGR released TaskA 
[ 3050 ] PTL_MGR released TaskB 
[TRACE] 3050:TaskA:START
[TRACE] 3052:TaskA:END
[TRACE] 3052:TaskB:START
[TRACE] 3054:TaskB:END
[ 3060 ] PTL_MGR released TaskA 
[ 3060 ] PTL_MGR released TaskB 
[TRACE] 3060:TaskA:START
[TRACE] 3062:TaskA:END
[TRACE] 3062:TaskB:START
[TRACE] 3064:TaskB:END
[ 3070 ] PTL_MGR released TaskA 
[ 3070 ] PTL_MGR released TaskB 
[TRACE] 3070:TaskA:START
[TRACE] 3072:TaskA:END
[TRACE] 3072:TaskB:START
[TRACE] 3074:TaskB:END
[ 3080 ] PTL_MGR released TaskA 
[ 3080 ] PTL_MGR released TaskB 
[TRACE] 3080:TaskA:START
[TRACE] 3082:TaskA:END
[TRACE] 3082:TaskB:START
[TRACE] 3084:TaskB:END
[ 3090 ] PTL_MGR released TaskA 
[ 3090 ] PTL_MGR released TaskB 
[TRACE] 3090:TaskA:START
[TRACE] 3092:TaskA:END
[TRACE] 3092:TaskB:START
[TRACE] 3094:TaskB:END
[ 3100 ] PTL_MGR released TaskA 
[ 3100 ] PTL_MGR released TaskB 
[TRACE] 3100:TaskA:START
[TRACE] 3102:TaskA:END
[TRACE] 3102:TaskB:START
[TRACE] 3104:TaskB:END
[ 3110 ] PTL_MGR released TaskA 
[ 3110 ] PTL_MGR released TaskB 
[TRACE] 3110:TaskA:START
[TRACE] 3112:TaskA:END
[TRACE] 3112:TaskB:START
[TRACE] 3114:TaskB:END
[ 3120 ] PTL_MGR released TaskA 
[ 3120 ] PTL_MGR released TaskB 
[TRACE] 3120:TaskA:START
[TRACE] 3122:TaskA:END
[TRACE] 3122:TaskB:START
[TRACE] 3124:TaskB:END
[ 3130 ] PTL_MGR released TaskA 
[ 3130 ] PTL_MGR released TaskB 
[TRACE] 3130:TaskA:START
[TRACE] 3132:TaskA:END
[TRACE] 3132:TaskB:START
[TRACE] 3134:TaskB:END
[ 3140 ] PTL_MGR released TaskA 
[ 3140 ] PTL_MGR released TaskB 
[TRACE] 3140:TaskA:START
[TRACE] 3142:TaskA:END
[TRACE] 3142:TaskB:START
[TRACE] 3144:TaskB:END
[ 3150 ] PTL_MGR released TaskA 
[ 3150 ] PTL_MGR released TaskB 
[TRACE] 3150:TaskA:START
[TRACE] 3152:TaskA:END
[TRACE] 3152:TaskB:START
[TRACE] 3154:TaskB:END
[ 3160 ] PTL_MGR released TaskA 
[ 3160 ] PTL_MGR released TaskB 
[TRACE] 3160:TaskA:START
[TRACE] 3162:TaskA:END
[TRACE] 3162:TaskB:START
[TRACE] 3164:TaskB:END
[ 3170 ] PTL_MGR released TaskA 
[ 3170 ] PTL_MGR released TaskB 
[TRACE] 3170:TaskA:START
[TRACE] 3172:TaskA:END
[TRACE] 3172:TaskB:START
[TRACE] 3174:TaskB:END
[ 3180 ] PTL_MGR released TaskA 
[ 3180 ] PTL_MGR released TaskB 
[TRACE] 3180:TaskA:START
[TRACE] 3182:TaskA:END
[TRACE] 3182:TaskB:START
[TRACE] 3184:TaskB:END
[ 3190 ] PTL_MGR released TaskA 
[ 3190 ] PTL_MGR released TaskB 
[TRACE] 3190:TaskA:START
[TRACE] 3192:TaskA:END
[TRACE] 3192:TaskB:START
[TRACE] 3194:TaskB:END
[ 3200 ] PTL_MGR released TaskA 
[ 3200 ] PTL_MGR released TaskB 
[TRACE] 3200:TaskA:START
[TRACE] 3202:TaskA:END
[TRACE] 3202:TaskB:START
[TRACE] 3204:TaskB:END
[ 3210 ] PTL_MGR released TaskA 
[ 3210 ] PTL_MGR released TaskB 
[TRACE] 3210:TaskA:START
[TRACE] 3212:TaskA:END
[TRACE] 3212:TaskB:START
[TRACE] 3214:TaskB:END
[ 3220 ] PTL_MGR released TaskA 
[ 3220 ] PTL_MGR released TaskB 
[TRACE] 3220:TaskA:START
[TRACE] 3222:TaskA:END
[TRACE] 3222:TaskB:START
[TRACE] 3224:TaskB:END
[ 3230 ] PTL_MGR released TaskA 
[ 3230 ] PTL_MGR released TaskB 
[TRACE] 3230:TaskA:START
[TRACE] 3232:TaskA:END
[TRACE] 3232:TaskB:START
[TRACE] 3234:TaskB:END
[ 3240 ] PTL_MGR released TaskA 
[ 3240 ] PTL_MGR released TaskB 
[TRACE] 3240:TaskA:START
[TRACE] 3242:TaskA:END
[TRACE] 3242:TaskB:START
[TRACE] 3244:TaskB:END
[ 3250 ] PTL_MGR released TaskA 
[ 3250 ] PTL_MGR released TaskB 
[TRACE] 3250:TaskA:START
[TRACE] 3252:TaskA:END
[TRACE] 3252:TaskB:START
[TRACE] 3254:TaskB:END
[ 3260 ] PTL_MGR released TaskA 
[ 3260 ] PTL_MGR released TaskB 
[TRACE] 3260:TaskA:START
[TRACE] 3262:TaskA:END
[TRACE] 3262:TaskB:START
[TRACE] 3264:TaskB:END
[ 3270 ] PTL_MGR released TaskA 
[ 3270 ] PTL_MGR released TaskB 
[TRACE] 3270:TaskA:START
[TRACE] 3272:TaskA:END
[TRACE] 3272:TaskB:START
[TRACE] 3274:TaskB:END
[ 3280 ] PTL_MGR released TaskA 
[ 3280 ] PTL_MGR released TaskB 
[TRACE] 3280:TaskA:START
[TRACE] 3282:TaskA:END
[TRACE] 3282:TaskB:START
[TRACE] 3284:TaskB:END
[ 3290 ] PTL_MGR released TaskA 
[ 3290 ] PTL_MGR released TaskB 
[TRACE] 3290:TaskA:START
[TRACE] 3292:TaskA:END
[TRACE] 3292:TaskB:START
[TRACE] 3294:TaskB:END
[ 3300 ] PTL_MGR released TaskA 
[ 3300 ] PTL_MGR released TaskB 
[TRACE] 3300:TaskA:START
[TRACE] 3302:TaskA:END
[TRACE] 3302:TaskB:START
[TRACE] 3304:TaskB:END
[ 3310 ] PTL_MGR released TaskA 
[ 3310 ] PTL_MGR released TaskB 
[TRACE] 3310:TaskA:START
[TRACE] 3312:TaskA:END
[TRACE] 3312:TaskB:START
[TRACE] 3314:TaskB:END
[ 3320 ] PTL_MGR released TaskA 
[ 3320 ] PTL_MGR released TaskB 
[TRACE] 3320:TaskA:START
[TRACE] 3322:TaskA:END
[TRACE] 3322:TaskB:START
[TRACE] 3324:TaskB:END
[ 3330 ] PTL_MGR released TaskA 
[ 3330 ] PTL_MGR released TaskB 
[TRACE] 3330:TaskA:START
[TRACE] 3332:TaskA:END
[TRACE] 3332:TaskB:START
[TRACE] 3334:TaskB:END
[ 3340 ] PTL_MGR released TaskA 
[ 3340 ] PTL_MGR released TaskB 
[TRACE] 3340:TaskA:START
[TRACE] 3342:TaskA:END
[TRACE] 3342:TaskB:START
[TRACE] 3344:TaskB:END
[ 3350 ] PTL_MGR released TaskA 
[ 3350 ] PTL_MGR released TaskB 
[TRACE] 3350:TaskA:START
[TRACE] 3352:TaskA:END
[TRACE] 3352:TaskB:START
[TRACE] 3354:TaskB:END
[ 3360 ] PTL_MGR released TaskA 
[ 3360 ] PTL_MGR released TaskB 
[TRACE] 3360:TaskA:START
[TRACE] 3362:TaskA:END
[TRACE] 3362:TaskB:START
[TRACE] 3364:TaskB:END
[ 3370 ] PTL_MGR released TaskA 
[ 3370 ] PTL_MGR released TaskB 
[TRACE] 3370:TaskA:START
[TRACE] 3372:TaskA:END
[TRACE] 3372:TaskB:START
[TRACE] 3374:TaskB:END
[ 3380 ] PTL_MGR released TaskA 
[ 3380 ] PTL_MGR released TaskB 
[TRACE] 3380:TaskA:START
[TRACE] 3382:TaskA:END
[TRACE] 3382:TaskB:START
[TRACE] 3384:TaskB:END
[ 3390 ] PTL_MGR released TaskA 
[ 3390 ] PTL_MGR released TaskB 
[TRACE] 3390:TaskA:START
[TRACE] 3392:TaskA:END
[TRACE] 3392:TaskB:START
[TRACE] 3394:TaskB:END
[ 3400 ] PTL_MGR released TaskA 
[ 3400 ] PTL_MGR released TaskB 
[TRACE] 3400:TaskA:START
[TRACE] 3402:TaskA:END
[TRACE] 3402:TaskB:START
[TRACE] 3404:TaskB:END
[ 3410 ] PTL_MGR released TaskA 
[ 3410 ] PTL_MGR released TaskB 
[TRACE] 3410:TaskA:START
[TRACE] 3412:TaskA:END
[TRACE] 3412:TaskB:START
[TRACE] 3414:TaskB:END
[ 3420 ] PTL_MGR released TaskA 
[ 3420 ] PTL_MGR released TaskB 
[TRACE] 3420:TaskA:START
[TRACE] 3422:TaskA:END
[TRACE] 3422:TaskB:START
[TRACE] 3424:TaskB:END
[ 3430 ] PTL_MGR released TaskA 
[ 3430 ] PTL_MGR released TaskB 
[TRACE] 3430:TaskA:START
[TRACE] 3432:TaskA:END
[TRACE] 3432:TaskB:START
[TRACE] 3434:TaskB:END
[ 3440 ] PTL_MGR released TaskA 
[ 3440 ] PTL_MGR released TaskB 
[TRACE] 3440:TaskA:START
[TRACE] 3442:TaskA:END
[TRACE] 3442:TaskB:START
[TRACE] 3444:TaskB:END
[ 3450 ] PTL_MGR released TaskA 
[ 3450 ] PTL_MGR released TaskB 
[TRACE] 3450:TaskA:START
[TRACE] 3452:TaskA:END
[TRACE] 3452:TaskB:START
[TRACE] 3454:TaskB:END
[ 3460 ] PTL_MGR released TaskA 
[ 3460 ] PTL_MGR released TaskB 
[TRACE] 3460:TaskA:START
[TRACE] 3462:TaskA:END
[TRACE] 3462:TaskB:START
[TRACE] 3464:TaskB:END
[ 3470 ] PTL_MGR released TaskA 
[ 3470 ] PTL_MGR released TaskB 
[TRACE] 3470:TaskA:START
[TRACE] 3472:TaskA:END
[TRACE] 3472:TaskB:START
[TRACE] 3474:TaskB:END
[ 3480 ] PTL_MGR released TaskA 
[ 3480 ] PTL_MGR released TaskB 
[TRACE] 3480:TaskA:START
[TRACE] 3482:TaskA:END
[TRACE] 3482:TaskB:START
[TRACE] 3484:TaskB:END
[ 3490 ] PTL_MGR released TaskA 
[ 3490 ] PTL_MGR released TaskB 
[TRACE] 3490:TaskA:START
[TRACE] 3492:TaskA:END
[TRACE] 3492:TaskB:START
[TRACE] 3494:TaskB:END
[ 3500 ] PTL_MGR released TaskA 
[ 3500 ] PTL_MGR released TaskB 
[TRACE] 3500:TaskA:START
[TRACE] 3502:TaskA:END
[TRACE] 3502:TaskB:START
[TRACE] 3504:TaskB:END
[ 3510 ] PTL_MGR released TaskA 
[ 3510 ] PTL_MGR released TaskB 
[TRACE] 3510:TaskA:START
[TRACE] 3512:TaskA:END
[TRACE] 3512:TaskB:START
[TRACE] 3514:TaskB:END
[ 3520 ] PTL_MGR released TaskA 
[ 3520 ] PTL_MGR released TaskB 
[TRACE] 3520:TaskA:START
[TRACE] 3522:TaskA:END
[TRACE] 3522:TaskB:START
[TRACE] 3524:TaskB:END
[ 3530 ] PTL_MGR released TaskA 
[ 3530 ] PTL_MGR released TaskB 
[TRACE] 3530:TaskA:START
[TRACE] 3532:TaskA:END
[TRACE] 3532:TaskB:START
[TRACE] 3534:TaskB:END
[ 3540 ] PTL_MGR released TaskA 
[ 3540 ] PTL_MGR released TaskB 
[TRACE] 3540:TaskA:START
[TRACE] 3542:TaskA:END
[TRACE] 3542:TaskB:START
[TRACE] 3544:TaskB:END
[ 3550 ] PTL_MGR released TaskA 
[ 3550 ] PTL_MGR released TaskB 
[TRACE] 3550:TaskA:START
[TRACE] 3552:TaskA:END
[TRACE] 3552:TaskB:START
[TRACE] 3554:TaskB:END
[ 3560 ] PTL_MGR released TaskA 
[ 3560 ] PTL_MGR released TaskB 
[TRACE] 3560:TaskA:START
[TRACE] 3562:TaskA:END
[TRACE] 3562:TaskB:START
[TRACE] 3564:TaskB:END
[ 3570 ] PTL_MGR released TaskA 
[ 3570 ] PTL_MGR released TaskB 
[TRACE] 3570:TaskA:START
[TRACE] 3572:TaskA:END
[TRACE] 3572:TaskB:START
[TRACE] 3574:TaskB:END
[ 3580 ] PTL_MGR released TaskA 
[ 3580 ] PTL_MGR released TaskB 
[TRACE] 3580:TaskA:START
[TRACE] 3582:TaskA:END
[TRACE] 3582:TaskB:START
[TRACE] 3584:TaskB:END
[ 3590 ] PTL_MGR released TaskA 
[ 3590 ] PTL_MGR released TaskB 
[TRACE] 3590:TaskA:START
[TRACE] 3592:TaskA:END
[TRACE] 3592:TaskB:START
[TRACE] 3594:TaskB:END
[ 3600 ] PTL_MGR released TaskA 
[ 3600 ] PTL_MGR released TaskB 
[TRACE] 3600:TaskA:START
[TRACE] 3602:TaskA:END
[TRACE] 3602:TaskB:START
[TRACE] 3604:TaskB:END
[ 3610 ] PTL_MGR released TaskA 
[ 3610 ] PTL_MGR released TaskB 
[TRACE] 3610:TaskA:START
[TRACE] 3612:TaskA:END
[TRACE] 3612:TaskB:START
[TRACE] 3614:TaskB:END
[ 3620 ] PTL_MGR released TaskA 
[ 3620 ] PTL_MGR released TaskB 
[TRACE] 3620:TaskA:START
[TRACE] 3622:TaskA:END
[TRACE] 3622:TaskB:START
[TRACE] 3624:TaskB:END
[ 3630 ] PTL_MGR released TaskA 
[ 3630 ] PTL_MGR released TaskB 
[TRACE] 3630:TaskA:START
[TRACE] 3632:TaskA:END
[TRACE] 3632:TaskB:START
[TRACE] 3634:TaskB:END
[ 3640 ] PTL_MGR released TaskA 
[ 3640 ] PTL_MGR released TaskB 
[TRACE] 3640:TaskA:START
[TRACE] 3642:TaskA:END
[TRACE] 3642:TaskB:START
[TRACE] 3644:TaskB:END
[ 3650 ] PTL_MGR released TaskA 
[ 3650 ] PTL_MGR released TaskB 
[TRACE] 3650:TaskA:START
[TRACE] 3652:TaskA:END
[TRACE] 3652:TaskB:START
[TRACE] 3654:TaskB:END
[ 3660 ] PTL_MGR released TaskA 
[ 3660 ] PTL_MGR released TaskB 
[TRACE] 3660:TaskA:START
[TRACE] 3662:TaskA:END
[TRACE] 3662:TaskB:START
[TRACE] 3664:TaskB:END
[ 3670 ] PTL_MGR released TaskA 
[ 3670 ] PTL_MGR released TaskB 
[TRACE] 3670:TaskA:START
[TRACE] 3672:TaskA:END
[TRACE] 3672:TaskB:START
[TRACE] 3674:TaskB:END
[ 3680 ] PTL_MGR released TaskA 
[ 3680 ] PTL_MGR released TaskB 
[TRACE] 3680:TaskA:START
[TRACE] 3682:TaskA:END
[TRACE] 3682:TaskB:START
[TRACE] 3684:TaskB:END
[ 3690 ] PTL_MGR released TaskA 
[ 3690 ] PTL_MGR released TaskB 
[TRACE] 3690:TaskA:START
[TRACE] 3692:TaskA:END
[TRACE] 3692:TaskB:START
[TRACE] 3694:TaskB:END
[ 3700 ] PTL_MGR released TaskA 
[ 3700 ] PTL_MGR released TaskB 
[TRACE] 3700:TaskA:START
[TRACE] 3702:TaskA:END
[TRACE] 3702:TaskB:START
[TRACE] 3704:TaskB:END
[ 3710 ] PTL_MGR released TaskA 
[ 3710 ] PTL_MGR released TaskB 
[TRACE] 3710:TaskA:START
[TRACE] 3712:TaskA:END
[TRACE] 3712:TaskB:START
[TRACE] 3714:TaskB:END
[ 3720 ] PTL_MGR released TaskA 
[ 3720 ] PTL_MGR released TaskB 
[TRACE] 3720:TaskA:START
[TRACE] 3722:TaskA:END
[TRACE] 3722:TaskB:START
[TRACE] 3724:TaskB:END
[ 3730 ] PTL_MGR released TaskA 
[ 3730 ] PTL_MGR released TaskB 
[TRACE] 3730:TaskA:START
[TRACE] 3732:TaskA:END
[TRACE] 3732:TaskB:START
[TRACE] 3734:TaskB:END
[ 3740 ] PTL_MGR released TaskA 
[ 3740 ] PTL_MGR released TaskB 
[TRACE] 3740:TaskA:START
[TRACE] 3742:TaskA:END
[TRACE] 3742:TaskB:START
[TRACE] 3744:TaskB:END
[ 3750 ] PTL_MGR released TaskA 
[ 3750 ] PTL_MGR released TaskB 
[TRACE] 3750:TaskA:START
[TRACE] 3752:TaskA:END
[TRACE] 3752:TaskB:START
[TRACE] 3754:TaskB:END
[ 3760 ] PTL_MGR released TaskA 
[ 3760 ] PTL_MGR released TaskB 
[TRACE] 3760:TaskA:START
[TRACE] 3762:TaskA:END
[TRACE] 3762:TaskB:START
[TRACE] 3764:TaskB:END
[ 3770 ] PTL_MGR released TaskA 
[ 3770 ] PTL_MGR released TaskB 
[TRACE] 3770:TaskA:START
[TRACE] 3772:TaskA:END
[TRACE] 3772:TaskB:START
[TRACE] 3774:TaskB:END
[ 3780 ] PTL_MGR released TaskA 
[ 3780 ] PTL_MGR released TaskB 
[TRACE] 3780:TaskA:START
[TRACE] 3782:TaskA:END
[TRACE] 3782:TaskB:START
[TRACE] 3784:TaskB:END
[ 3790 ] PTL_MGR released TaskA 
[ 3790 ] PTL_MGR released TaskB 
[TRACE] 3790:TaskA:START
[TRACE] 3792:TaskA:END
[TRACE] 3792:TaskB:START
[TRACE] 3794:TaskB:END
[ 3800 ] PTL_MGR released TaskA 
[ 3800 ] PTL_MGR released TaskB 
[TRACE] 3800:TaskA:START
[TRACE] 3802:TaskA:END
[TRACE] 3802:TaskB:START
[TRACE] 3804:TaskB:END
[ 3810 ] PTL_MGR released TaskA 
[ 3810 ] PTL_MGR released TaskB 
[TRACE] 3810:TaskA:START
[TRACE] 3812:TaskA:END
[TRACE] 3812:TaskB:START
[TRACE] 3814:TaskB:END
[ 3820 ] PTL_MGR released TaskA 
[ 3820 ] PTL_MGR released TaskB 
[TRACE] 3820:TaskA:START
[TRACE] 3822:TaskA:END
[TRACE] 3822:TaskB:START
[TRACE] 3824:TaskB:END
[ 3830 ] PTL_MGR released TaskA 
[ 3830 ] PTL_MGR released TaskB 
[TRACE] 3830:TaskA:START
[TRACE] 3832:TaskA:END
[TRACE] 3832:TaskB:START
[TRACE] 3834:TaskB:END
[ 3840 ] PTL_MGR released TaskA 
[ 3840 ] PTL_MGR released TaskB 
[TRACE] 3840:TaskA:START
[TRACE] 3842:TaskA:END
[TRACE] 3842:TaskB:START
[TRACE] 3844:TaskB:END
[ 3850 ] PTL_MGR released TaskA 
[ 3850 ] PTL_MGR released TaskB 
[TRACE] 3850:TaskA:START
[TRACE] 3852:TaskA:END
[TRACE] 3852:TaskB:START
[TRACE] 3854:TaskB:END
[ 3860 ] PTL_MGR released TaskA 
[ 3860 ] PTL_MGR released TaskB 
[TRACE] 3860:TaskA:START
[TRACE] 3862:TaskA:END
[TRACE] 3862:TaskB:START
[TRACE] 3864:TaskB:END
[ 3870 ] PTL_MGR released TaskA 
[ 3870 ] PTL_MGR released TaskB 
[TRACE] 3870:TaskA:START
[TRACE] 3872:TaskA:END
[TRACE] 3872:TaskB:START
[TRACE] 3874:TaskB:END
[ 3880 ] PTL_MGR released TaskA 
[ 3880 ] PTL_MGR released TaskB 
[TRACE] 3880:TaskA:START
[TRACE] 3882:TaskA:END
[TRACE] 3882:TaskB:START
[TRACE] 3884:TaskB:END
[ 3890 ] PTL_MGR released TaskA 
[ 3890 ] PTL_MGR released TaskB 
[TRACE] 3890:TaskA:START
[TRACE] 3892:TaskA:END
[TRACE] 3892:TaskB:START
[TRACE] 3894:TaskB:END
[ 3900 ] PTL_MGR released TaskA 
[ 3900 ] PTL_MGR released TaskB 
[TRACE] 3900:TaskA:START
[TRACE] 3902:TaskA:END
[TRACE] 3902:TaskB:START
[TRACE] 3904:TaskB:END
[ 3910 ] PTL_MGR released TaskA 
[ 3910 ] PTL_MGR released TaskB 
[TRACE] 3910:TaskA:START
[TRACE] 3912:TaskA:END
[TRACE] 3912:TaskB:START
[TRACE] 3914:TaskB:END
[ 3920 ] PTL_MGR released TaskA 
[ 3920 ] PTL_MGR released TaskB 
[TRACE] 3920:TaskA:START
[TRACE] 3922:TaskA:END
[TRACE] 3922:TaskB:START
[TRACE] 3924:TaskB:END
[ 3930 ] PTL_MGR released TaskA 
[ 3930 ] PTL_MGR released TaskB 
[TRACE] 3930:TaskA:START
[TRACE] 3932:TaskA:END
[TRACE] 3932:TaskB:START
[TRACE] 3934:TaskB:END
[ 3940 ] PTL_MGR released TaskA 
[ 3940 ] PTL_MGR released TaskB 
[TRACE] 3940:TaskA:START
[TRACE] 3942:TaskA:END
[TRACE] 3942:TaskB:START
[TRACE] 3944:TaskB:END
[ 3950 ] PTL_MGR released TaskA 
[ 3950 ] PTL_MGR released TaskB 
[TRACE] 3950:TaskA:START
[TRACE] 3952:TaskA:END
[TRACE] 3952:TaskB:START
[TRACE] 3954:TaskB:END
[ 3960 ] PTL_MGR released TaskA 
[ 3960 ] PTL_MGR released TaskB 
[TRACE] 3960:TaskA:START
[TRACE] 3962:TaskA:END
[TRACE] 3962:TaskB:START
[TRACE] 3964:TaskB:END
[ 3970 ] PTL_MGR released TaskA 
[ 3970 ] PTL_MGR released TaskB 
[TRACE] 3970:TaskA:START
[TRACE] 3972:TaskA:END
[TRACE] 3972:TaskB:START
[TRACE] 3974:TaskB:END
qemu-system-arm: terminating on signal 15 from pid 21352 (/bin/bash)
